Archive member included to satisfy reference by file (symbol)

/usr/lib/gcc/arm-none-eabi/10.3.1/../../../arm-none-eabi/lib/thumb/v7e-m+fp/hard/libc_nano.a(lib_a-memmove.o)
                              ./RTD/src/Siul2_Port_Ip.o (memmove)
/usr/lib/gcc/arm-none-eabi/10.3.1/../../../arm-none-eabi/lib/thumb/v7e-m+fp/hard/libc_nano.a(lib_a-memset.o)
                              ./Project_Settings/Startup_Code/startup.o (memset)

Discarded input sections

 .group         0x0000000000000000        0xc ./Project_Settings/Startup_Code/exceptions.o
 .group         0x0000000000000000        0xc ./Project_Settings/Startup_Code/exceptions.o
 .group         0x0000000000000000        0xc ./Project_Settings/Startup_Code/exceptions.o
 .group         0x0000000000000000        0xc ./Project_Settings/Startup_Code/exceptions.o
 .group         0x0000000000000000        0xc ./Project_Settings/Startup_Code/exceptions.o
 .group         0x0000000000000000        0xc ./Project_Settings/Startup_Code/exceptions.o
 .group         0x0000000000000000        0xc ./Project_Settings/Startup_Code/exceptions.o
 .group         0x0000000000000000        0xc ./Project_Settings/Startup_Code/exceptions.o
 .group         0x0000000000000000        0xc ./Project_Settings/Startup_Code/exceptions.o
 .group         0x0000000000000000        0xc ./Project_Settings/Startup_Code/exceptions.o
 .group         0x0000000000000000        0xc ./Project_Settings/Startup_Code/exceptions.o
 .group         0x0000000000000000        0xc ./Project_Settings/Startup_Code/exceptions.o
 .group         0x0000000000000000        0xc ./Project_Settings/Startup_Code/exceptions.o
 .group         0x0000000000000000        0xc ./Project_Settings/Startup_Code/exceptions.o
 .group         0x0000000000000000        0xc ./Project_Settings/Startup_Code/exceptions.o
 .group         0x0000000000000000        0xc ./Project_Settings/Startup_Code/exceptions.o
 .group         0x0000000000000000        0xc ./Project_Settings/Startup_Code/exceptions.o
 .group         0x0000000000000000        0xc ./Project_Settings/Startup_Code/exceptions.o
 .group         0x0000000000000000        0xc ./Project_Settings/Startup_Code/exceptions.o
 .group         0x0000000000000000        0xc ./Project_Settings/Startup_Code/exceptions.o
 .group         0x0000000000000000        0xc ./Project_Settings/Startup_Code/exceptions.o
 .group         0x0000000000000000        0xc ./Project_Settings/Startup_Code/nvic.o
 .group         0x0000000000000000        0xc ./Project_Settings/Startup_Code/nvic.o
 .group         0x0000000000000000        0xc ./Project_Settings/Startup_Code/nvic.o
 .group         0x0000000000000000        0xc ./Project_Settings/Startup_Code/nvic.o
 .group         0x0000000000000000        0xc ./Project_Settings/Startup_Code/nvic.o
 .group         0x0000000000000000        0xc ./Project_Settings/Startup_Code/nvic.o
 .group         0x0000000000000000        0xc ./Project_Settings/Startup_Code/nvic.o
 .group         0x0000000000000000        0xc ./Project_Settings/Startup_Code/nvic.o
 .group         0x0000000000000000        0xc ./Project_Settings/Startup_Code/nvic.o
 .group         0x0000000000000000        0xc ./Project_Settings/Startup_Code/nvic.o
 .group         0x0000000000000000        0xc ./Project_Settings/Startup_Code/nvic.o
 .group         0x0000000000000000        0xc ./Project_Settings/Startup_Code/nvic.o
 .group         0x0000000000000000        0xc ./Project_Settings/Startup_Code/nvic.o
 .group         0x0000000000000000        0xc ./Project_Settings/Startup_Code/nvic.o
 .group         0x0000000000000000        0xc ./Project_Settings/Startup_Code/nvic.o
 .group         0x0000000000000000        0xc ./Project_Settings/Startup_Code/nvic.o
 .group         0x0000000000000000        0xc ./Project_Settings/Startup_Code/nvic.o
 .group         0x0000000000000000        0xc ./Project_Settings/Startup_Code/nvic.o
 .group         0x0000000000000000        0xc ./Project_Settings/Startup_Code/nvic.o
 .group         0x0000000000000000        0xc ./Project_Settings/Startup_Code/nvic.o
 .group         0x0000000000000000        0xc ./Project_Settings/Startup_Code/nvic.o
 .group         0x0000000000000000        0xc ./Project_Settings/Startup_Code/nvic.o
 .group         0x0000000000000000        0xc ./Project_Settings/Startup_Code/nvic.o
 .group         0x0000000000000000        0xc ./Project_Settings/Startup_Code/nvic.o
 .group         0x0000000000000000        0xc ./Project_Settings/Startup_Code/nvic.o
 .group         0x0000000000000000        0xc ./Project_Settings/Startup_Code/nvic.o
 .group         0x0000000000000000        0xc ./Project_Settings/Startup_Code/nvic.o
 .group         0x0000000000000000        0xc ./Project_Settings/Startup_Code/nvic.o
 .group         0x0000000000000000        0xc ./Project_Settings/Startup_Code/nvic.o
 .group         0x0000000000000000        0xc ./Project_Settings/Startup_Code/nvic.o
[...]
Memory Configuration

Name             Origin             Length             Attributes
int_flash_c0     0x0000000000400000 0x0000000000100000
int_flash_c1     0x0000000000500000 0x00000000000d4000
int_itcm         0x0000000000000000 0x0000000000008000
int_dtcm         0x0000000020000000 0x000000000000f000
int_stack_dtcm   0x000000002000f000 0x0000000000001000
int_sram_c0      0x0000000020400000 0x0000000000003f00
int_sram_fls_rsv_c0 0x0000000020403f00 0x0000000000000100
int_sram_no_cacheable_c0 0x0000000020404000 0x0000000000002000
ram_end_c0       0x0000000020406000 0x0000000000000000
int_sram_c1      0x0000000020406000 0x0000000000001f00
int_sram_fls_rsv_c1 0x0000000020407f00 0x0000000000000100
int_sram_no_cacheable_c1 0x0000000020408000 0x0000000000004000
ram_end_c1       0x000000002040c000 0x0000000000000000
int_sram_shareable 0x000000002040c000 0x0000000000004000
ram_rsvd2        0x0000000020410000 0x0000000000000000
*default*        0x0000000000000000 0xffffffffffffffff

Linker script and memory map

LOAD ./Project_Settings/Startup_Code/Vector_Table.o
LOAD ./Project_Settings/Startup_Code/exceptions.o
LOAD ./Project_Settings/Startup_Code/nvic.o
LOAD ./Project_Settings/Startup_Code/startup.o
LOAD ./Project_Settings/Startup_Code/startup_cm7.o
LOAD ./Project_Settings/Startup_Code/system.o
LOAD ./RTD/src/Clock_Ip.o
LOAD ./RTD/src/Clock_Ip_Data.o
LOAD ./RTD/src/Clock_Ip_Divider.o
LOAD ./RTD/src/Clock_Ip_DividerTrigger.o
LOAD ./RTD/src/Clock_Ip_ExtOsc.o
LOAD ./RTD/src/Clock_Ip_FracDiv.o
LOAD ./RTD/src/Clock_Ip_Frequency.o
LOAD ./RTD/src/Clock_Ip_Gate.o
LOAD ./RTD/src/Clock_Ip_IntOsc.o
LOAD ./RTD/src/Clock_Ip_Irq.o
LOAD ./RTD/src/Clock_Ip_Monitor.o
LOAD ./RTD/src/Clock_Ip_Pll.o
LOAD ./RTD/src/Clock_Ip_ProgFreqSwitch.o
LOAD ./RTD/src/Clock_Ip_Selector.o
LOAD ./RTD/src/Clock_Ip_Specific.o
LOAD ./RTD/src/Igf_Port_Ip.o
LOAD ./RTD/src/OsIf_Timer.o
LOAD ./RTD/src/OsIf_Timer_System.o
LOAD ./RTD/src/SchM_Mcu.o
LOAD ./RTD/src/SchM_Port.o
LOAD ./RTD/src/Siul2_Port_Ip.o
LOAD ./RTD/src/Tspc_Port_Ip.o
LOAD ./board/Siul2_Port_Ip_Cfg.o
LOAD ./board/Tspc_Port_Ip_Cfg.o
LOAD ./generate/src/Clock_Ip_Cfg.o
LOAD ./generate/src/Igf_Port_Ip_Cfg.o
LOAD ./generate/src/OsIf_Cfg.o
LOAD ./src/main.o
LOAD /usr/lib/gcc/arm-none-eabi/10.3.1/../../../arm-none-eabi/lib/thumb/v7e-m+fp/hard/libc_nano.a
LOAD /usr/lib/gcc/arm-none-eabi/10.3.1/../../../arm-none-eabi/lib/thumb/v7e-m+fp/hard/libm.a
LOAD /usr/lib/gcc/arm-none-eabi/10.3.1/thumb/v7e-m+fp/hard/libgcc.a
START GROUP
LOAD /usr/lib/gcc/arm-none-eabi/10.3.1/thumb/v7e-m+fp/hard/libgcc.a
LOAD /usr/lib/gcc/arm-none-eabi/10.3.1/../../../arm-none-eabi/lib/thumb/v7e-m+fp/hard/libg_nano.a
LOAD /usr/lib/gcc/arm-none-eabi/10.3.1/../../../arm-none-eabi/lib/thumb/v7e-m+fp/hard/libc_nano.a
END GROUP
START GROUP
LOAD /usr/lib/gcc/arm-none-eabi/10.3.1/thumb/v7e-m+fp/hard/libgcc.a
LOAD /usr/lib/gcc/arm-none-eabi/10.3.1/../../../arm-none-eabi/lib/thumb/v7e-m+fp/hard/libc_nano.a
LOAD /usr/lib/gcc/arm-none-eabi/10.3.1/../../../arm-none-eabi/lib/thumb/v7e-m+fp/hard/libnosys.a
END GROUP
START GROUP
LOAD /usr/lib/gcc/arm-none-eabi/10.3.1/thumb/v7e-m+fp/hard/libgcc.a
LOAD /usr/lib/gcc/arm-none-eabi/10.3.1/../../../arm-none-eabi/lib/thumb/v7e-m+fp/hard/libc_nano.a
LOAD /usr/lib/gcc/arm-none-eabi/10.3.1/../../../arm-none-eabi/lib/thumb/v7e-m+fp/hard/libnosys.a
END GROUP
                0x0000000000001000                HEAP_SIZE = DEFINED (__heap_size__)?__heap_size__:0x1000

.flash          0x0000000000400000     0x5678
 *(.boot_header)
 .boot_header   0x0000000000400000       0x30 ./Project_Settings/Startup_Code/startup_cm7.o
                0x0000000000400800                . = ALIGN (0x800)
 *fill*         0x0000000000400030      0x7d0 
                0x0000000000400800                __text_start = .
                0x0000000000400800                __interrupts_init_start = .
 *(.intc_vector)
 .intc_vector   0x0000000000400800      0x408 ./Project_Settings/Startup_Code/Vector_Table.o
                0x0000000000400800                VTABLE
                0x0000000000400c08                . = ALIGN (0x4)
                0x0000000000400c08                __interrupts_init_end = .
 *(.core_loop)
 .core_loop     0x0000000000400c08        0xc ./Project_Settings/Startup_Code/startup_cm7.o
                0x0000000000400c08                _core_loop
                0x0000000000400c14                . = ALIGN (0x4)
 *(.startup)
 *fill*         0x0000000000400c14        0xc 
 .startup       0x0000000000400c20      0x1cc ./Project_Settings/Startup_Code/startup_cm7.o
                0x0000000000400c20                Reset_Handler
                0x0000000000400c20                _start
                0x0000000000400d7a                MCAL_LTB_TRACE_OFF
                0x0000000000400d7c                _end_of_eunit_test
                0x0000000000400dec                . = ALIGN (0x4)
 *(.text.startup)
 .text.startup  0x0000000000400dec       0x10 ./src/main.o
                0x0000000000400dec                main
                0x0000000000400dfc                . = ALIGN (0x4)
 *(.text)
 .text          0x0000000000400dfc        0x0 ./Project_Settings/Startup_Code/Vector_Table.o
 .text          0x0000000000400dfc       0x14 ./Project_Settings/Startup_Code/exceptions.o
                0x0000000000400dfc                NMI_Handler
                0x0000000000400dfe                HardFault_Handler
                0x0000000000400e00                MemManage_Handler
                0x0000000000400e02                BusFault_Handler
                0x0000000000400e04                UsageFault_Handler
                0x0000000000400e06                SVC_Handler
                0x0000000000400e08                DebugMon_Handler
                0x0000000000400e0a                PendSV_Handler
                0x0000000000400e0c                SysTick_Handler
                0x0000000000400e0e                undefined_handler
 .text          0x0000000000400e10       0x52 ./Project_Settings/Startup_Code/nvic.o
                0x0000000000400e10                NVIC_SetPriorityGrouping
                0x0000000000400e24                NVIC_EnableIRQ
                0x0000000000400e3c                NVIC_DisableIRQ
                0x0000000000400e54                NVIC_SetPriority
 *fill*         0x0000000000400e62        0x2 
 .text          0x0000000000400e64       0xe8 ./Project_Settings/Startup_Code/startup.o
                0x0000000000400e64                init_data_bss
                0x0000000000400ef0                init_data_bss_core2
 .text          0x0000000000400f4c        0x0 ./Project_Settings/Startup_Code/startup_cm7.o
 .text          0x0000000000400f4c      0x2fc ./Project_Settings/Startup_Code/system.o
                0x0000000000400f4c                startup_go_to_user_mode
                0x0000000000400f4e                default_interrupt_routine
                0x0000000000400f50                Sys_GetCoreID
                0x0000000000400f60                SystemInit
 .text          0x0000000000401248      0x8a4 ./RTD/src/Clock_Ip.o
                0x000000000040124a                Clock_Ip_InitClock
                0x000000000040180c                Clock_Ip_GetPllStatus
                0x00000000004018b4                Clock_Ip_DistributePll
                0x000000000040199c                Clock_Ip_Init
                0x00000000004019c4                Clock_Ip_DisableClockMonitor
                0x00000000004019e8                Clock_Ip_InstallNotificationsCallback
                0x00000000004019f4                Clock_Ip_DisableModuleClock
                0x0000000000401a1c                Clock_Ip_EnableModuleClock
                0x0000000000401a44                Clock_Ip_DisableFircInStandby
                0x0000000000401a5c                Clock_Ip_EnableFircInStandby
                0x0000000000401a74                Clock_Ip_DisableSircInStandby
                0x0000000000401a8c                Clock_Ip_EnableSircInStandby
                0x0000000000401aa4                Clock_Ip_ReportClockErrors
                0x0000000000401ab0                Clock_Ip_StartTimeout
                0x0000000000401ad0                Clock_Ip_TimeoutExpired
 .text          0x0000000000401aec        0x0 ./RTD/src/Clock_Ip_Data.o
 .text          0x0000000000401aec      0x120 ./RTD/src/Clock_Ip_Divider.o
 .text          0x0000000000401c0c       0x9c ./RTD/src/Clock_Ip_DividerTrigger.o
 .text          0x0000000000401ca8      0x1c4 ./RTD/src/Clock_Ip_ExtOsc.o
 .text          0x0000000000401e6c        0x6 ./RTD/src/Clock_Ip_FracDiv.o
 .text          0x0000000000401e72        0x2 ./RTD/src/Clock_Ip_Frequency.o
                0x0000000000401e72                Clock_Ip_SetExternalSignalFrequency
 .text          0x0000000000401e74      0x128 ./RTD/src/Clock_Ip_Gate.o
 .text          0x0000000000401f9c      0x104 ./RTD/src/Clock_Ip_IntOsc.o
 .text          0x00000000004020a0        0x4 ./RTD/src/Clock_Ip_Irq.o
                0x00000000004020a0                Mcu_Cmu_ClockFail_IRQHandler
 .text          0x00000000004020a4      0x204 ./RTD/src/Clock_Ip_Monitor.o
                0x0000000000402250                Clock_Ip_CMU_GetInterruptStatus
                0x0000000000402264                Clock_Ip_CMU_ClockFailInt
 .text          0x00000000004022a8      0x17c ./RTD/src/Clock_Ip_Pll.o
 .text          0x0000000000402424      0x154 ./RTD/src/Clock_Ip_ProgFreqSwitch.o
 .text          0x0000000000402578      0x3dc ./RTD/src/Clock_Ip_Selector.o
                0x0000000000402928                Clock_Ip_SetRtcRtccClksel_TrustedCall
 .text          0x0000000000402954      0x388 ./RTD/src/Clock_Ip_Specific.o
                0x00000000004029e4                Clock_Ip_McMeEnterKey
                0x00000000004029f8                Clock_Ip_PowerClockIpModules
                0x0000000000402bf8                DisableFircInStandbyMode
                0x0000000000402c08                EnableFircInStandbyMode
                0x0000000000402c24                DisableSircInStandbyMode
                0x0000000000402c34                EnableSircInStandbyMode
                0x0000000000402c50                Clock_Ip_Command
                0x0000000000402c94                Clock_Ip_FLASH_SetFlashIWS
                0x0000000000402c96                Clock_Ip_SetFlashWaitStates
                0x0000000000402c9a                Clock_Ip_PRAMCSetRamIWS
                0x0000000000402cd8                Clock_Ip_SetRamWaitStates
 .text          0x0000000000402cdc        0x0 ./RTD/src/Igf_Port_Ip.o
 .text          0x0000000000402cdc       0x1e ./RTD/src/OsIf_Timer.o
                0x0000000000402cdc                OsIf_Init
                0x0000000000402ce4                OsIf_GetCounter
                0x0000000000402ce8                OsIf_GetElapsed
                0x0000000000402cf0                OsIf_SetTimerFrequency
                0x0000000000402cf2                OsIf_MicrosToTicks
 .text          0x0000000000402cfa        0x0 ./RTD/src/OsIf_Timer_System.o
 *fill*         0x0000000000402cfa        0x2 
 .text          0x0000000000402cfc      0x108 ./RTD/src/SchM_Mcu.o
                0x0000000000402cfc                Mcu_schm_read_msr
                0x0000000000402d02                SchM_Enter_Mcu_MCU_EXCLUSIVE_AREA_00
                0x0000000000402d30                SchM_Exit_Mcu_MCU_EXCLUSIVE_AREA_00
                0x0000000000402d5c                SchM_Enter_Mcu_MCU_EXCLUSIVE_AREA_01
                0x0000000000402d8c                SchM_Exit_Mcu_MCU_EXCLUSIVE_AREA_01
                0x0000000000402db0                SchM_Enter_Mcu_MCU_EXCLUSIVE_AREA_02
                0x0000000000402de0                SchM_Exit_Mcu_MCU_EXCLUSIVE_AREA_02
 .text          0x0000000000402e04      0xabc ./RTD/src/SchM_Port.o
                0x0000000000402e04                Port_schm_read_msr
                0x0000000000402e0a                SchM_Enter_Port_PORT_EXCLUSIVE_AREA_00
                0x0000000000402e38                SchM_Exit_Port_PORT_EXCLUSIVE_AREA_00
                0x0000000000402e64                SchM_Enter_Port_PORT_EXCLUSIVE_AREA_01
                0x0000000000402e94                SchM_Exit_Port_PORT_EXCLUSIVE_AREA_01
                0x0000000000402eb8                SchM_Enter_Port_PORT_EXCLUSIVE_AREA_02
                0x0000000000402ee8                SchM_Exit_Port_PORT_EXCLUSIVE_AREA_02
                0x0000000000402f0c                SchM_Enter_Port_PORT_EXCLUSIVE_AREA_03
                0x0000000000402f3c                SchM_Exit_Port_PORT_EXCLUSIVE_AREA_03
                0x0000000000402f60                SchM_Enter_Port_PORT_EXCLUSIVE_AREA_04
                0x0000000000402f98                SchM_Exit_Port_PORT_EXCLUSIVE_AREA_04
                0x0000000000402fc4                SchM_Enter_Port_PORT_EXCLUSIVE_AREA_05
                0x0000000000402ffc                SchM_Exit_Port_PORT_EXCLUSIVE_AREA_05
                0x0000000000403028                SchM_Enter_Port_PORT_EXCLUSIVE_AREA_06
                0x0000000000403060                SchM_Exit_Port_PORT_EXCLUSIVE_AREA_06
                0x000000000040308c                SchM_Enter_Port_PORT_EXCLUSIVE_AREA_07
                0x00000000004030c4                SchM_Exit_Port_PORT_EXCLUSIVE_AREA_07
                0x00000000004030f0                SchM_Enter_Port_PORT_EXCLUSIVE_AREA_08
                0x0000000000403128                SchM_Exit_Port_PORT_EXCLUSIVE_AREA_08
                0x0000000000403154                SchM_Enter_Port_PORT_EXCLUSIVE_AREA_09
                0x000000000040318c                SchM_Exit_Port_PORT_EXCLUSIVE_AREA_09
                0x00000000004031b8                SchM_Enter_Port_PORT_EXCLUSIVE_AREA_10
                0x00000000004031f0                SchM_Exit_Port_PORT_EXCLUSIVE_AREA_10
                0x000000000040321c                SchM_Enter_Port_PORT_EXCLUSIVE_AREA_11
                0x0000000000403254                SchM_Exit_Port_PORT_EXCLUSIVE_AREA_11
                0x0000000000403280                SchM_Enter_Port_PORT_EXCLUSIVE_AREA_12
                0x00000000004032b8                SchM_Exit_Port_PORT_EXCLUSIVE_AREA_12
                0x00000000004032e4                SchM_Enter_Port_PORT_EXCLUSIVE_AREA_13
                0x000000000040331c                SchM_Exit_Port_PORT_EXCLUSIVE_AREA_13
                0x0000000000403348                SchM_Enter_Port_PORT_EXCLUSIVE_AREA_14
                0x0000000000403380                SchM_Exit_Port_PORT_EXCLUSIVE_AREA_14
                0x00000000004033ac                SchM_Enter_Port_PORT_EXCLUSIVE_AREA_15
                0x00000000004033e4                SchM_Exit_Port_PORT_EXCLUSIVE_AREA_15
                0x0000000000403410                SchM_Enter_Port_PORT_EXCLUSIVE_AREA_16
                0x0000000000403448                SchM_Exit_Port_PORT_EXCLUSIVE_AREA_16
                0x0000000000403474                SchM_Enter_Port_PORT_EXCLUSIVE_AREA_17
                0x00000000004034ac                SchM_Exit_Port_PORT_EXCLUSIVE_AREA_17
                0x00000000004034d8                SchM_Enter_Port_PORT_EXCLUSIVE_AREA_18
                0x0000000000403510                SchM_Exit_Port_PORT_EXCLUSIVE_AREA_18
                0x000000000040353c                SchM_Enter_Port_PORT_EXCLUSIVE_AREA_19
                0x0000000000403574                SchM_Exit_Port_PORT_EXCLUSIVE_AREA_19
                0x00000000004035a0                SchM_Enter_Port_PORT_EXCLUSIVE_AREA_20
                0x00000000004035d8                SchM_Exit_Port_PORT_EXCLUSIVE_AREA_20
                0x0000000000403604                SchM_Enter_Port_PORT_EXCLUSIVE_AREA_21
                0x000000000040363c                SchM_Exit_Port_PORT_EXCLUSIVE_AREA_21
                0x0000000000403668                SchM_Enter_Port_PORT_EXCLUSIVE_AREA_22
                0x00000000004036a0                SchM_Exit_Port_PORT_EXCLUSIVE_AREA_22
                0x00000000004036cc                SchM_Enter_Port_PORT_EXCLUSIVE_AREA_23
                0x0000000000403704                SchM_Exit_Port_PORT_EXCLUSIVE_AREA_23
                0x0000000000403730                SchM_Enter_Port_PORT_EXCLUSIVE_AREA_24
                0x0000000000403768                SchM_Exit_Port_PORT_EXCLUSIVE_AREA_24
                0x0000000000403794                SchM_Enter_Port_PORT_EXCLUSIVE_AREA_25
                0x00000000004037cc                SchM_Exit_Port_PORT_EXCLUSIVE_AREA_25
                0x00000000004037f8                SchM_Enter_Port_PORT_EXCLUSIVE_AREA_26
                0x0000000000403830                SchM_Exit_Port_PORT_EXCLUSIVE_AREA_26
                0x000000000040385c                SchM_Enter_Port_PORT_EXCLUSIVE_AREA_27
                0x0000000000403894                SchM_Exit_Port_PORT_EXCLUSIVE_AREA_27
 .text          0x00000000004038c0      0x458 ./RTD/src/Siul2_Port_Ip.o
                0x0000000000403a28                Siul2_Port_Ip_Init
                0x0000000000403a50                Siul2_Port_Ip_SetPullSel
                0x0000000000403aac                Siul2_Port_Ip_SetOutputBuffer
                0x0000000000403b12                Siul2_Port_Ip_SetInputBuffer
                0x0000000000403b82                Siul2_Port_Ip_SetPinDirection
                0x0000000000403bfa                Siul2_Port_Ip_RevertPinConfiguration
                0x0000000000403c54                Siul2_Port_Ip_GetPinConfiguration
 .text          0x0000000000403d18       0xd0 ./RTD/src/Tspc_Port_Ip.o
                0x0000000000403d18                Tspc_Port_Ip_EnableObeGroup
                0x0000000000403d48                Tspc_Port_Ip_ConfigureObeGroup
 .text          0x0000000000403de8        0x0 ./board/Siul2_Port_Ip_Cfg.o
 .text          0x0000000000403de8        0x0 ./board/Tspc_Port_Ip_Cfg.o
 .text          0x0000000000403de8        0x0 ./generate/src/Clock_Ip_Cfg.o
 .text          0x0000000000403de8        0x0 ./generate/src/Igf_Port_Ip_Cfg.o
 .text          0x0000000000403de8        0x0 ./generate/src/OsIf_Cfg.o
 .text          0x0000000000403de8        0x0 ./src/main.o
 .text          0x0000000000403de8       0xf8 /usr/lib/gcc/arm-none-eabi/10.3.1/../../../arm-none-eabi/lib/thumb/v7e-m+fp/hard/libc_nano.a(lib_a-memmove.o)
                0x0000000000403de8                memmove
 .text          0x0000000000403ee0       0xa4 /usr/lib/gcc/arm-none-eabi/10.3.1/../../../arm-none-eabi/lib/thumb/v7e-m+fp/hard/libc_nano.a(lib_a-memset.o)
                0x0000000000403ee0                memset
 *(.text*)
                0x0000000000403f84                . = ALIGN (0x4)
 *(.mcal_text)
                0x0000000000403f84                . = ALIGN (0x4)
 *(.acmcu_code_rom)
                0x0000000000403f84                . = ALIGN (0x4)
                0x0000000000403f84                __acfls_code_rom_start = .
 *(.acfls_code_rom)
                0x0000000000403f84                . = ALIGN (0x4)
                0x0000000000403f84                __acfls_code_rom_end = .
 *(.init)
                0x0000000000403f84                . = ALIGN (0x4)
 *(.fini)
                0x0000000000403f84                . = ALIGN (0x4)
 *(.rodata)
 .rodata        0x0000000000403f84     0x101c ./RTD/src/Clock_Ip_Data.o
                0x0000000000403f84                Clock_Ip_axGateInfo
                0x000000000040465c                Clock_Ip_axFeatureExtensions
                0x000000000040487c                Clock_Ip_aeHwDfsName
                0x0000000000404880                Clock_Ip_aeHwPllName
                0x0000000000404884                Clock_Ip_aeSourceTypeClockName
                0x00000000004048dc                Clock_Ip_apxMcMeTriggerPartitions
                0x00000000004048ec                Clock_Ip_apxMcMeGetPartitions
                0x00000000004048fc                Clock_Ip_apxMcMeSetPartitions
                0x000000000040490c                Clock_Ip_axCmuInfo
                0x000000000040497c                Clock_Ip_aeCmuNames
                0x0000000000404998                Clock_Ip_apxCmu
                0x00000000004049b4                Clock_Ip_apxPll
                0x00000000004049c4                Clock_Ip_apxXosc
                0x00000000004049cc                Clock_Ip_apxCgmPcfs
                0x00000000004049d0                Clock_Ip_apxCgm
                0x0000000000404a20                Clock_Ip_au16SelectorEntryRtcHardwareValue
                0x0000000000404a4c                Clock_Ip_au16SelectorEntryHardwareValue
                0x0000000000404a78                Clock_Ip_au8SoftwareMuxResetValue
                0x0000000000404af3                Clock_Ip_au8ClockFeatures
                0x0000000000404f46                Clock_Ip_au8CmuCallbackIndex
                0x0000000000404f4f                Clock_Ip_au8PcfsCallbackIndex
                0x0000000000404f58                Clock_Ip_au8SelectorCallbackIndex
                0x0000000000404f61                Clock_Ip_au8PllCallbackIndex
                0x0000000000404f6a                Clock_Ip_au8FractionalDividerCallbackIndex
                0x0000000000404f73                Clock_Ip_au8GateCallbackIndex
                0x0000000000404f7c                Clock_Ip_au8IrcoscCallbackIndex
                0x0000000000404f85                Clock_Ip_au8XoscCallbackIndex
                0x0000000000404f8e                Clock_Ip_au8DividerTriggerCallbackIndex
                0x0000000000404f97                Clock_Ip_au8DividerCallbackIndex
 .rodata        0x0000000000404fa0       0x10 ./RTD/src/Clock_Ip_Divider.o
                0x0000000000404fa0                Clock_Ip_axDividerCallbacks
 .rodata        0x0000000000404fb0       0x10 ./RTD/src/Clock_Ip_DividerTrigger.o
                0x0000000000404fb0                Clock_Ip_axDividerTriggerCallbacks
 .rodata        0x0000000000404fc0       0x3c ./RTD/src/Clock_Ip_ExtOsc.o
                0x0000000000404fc0                Clock_Ip_axExtOscCallbacks
 .rodata        0x0000000000404ffc        0xc ./RTD/src/Clock_Ip_FracDiv.o
                0x0000000000404ffc                Clock_Ip_axFracDivCallbacks
 .rodata        0x0000000000405008       0x10 ./RTD/src/Clock_Ip_Gate.o
                0x0000000000405008                Clock_Ip_axGateCallbacks
 .rodata        0x0000000000405018       0x34 ./RTD/src/Clock_Ip_IntOsc.o
                0x000000000040501c                Clock_Ip_axIntOscCallbacks
 .rodata        0x000000000040504c       0x20 ./RTD/src/Clock_Ip_Monitor.o
                0x000000000040504c                Clock_Ip_axCmuCallbacks
 .rodata        0x000000000040506c       0x28 ./RTD/src/Clock_Ip_Pll.o
                0x000000000040506c                Clock_Ip_axPllCallbacks
 .rodata        0x0000000000405094        0x8 ./RTD/src/Clock_Ip_ProgFreqSwitch.o
                0x0000000000405094                Clock_Ip_axPcfsCallbacks
 .rodata        0x000000000040509c       0x28 ./RTD/src/Clock_Ip_Selector.o
                0x000000000040509c                Clock_Ip_axSelectorCallbacks
 .rodata        0x00000000004050c4        0x4 ./RTD/src/Siul2_Port_Ip.o
                0x00000000004050c4                Port_au32Siul2BaseAddr
 .rodata        0x00000000004050c8      0x548 ./generate/src/Clock_Ip_Cfg.o
                0x00000000004050c8                Clock_Ip_aClockConfig
 *(.rodata*)
                0x0000000000405610                . = ALIGN (0x4)
 *(.mcal_const_cfg)
                0x0000000000405610                . = ALIGN (0x4)
 *(.mcal_const)
                0x0000000000405610                . = ALIGN (0x4)
                0x0000000000405610                __init_table = .
 *(.init_table)
 .init_table    0x0000000000405610       0x4c ./Project_Settings/Startup_Code/startup_cm7.o
                0x000000000040565c                . = ALIGN (0x4)
                0x000000000040565c                __zero_table = .
 *(.zero_table)
 .zero_table    0x000000000040565c       0x1c ./Project_Settings/Startup_Code/startup_cm7.o

.glue_7         0x0000000000405678        0x0
 .glue_7        0x0000000000405678        0x0 linker stubs

.glue_7t        0x0000000000405678        0x0
 .glue_7t       0x0000000000405678        0x0 linker stubs

.vfp11_veneer   0x0000000000405678        0x0
 .vfp11_veneer  0x0000000000405678        0x0 linker stubs

.v4_bx          0x0000000000405678        0x0
 .v4_bx         0x0000000000405678        0x0 linker stubs

.iplt           0x0000000000405678        0x0
 .iplt          0x0000000000405678        0x0 ./Project_Settings/Startup_Code/Vector_Table.o

.rel.dyn        0x0000000000405678        0x0
 .rel.iplt      0x0000000000405678        0x0 ./Project_Settings/Startup_Code/Vector_Table.o
                0x0000000000405678                . = ALIGN (0x4)
                0x0000000000405678                __text_end = .
                0x0000000000405678                __sram_data_rom = __text_end

.sram_data      0x0000000020400000        0x4 load address 0x0000000000405678
                0x0000000020400000                . = ALIGN (0x4)
                0x0000000020400000                __sram_data_begin__ = .
                0x0000000020400000                . = ALIGN (0x4)
 *(.ramcode)
                0x0000000020400000                . = ALIGN (0x4)
 *(.data)
 .data          0x0000000020400000        0x0 ./Project_Settings/Startup_Code/Vector_Table.o
 .data          0x0000000020400000        0x0 ./Project_Settings/Startup_Code/exceptions.o
 .data          0x0000000020400000        0x0 ./Project_Settings/Startup_Code/nvic.o
 .data          0x0000000020400000        0x0 ./Project_Settings/Startup_Code/startup.o
 .data          0x0000000020400000        0x0 ./Project_Settings/Startup_Code/startup_cm7.o
 .data          0x0000000020400000        0x0 ./Project_Settings/Startup_Code/system.o
 .data          0x0000000020400000        0x4 ./RTD/src/Clock_Ip.o
 .data          0x0000000020400004        0x0 ./RTD/src/Clock_Ip_Data.o
 .data          0x0000000020400004        0x0 ./RTD/src/Clock_Ip_Divider.o
 .data          0x0000000020400004        0x0 ./RTD/src/Clock_Ip_DividerTrigger.o
 .data          0x0000000020400004        0x0 ./RTD/src/Clock_Ip_ExtOsc.o
 .data          0x0000000020400004        0x0 ./RTD/src/Clock_Ip_FracDiv.o
 .data          0x0000000020400004        0x0 ./RTD/src/Clock_Ip_Frequency.o
 .data          0x0000000020400004        0x0 ./RTD/src/Clock_Ip_Gate.o
 .data          0x0000000020400004        0x0 ./RTD/src/Clock_Ip_IntOsc.o
 .data          0x0000000020400004        0x0 ./RTD/src/Clock_Ip_Irq.o
 .data          0x0000000020400004        0x0 ./RTD/src/Clock_Ip_Monitor.o
 .data          0x0000000020400004        0x0 ./RTD/src/Clock_Ip_Pll.o
 .data          0x0000000020400004        0x0 ./RTD/src/Clock_Ip_ProgFreqSwitch.o
 .data          0x0000000020400004        0x0 ./RTD/src/Clock_Ip_Selector.o
 .data          0x0000000020400004        0x0 ./RTD/src/Clock_Ip_Specific.o
 .data          0x0000000020400004        0x0 ./RTD/src/Igf_Port_Ip.o
 .data          0x0000000020400004        0x0 ./RTD/src/OsIf_Timer.o
 .data          0x0000000020400004        0x0 ./RTD/src/OsIf_Timer_System.o
 .data          0x0000000020400004        0x0 ./RTD/src/SchM_Mcu.o
 .data          0x0000000020400004        0x0 ./RTD/src/SchM_Port.o
 .data          0x0000000020400004        0x0 ./RTD/src/Siul2_Port_Ip.o
 .data          0x0000000020400004        0x0 ./RTD/src/Tspc_Port_Ip.o
 .data          0x0000000020400004        0x0 ./board/Siul2_Port_Ip_Cfg.o
 .data          0x0000000020400004        0x0 ./board/Tspc_Port_Ip_Cfg.o
 .data          0x0000000020400004        0x0 ./generate/src/Clock_Ip_Cfg.o
 .data          0x0000000020400004        0x0 ./generate/src/Igf_Port_Ip_Cfg.o
 .data          0x0000000020400004        0x0 ./generate/src/OsIf_Cfg.o
 .data          0x0000000020400004        0x0 ./src/main.o
 .data          0x0000000020400004        0x0 /usr/lib/gcc/arm-none-eabi/10.3.1/../../../arm-none-eabi/lib/thumb/v7e-m+fp/hard/libc_nano.a(lib_a-memmove.o)
 .data          0x0000000020400004        0x0 /usr/lib/gcc/arm-none-eabi/10.3.1/../../../arm-none-eabi/lib/thumb/v7e-m+fp/hard/libc_nano.a(lib_a-memset.o)
 *(.data*)
                0x0000000020400004                . = ALIGN (0x4)
 *(.mcal_data)
                0x0000000020400004                . = ALIGN (0x4)
                0x0000000020400004                __sram_data_end__ = .
                0x000000000040567c                __sram_data_rom_end = (__sram_data_rom + (__sram_data_end__ - __sram_data_begin__))

.sram_bss       0x0000000020400004      0x51c load address 0x000000000040567c
                0x0000000020400010                . = ALIGN (0x10)
 *fill*         0x0000000020400004        0xc 
                0x0000000020400010                __sram_bss_start = .
 *(.bss)
 .bss           0x0000000020400010        0x0 ./Project_Settings/Startup_Code/Vector_Table.o
 .bss           0x0000000020400010        0x0 ./Project_Settings/Startup_Code/exceptions.o
 .bss           0x0000000020400010        0x0 ./Project_Settings/Startup_Code/nvic.o
 .bss           0x0000000020400010        0x0 ./Project_Settings/Startup_Code/startup.o
 .bss           0x0000000020400010        0x0 ./Project_Settings/Startup_Code/startup_cm7.o
 .bss           0x0000000020400010       0x7c ./Project_Settings/Startup_Code/system.o
                0x0000000020400010                rbar
                0x000000002040004c                rasr
                0x0000000020400088                RESET_CATCH_CORE
 .bss           0x000000002040008c       0x84 ./RTD/src/Clock_Ip.o
                0x000000002040008c                Clock_Ip_pxConfig
                0x0000000020400091                Clock_Ip_FreqIds
 .bss           0x0000000020400110        0x0 ./RTD/src/Clock_Ip_Data.o
 .bss           0x0000000020400110        0x0 ./RTD/src/Clock_Ip_Divider.o
 .bss           0x0000000020400110        0x0 ./RTD/src/Clock_Ip_DividerTrigger.o
 .bss           0x0000000020400110        0x0 ./RTD/src/Clock_Ip_ExtOsc.o
 .bss           0x0000000020400110        0x0 ./RTD/src/Clock_Ip_FracDiv.o
 .bss           0x0000000020400110        0x0 ./RTD/src/Clock_Ip_Frequency.o
 .bss           0x0000000020400110        0x0 ./RTD/src/Clock_Ip_Gate.o
 .bss           0x0000000020400110        0x0 ./RTD/src/Clock_Ip_IntOsc.o
 .bss           0x0000000020400110        0x0 ./RTD/src/Clock_Ip_Irq.o
 .bss           0x0000000020400110       0x10 ./RTD/src/Clock_Ip_Monitor.o
 .bss           0x0000000020400120        0x0 ./RTD/src/Clock_Ip_Pll.o
 .bss           0x0000000020400120        0x4 ./RTD/src/Clock_Ip_ProgFreqSwitch.o
 .bss           0x0000000020400124        0x0 ./RTD/src/Clock_Ip_Selector.o
 .bss           0x0000000020400124        0x9 ./RTD/src/Clock_Ip_Specific.o
 .bss           0x000000002040012d        0x0 ./RTD/src/Igf_Port_Ip.o
 .bss           0x000000002040012d        0x0 ./RTD/src/OsIf_Timer.o
 .bss           0x000000002040012d        0x0 ./RTD/src/OsIf_Timer_System.o
 *fill*         0x000000002040012d        0x3 
 .bss           0x0000000020400130       0x60 ./RTD/src/SchM_Mcu.o
 .bss           0x0000000020400190      0x380 ./RTD/src/SchM_Port.o
 .bss           0x0000000020400510        0x8 ./RTD/src/Siul2_Port_Ip.o
 .bss           0x0000000020400518        0x0 ./RTD/src/Tspc_Port_Ip.o
 .bss           0x0000000020400518        0x0 ./board/Siul2_Port_Ip_Cfg.o
 .bss           0x0000000020400518        0x0 ./board/Tspc_Port_Ip_Cfg.o
 .bss           0x0000000020400518        0x0 ./generate/src/Clock_Ip_Cfg.o
 .bss           0x0000000020400518        0x0 ./generate/src/Igf_Port_Ip_Cfg.o
 .bss           0x0000000020400518        0x0 ./generate/src/OsIf_Cfg.o
 .bss           0x0000000020400518        0x4 ./src/main.o
                0x0000000020400518                exit_code
 .bss           0x000000002040051c        0x0 /usr/lib/gcc/arm-none-eabi/10.3.1/../../../arm-none-eabi/lib/thumb/v7e-m+fp/hard/libc_nano.a(lib_a-memmove.o)
 .bss           0x000000002040051c        0x0 /usr/lib/gcc/arm-none-eabi/10.3.1/../../../arm-none-eabi/lib/thumb/v7e-m+fp/hard/libc_nano.a(lib_a-memset.o)
 *(.bss*)
                0x0000000020400520                . = ALIGN (0x10)
 *fill*         0x000000002040051c        0x4 
 *(.mcal_bss)
                0x0000000020400520                . = ALIGN (0x4)
                0x0000000020400520                __sram_bss_end = .

.heap           0x0000000020400520     0x1000 load address 0x0000000000405b98
                0x0000000000000000                . = (. + ALIGN (0x4))
                0x0000000020400520                _end = .
                0x0000000020400520                end = .
                0x0000000020400520                _heap_start = .
                0x0000000000001000                . = (. + HEAP_SIZE)
 *fill*         0x0000000020400520     0x1000 
                0x0000000020401520                _heap_end = .

.acfls_code_ram
                0x0000000020403f00        0x0
                0x0000000020403f00                acfls_code_ram_start = .
 *(.acfls_code_ram)
                0x0000000020403f00                acfls_code_ram_stop = .
                0x000000000040567c                __non_cacheable_data_rom = __sram_data_rom_end

.non_cacheable_data
                0x0000000020404000      0x104 load address 0x000000000040567c
                0x0000000020404000                . = ALIGN (0x4)
                0x0000000020404000                __non_cacheable_data_start__ = .
 *(.int_results)
                0x0000000020404100                . = (. + 0x100)
 *fill*         0x0000000020404000      0x100 
                0x0000000020404100                . = ALIGN (0x4)
 *(.mcal_data_no_cacheable)
                0x0000000020404100                . = ALIGN (0x4)
 *(.mcal_const_no_cacheable)
                0x0000000020404100                . = ALIGN (0x4)
                0x0000000020404100                HSE_LOOP_ADDR = .
                0x0000000020404100        0x4 LONG 0x0
                0x0000000020404104                __non_cacheable_data_end__ = .
                0x0000000000405780                __non_cacheable_data_rom_end = (__non_cacheable_data_rom + (__non_cacheable_data_end__ - __non_cacheable_data_start__))

.igot.plt       0x0000000020404104        0x0 load address 0x0000000000405780
 .igot.plt      0x0000000020404104        0x0 ./Project_Settings/Startup_Code/Vector_Table.o

.non_cacheable_bss
                0x0000000020404104        0xc load address 0x0000000000405780
                0x0000000020404110                . = ALIGN (0x10)
 *fill*         0x0000000020404104        0xc 
                0x0000000020404110                __non_cacheable_bss_start = .
 *(.mcal_bss_no_cacheable)
                0x0000000020404110                . = ALIGN (0x4)
                0x0000000020404110                __non_cacheable_bss_end = .
                0x0000000000405780                __shareable_data_rom = __non_cacheable_data_rom_end

.shareable_data
                0x000000002040c000        0x0 load address 0x0000000000405780
                0x000000002040c000                . = ALIGN (0x4)
                0x000000002040c000                __shareable_data_start__ = .
 *(.mcal_shared_data)
                0x000000002040c000                . = ALIGN (0x4)
                0x000000002040c000                __shareable_data_end__ = .
                0x0000000000405780                __shareable_data_rom_end = (__shareable_data_rom + (__shareable_data_end__ - __shareable_data_start__))

.int_vector     0x0000000020000000      0x408
                0x0000000020000000                . = ALIGN (0x800)
                0x0000000020000000                __interrupts_ram_start = .
                0x0000000020000408                . = (. + (__interrupts_init_end - __interrupts_init_start))
 *fill*         0x0000000020000000      0x408 
                0x0000000020000408                . = ALIGN (0x4)
                0x0000000020000408                __interrupts_ram_end = .
                0x0000000000405780                __tcm_data_rom = __shareable_data_rom_end

.data_tcm_data  0x0000000020000408        0x0 load address 0x0000000000405780
                0x0000000020000408                . = ALIGN (0x4)
                0x0000000020000408                __dtcm_data_start__ = .
 *(.dtcm_data*)
                0x0000000020000408                . = ALIGN (0x4)
                0x0000000020000408                __dtcm_data_end__ = .
                0x0000000000405780                __tcm_data_rom_end = (__tcm_data_rom + (__dtcm_data_end__ - __dtcm_data_start__))

.bss_tcm_data   0x0000000020000408        0x0
                0x0000000020000408                . = ALIGN (0x4)
                0x0000000020000408                __dtcm_bss_start__ = .
 *(.dtcm_bss*)
                0x0000000020000408                . = ALIGN (0x4)
                0x0000000020000408                __dtcm_bss_end__ = .
                0x0000000000405780                __tcm_code_rom_start = __tcm_data_rom_end

.itcm_text      0x0000000000000000        0x0 load address 0x0000000000405780
                0x0000000000000000                . = ALIGN (0x4)
                0x0000000000000000                __itcm_start__ = .
 *(.itcm_text*)
                0x0000000000000000                . = ALIGN (0x4)
                0x0000000000000000                __itcm_end__ = .
                0x0000000000405780                __tcm_code_rom_end = (__tcm_code_rom_start + (__itcm_end__ - __itcm_start__))

.shareable_bss  0x000000002040c000        0x0
                0x000000002040c000                . = ALIGN (0x10)
                0x000000002040c000                __shareable_bss_start = .
 *(.mcal_shared_bss)
                0x000000002040c000                . = ALIGN (0x4)
                0x000000002040c000                __shareable_bss_end = .
                0x000000002000f000                __Stack_dtcm_end = ORIGIN (int_stack_dtcm)
                0x0000000020010000                __Stack_dtcm_start = (ORIGIN (int_stack_dtcm) + LENGTH (int_stack_dtcm))
                0x0000000020400000                __INT_SRAM_START = ORIGIN (int_sram_c0)
                0x0000000020406000                __INT_SRAM_END = ORIGIN (ram_end_c0)
                0x0000000000000000                __INT_ITCM_START = ORIGIN (int_itcm)
                0x0000000000008000                __INT_ITCM_END = (ORIGIN (int_itcm) + LENGTH (int_itcm))
                0x0000000020000000                __INT_DTCM_START = ORIGIN (int_dtcm)
                0x0000000020010000                __INT_DTCM_END = ((ORIGIN (int_dtcm) + LENGTH (int_dtcm)) + LENGTH (int_stack_dtcm))
                0x000000002040c000                __RAM_SHAREABLE_START = ORIGIN (int_sram_shareable)
                0x0000000020410000                __RAM_SHAREABLE_END = (ORIGIN (int_sram_shareable) + LENGTH (int_sram_shareable))
                0x000000000000000e                __RAM_SHAREABLE_SIZE = 0xe
                0x0000000000405780                __ROM_SHAREABLE_START = __shareable_data_rom
                0x0000000000405780                __ROM_SHAREABLE_END = __shareable_data_rom_end
                0x0000000020404000                __RAM_NO_CACHEABLE_START = ORIGIN (int_sram_no_cacheable_c0)
                0x0000000020406000                __RAM_NO_CACHEABLE_END = (ORIGIN (int_sram_no_cacheable_c0) + LENGTH (int_sram_no_cacheable_c0))
                0x000000000000000d                __RAM_NO_CACHEABLE_SIZE = 0xd
                0x000000000040567c                __ROM_NO_CACHEABLE_START = __non_cacheable_data_rom
                0x0000000000405780                __ROM_NO_CACHEABLE_END = __non_cacheable_data_rom_end
                0x0000000020400000                __RAM_CACHEABLE_START = ORIGIN (int_sram_c0)
                0x0000000020404000                __RAM_CACHEABLE_END = ORIGIN (int_sram_no_cacheable_c0)
                0x000000000000000e                __RAM_CACHEABLE_SIZE = 0xe
                0x0000000000405678                __ROM_CACHEABLE_START = __sram_data_rom
                0x000000000040567c                __ROM_CACHEABLE_END = __sram_data_rom_end
                0x0000000000400000                __ROM_CODE_START = ORIGIN (int_flash_c0)
                0x0000000010000000                __ROM_DATA_START = 0x10000000
                0x0000000020400010                __BSS_SRAM_START = __sram_bss_start
                0x0000000020400520                __BSS_SRAM_END = __sram_bss_end
                0x0000000000000510                __BSS_SRAM_SIZE = (__sram_bss_end - __sram_bss_start)
                0x0000000020404110                __BSS_SRAM_NC_START = __non_cacheable_bss_start
                0x0000000000000000                __BSS_SRAM_NC_SIZE = (__non_cacheable_bss_end - __non_cacheable_bss_start)
                0x0000000020404110                __BSS_SRAM_NC_END = __non_cacheable_bss_end
                0x000000002040c000                __BSS_SRAM_SH_START = __shareable_bss_start
                0x0000000000000000                __BSS_SRAM_SH_SIZE = (__shareable_bss_end - __shareable_bss_start)
                0x000000002040c000                __BSS_SRAM_SH_END = __shareable_bss_end
                0x0000000020000000                __RAM_INTERRUPT_START = __interrupts_ram_start
                0x0000000000400800                __INIT_INTERRUPT_START = __interrupts_init_start
                0x0000000000400c08                __INIT_INTERRUPT_END = __interrupts_init_end
                0x0000000000000000                __RAM_ITCM_START = __itcm_start__
                0x0000000000405780                __ROM_ITCM_START = __tcm_code_rom_start
                0x0000000000405780                __ROM_ITCM_END = __tcm_code_rom_end
                0x0000000020000408                __RAM_DTCM_DATA_START = __dtcm_data_start__
                0x0000000000405780                __ROM_DTCM_DATA_START = __tcm_data_rom
                0x0000000000405780                __ROM_DTCM_END = __tcm_data_rom_end
                0x0000000000405610                __INIT_TABLE = __init_table
                0x000000000040565c                __ZERO_TABLE = __zero_table
                0x0000000000000001                __RAM_INIT = 0x1
                0x0000000000000001                __ITCM_INIT = 0x1
                0x0000000000000001                __DTCM_INIT = 0x1
                0x0000000000403f84                Fls_ACEraseRomStart = __acfls_code_rom_start
                0x0000000000403f84                Fls_ACEraseRomEnd = __acfls_code_rom_end
                0x0000000000000000                Fls_ACEraseSize = ((__acfls_code_rom_end - __acfls_code_rom_start) / 0x4)
                0x0000000000403f84                Fls_ACWriteRomStart = __acfls_code_rom_start
                0x0000000000403f84                Fls_ACWriteRomEnd = __acfls_code_rom_end
                0x0000000000000000                Fls_ACWriteSize = ((__acfls_code_rom_end - __acfls_code_rom_start) / 0x4)
                0x0000000020403f00                _ERASE_FUNC_ADDRESS_ = ADDR (.acfls_code_ram)
                0x0000000020403f00                _WRITE_FUNC_ADDRESS_ = ADDR (.acfls_code_ram)
                0x0000000000400800                __ENTRY_VTABLE = __INIT_INTERRUPT_START
                0x0000000000400800                __CORE0_VTOR = __INIT_INTERRUPT_START
                0x0000000000500000                __CORE1_VTOR = ORIGIN (int_flash_c1)
                0x0000000000400800                __CORE2_VTOR = __INIT_INTERRUPT_START
                0x0000000000000000                __INDEX_COPY_CORE2 = 0x0
OUTPUT(spi_trial_M7_0.elf elf32-littlearm)
LOAD linker stubs

.ARM.attributes
                0x0000000000000000       0x30
 .ARM.attributes
                0x0000000000000000       0x20 ./Project_Settings/Startup_Code/Vector_Table.o
 .ARM.attributes
                0x0000000000000020       0x34 ./Project_Settings/Startup_Code/exceptions.o
 .ARM.attributes
                0x0000000000000054       0x34 ./Project_Settings/Startup_Code/nvic.o
 .ARM.attributes
                0x0000000000000088       0x34 ./Project_Settings/Startup_Code/startup.o
 .ARM.attributes
                0x00000000000000bc       0x1f ./Project_Settings/Startup_Code/startup_cm7.o
 .ARM.attributes
                0x00000000000000db       0x34 ./Project_Settings/Startup_Code/system.o
 .ARM.attributes
                0x000000000000010f       0x34 ./RTD/src/Clock_Ip.o
 .ARM.attributes
                0x0000000000000143       0x39 ./RTD/src/Clock_Ip_Data.o
 .ARM.attributes
                0x000000000000017c       0x34 ./RTD/src/Clock_Ip_Divider.o
 .ARM.attributes
                0x00000000000001b0       0x34 ./RTD/src/Clock_Ip_DividerTrigger.o
 .ARM.attributes
                0x00000000000001e4       0x34 ./RTD/src/Clock_Ip_ExtOsc.o
 .ARM.attributes
                0x0000000000000218       0x34 ./RTD/src/Clock_Ip_FracDiv.o
 .ARM.attributes
                0x000000000000024c       0x34 ./RTD/src/Clock_Ip_Frequency.o
 .ARM.attributes
                0x0000000000000280       0x34 ./RTD/src/Clock_Ip_Gate.o
 .ARM.attributes
                0x00000000000002b4       0x34 ./RTD/src/Clock_Ip_IntOsc.o
 .ARM.attributes
                0x00000000000002e8       0x34 ./RTD/src/Clock_Ip_Irq.o
 .ARM.attributes
                0x000000000000031c       0x34 ./RTD/src/Clock_Ip_Monitor.o
 .ARM.attributes
                0x0000000000000350       0x34 ./RTD/src/Clock_Ip_Pll.o
 .ARM.attributes
                0x0000000000000384       0x34 ./RTD/src/Clock_Ip_ProgFreqSwitch.o
 .ARM.attributes
                0x00000000000003b8       0x34 ./RTD/src/Clock_Ip_Selector.o
 .ARM.attributes
                0x00000000000003ec       0x34 ./RTD/src/Clock_Ip_Specific.o
 .ARM.attributes
                0x0000000000000420       0x39 ./RTD/src/Igf_Port_Ip.o
 .ARM.attributes
                0x0000000000000459       0x34 ./RTD/src/OsIf_Timer.o
 .ARM.attributes
                0x000000000000048d       0x39 ./RTD/src/OsIf_Timer_System.o
 .ARM.attributes
                0x00000000000004c6       0x34 ./RTD/src/SchM_Mcu.o
 .ARM.attributes
                0x00000000000004fa       0x34 ./RTD/src/SchM_Port.o
 .ARM.attributes
                0x000000000000052e       0x34 ./RTD/src/Siul2_Port_Ip.o
 .ARM.attributes
                0x0000000000000562       0x34 ./RTD/src/Tspc_Port_Ip.o
 .ARM.attributes
                0x0000000000000596       0x39 ./board/Siul2_Port_Ip_Cfg.o
 .ARM.attributes
                0x00000000000005cf       0x39 ./board/Tspc_Port_Ip_Cfg.o
 .ARM.attributes
                0x0000000000000608       0x39 ./generate/src/Clock_Ip_Cfg.o
 .ARM.attributes
                0x0000000000000641       0x39 ./generate/src/Igf_Port_Ip_Cfg.o
 .ARM.attributes
                0x000000000000067a       0x39 ./generate/src/OsIf_Cfg.o
 .ARM.attributes
                0x00000000000006b3       0x34 ./src/main.o
 .ARM.attributes
                0x00000000000006e7       0x34 /usr/lib/gcc/arm-none-eabi/10.3.1/../../../arm-none-eabi/lib/thumb/v7e-m+fp/hard/libc_nano.a(lib_a-memmove.o)
 .ARM.attributes
                0x000000000000071b       0x34 /usr/lib/gcc/arm-none-eabi/10.3.1/../../../arm-none-eabi/lib/thumb/v7e-m+fp/hard/libc_nano.a(lib_a-memset.o)

.comment        0x0000000000000000       0x33
 .comment       0x0000000000000000       0x33 ./Project_Settings/Startup_Code/exceptions.o
                                         0x34 (size before relaxing)
 .comment       0x0000000000000033       0x34 ./Project_Settings/Startup_Code/nvic.o
 .comment       0x0000000000000033       0x34 ./Project_Settings/Startup_Code/startup.o
 .comment       0x0000000000000033       0x34 ./Project_Settings/Startup_Code/system.o
 .comment       0x0000000000000033       0x34 ./RTD/src/Clock_Ip.o
 .comment       0x0000000000000033       0x34 ./RTD/src/Clock_Ip_Data.o
 .comment       0x0000000000000033       0x34 ./RTD/src/Clock_Ip_Divider.o
 .comment       0x0000000000000033       0x34 ./RTD/src/Clock_Ip_DividerTrigger.o
 .comment       0x0000000000000033       0x34 ./RTD/src/Clock_Ip_ExtOsc.o
 .comment       0x0000000000000033       0x34 ./RTD/src/Clock_Ip_FracDiv.o
 .comment       0x0000000000000033       0x34 ./RTD/src/Clock_Ip_Frequency.o
 .comment       0x0000000000000033       0x34 ./RTD/src/Clock_Ip_Gate.o
 .comment       0x0000000000000033       0x34 ./RTD/src/Clock_Ip_IntOsc.o
 .comment       0x0000000000000033       0x34 ./RTD/src/Clock_Ip_Irq.o
 .comment       0x0000000000000033       0x34 ./RTD/src/Clock_Ip_Monitor.o
 .comment       0x0000000000000033       0x34 ./RTD/src/Clock_Ip_Pll.o
 .comment       0x0000000000000033       0x34 ./RTD/src/Clock_Ip_ProgFreqSwitch.o
 .comment       0x0000000000000033       0x34 ./RTD/src/Clock_Ip_Selector.o
 .comment       0x0000000000000033       0x34 ./RTD/src/Clock_Ip_Specific.o
 .comment       0x0000000000000033       0x34 ./RTD/src/Igf_Port_Ip.o
 .comment       0x0000000000000033       0x34 ./RTD/src/OsIf_Timer.o
 .comment       0x0000000000000033       0x34 ./RTD/src/OsIf_Timer_System.o
 .comment       0x0000000000000033       0x34 ./RTD/src/SchM_Mcu.o
 .comment       0x0000000000000033       0x34 ./RTD/src/SchM_Port.o
 .comment       0x0000000000000033       0x34 ./RTD/src/Siul2_Port_Ip.o
 .comment       0x0000000000000033       0x34 ./RTD/src/Tspc_Port_Ip.o
 .comment       0x0000000000000033       0x34 ./board/Siul2_Port_Ip_Cfg.o
 .comment       0x0000000000000033       0x34 ./board/Tspc_Port_Ip_Cfg.o
 .comment       0x0000000000000033       0x34 ./generate/src/Clock_Ip_Cfg.o
 .comment       0x0000000000000033       0x34 ./generate/src/Igf_Port_Ip_Cfg.o
 .comment       0x0000000000000033       0x34 ./generate/src/OsIf_Cfg.o
 .comment       0x0000000000000033       0x34 ./src/main.o
 .comment       0x0000000000000033       0x34 /usr/lib/gcc/arm-none-eabi/10.3.1/../../../arm-none-eabi/lib/thumb/v7e-m+fp/hard/libc_nano.a(lib_a-memmove.o)
 .comment       0x0000000000000033       0x34 /usr/lib/gcc/arm-none-eabi/10.3.1/../../../arm-none-eabi/lib/thumb/v7e-m+fp/hard/libc_nano.a(lib_a-memset.o)

.debug_info     0x0000000000000000    0x13a54
 .debug_info    0x0000000000000000      0x139 ./Project_Settings/Startup_Code/exceptions.o
 .debug_info    0x0000000000000139      0x752 ./Project_Settings/Startup_Code/nvic.o
 .debug_info    0x000000000000088b      0x357 ./Project_Settings/Startup_Code/startup.o
 .debug_info    0x0000000000000be2       0x22 ./Project_Settings/Startup_Code/startup_cm7.o
 .debug_info    0x0000000000000c04      0xbf4 ./Project_Settings/Startup_Code/system.o
 .debug_info    0x00000000000017f8     0x1f2c ./RTD/src/Clock_Ip.o
 .debug_info    0x0000000000003724     0x1616 ./RTD/src/Clock_Ip_Data.o
 .debug_info    0x0000000000004d3a      0x9b8 ./RTD/src/Clock_Ip_Divider.o
 .debug_info    0x00000000000056f2      0x796 ./RTD/src/Clock_Ip_DividerTrigger.o
 .debug_info    0x0000000000005e88      0xa39 ./RTD/src/Clock_Ip_ExtOsc.o
 .debug_info    0x00000000000068c1      0x559 ./RTD/src/Clock_Ip_FracDiv.o
 .debug_info    0x0000000000006e1a      0x3d3 ./RTD/src/Clock_Ip_Frequency.o
 .debug_info    0x00000000000071ed      0x96e ./RTD/src/Clock_Ip_Gate.o
 .debug_info    0x0000000000007b5b      0xcef ./RTD/src/Clock_Ip_IntOsc.o
 .debug_info    0x000000000000884a       0xb2 ./RTD/src/Clock_Ip_Irq.o
 .debug_info    0x00000000000088fc     0x1315 ./RTD/src/Clock_Ip_Monitor.o
 .debug_info    0x0000000000009c11      0xa59 ./RTD/src/Clock_Ip_Pll.o
 .debug_info    0x000000000000a66a      0xf2a ./RTD/src/Clock_Ip_ProgFreqSwitch.o
 .debug_info    0x000000000000b594      0xfd1 ./RTD/src/Clock_Ip_Selector.o
 .debug_info    0x000000000000c565     0x1870 ./RTD/src/Clock_Ip_Specific.o
 .debug_info    0x000000000000ddd5       0x7d ./RTD/src/Igf_Port_Ip.o
 .debug_info    0x000000000000de52      0x2bb ./RTD/src/OsIf_Timer.o
 .debug_info    0x000000000000e10d       0x7d ./RTD/src/OsIf_Timer_System.o
 .debug_info    0x000000000000e18a      0x383 ./RTD/src/SchM_Mcu.o
 .debug_info    0x000000000000e50d     0x1788 ./RTD/src/SchM_Port.o
 .debug_info    0x000000000000fc95     0x27cb ./RTD/src/Siul2_Port_Ip.o
 .debug_info    0x0000000000012460      0x32f ./RTD/src/Tspc_Port_Ip.o
 .debug_info    0x000000000001278f       0x7d ./board/Siul2_Port_Ip_Cfg.o
 .debug_info    0x000000000001280c       0x7d ./board/Tspc_Port_Ip_Cfg.o
 .debug_info    0x0000000000012889      0xd7e ./generate/src/Clock_Ip_Cfg.o
 .debug_info    0x0000000000013607       0x7d ./generate/src/Igf_Port_Ip_Cfg.o
 .debug_info    0x0000000000013684       0x7d ./generate/src/OsIf_Cfg.o
 .debug_info    0x0000000000013701       0xca ./src/main.o
 .debug_info    0x00000000000137cb      0x152 /usr/lib/gcc/arm-none-eabi/10.3.1/../../../arm-none-eabi/lib/thumb/v7e-m+fp/hard/libc_nano.a(lib_a-memmove.o)
 .debug_info    0x000000000001391d      0x137 /usr/lib/gcc/arm-none-eabi/10.3.1/../../../arm-none-eabi/lib/thumb/v7e-m+fp/hard/libc_nano.a(lib_a-memset.o)

.debug_abbrev   0x0000000000000000     0x2f93
 .debug_abbrev  0x0000000000000000       0x47 ./Project_Settings/Startup_Code/exceptions.o
 .debug_abbrev  0x0000000000000047      0x102 ./Project_Settings/Startup_Code/nvic.o
 .debug_abbrev  0x0000000000000149      0x119 ./Project_Settings/Startup_Code/startup.o
 .debug_abbrev  0x0000000000000262       0x12 ./Project_Settings/Startup_Code/startup_cm7.o
 .debug_abbrev  0x0000000000000274      0x229 ./Project_Settings/Startup_Code/system.o
 .debug_abbrev  0x000000000000049d      0x39d ./RTD/src/Clock_Ip.o
 .debug_abbrev  0x000000000000083a      0x14c ./RTD/src/Clock_Ip_Data.o
 .debug_abbrev  0x0000000000000986      0x21e ./RTD/src/Clock_Ip_Divider.o
 .debug_abbrev  0x0000000000000ba4      0x1b0 ./RTD/src/Clock_Ip_DividerTrigger.o
 .debug_abbrev  0x0000000000000d54      0x283 ./RTD/src/Clock_Ip_ExtOsc.o
 .debug_abbrev  0x0000000000000fd7      0x163 ./RTD/src/Clock_Ip_FracDiv.o
 .debug_abbrev  0x000000000000113a       0x92 ./RTD/src/Clock_Ip_Frequency.o
 .debug_abbrev  0x00000000000011cc      0x1ac ./RTD/src/Clock_Ip_Gate.o
 .debug_abbrev  0x0000000000001378      0x25d ./RTD/src/Clock_Ip_IntOsc.o
 .debug_abbrev  0x00000000000015d5       0x6a ./RTD/src/Clock_Ip_Irq.o
 .debug_abbrev  0x000000000000163f      0x27d ./RTD/src/Clock_Ip_Monitor.o
 .debug_abbrev  0x00000000000018bc      0x231 ./RTD/src/Clock_Ip_Pll.o
 .debug_abbrev  0x0000000000001aed      0x1aa ./RTD/src/Clock_Ip_ProgFreqSwitch.o
 .debug_abbrev  0x0000000000001c97      0x2f8 ./RTD/src/Clock_Ip_Selector.o
 .debug_abbrev  0x0000000000001f8f      0x31b ./RTD/src/Clock_Ip_Specific.o
 .debug_abbrev  0x00000000000022aa       0x29 ./RTD/src/Igf_Port_Ip.o
 .debug_abbrev  0x00000000000022d3      0x1a7 ./RTD/src/OsIf_Timer.o
 .debug_abbrev  0x000000000000247a       0x29 ./RTD/src/OsIf_Timer_System.o
 .debug_abbrev  0x00000000000024a3      0x124 ./RTD/src/SchM_Mcu.o
 .debug_abbrev  0x00000000000025c7      0x124 ./RTD/src/SchM_Port.o
 .debug_abbrev  0x00000000000026eb      0x396 ./RTD/src/Siul2_Port_Ip.o
 .debug_abbrev  0x0000000000002a81      0x185 ./RTD/src/Tspc_Port_Ip.o
 .debug_abbrev  0x0000000000002c06       0x29 ./board/Siul2_Port_Ip_Cfg.o
 .debug_abbrev  0x0000000000002c2f       0x29 ./board/Tspc_Port_Ip_Cfg.o
 .debug_abbrev  0x0000000000002c58      0x103 ./generate/src/Clock_Ip_Cfg.o
 .debug_abbrev  0x0000000000002d5b       0x29 ./generate/src/Igf_Port_Ip_Cfg.o
 .debug_abbrev  0x0000000000002d84       0x29 ./generate/src/OsIf_Cfg.o
 .debug_abbrev  0x0000000000002dad       0x72 ./src/main.o
 .debug_abbrev  0x0000000000002e1f       0xc0 /usr/lib/gcc/arm-none-eabi/10.3.1/../../../arm-none-eabi/lib/thumb/v7e-m+fp/hard/libc_nano.a(lib_a-memmove.o)
 .debug_abbrev  0x0000000000002edf       0xb4 /usr/lib/gcc/arm-none-eabi/10.3.1/../../../arm-none-eabi/lib/thumb/v7e-m+fp/hard/libc_nano.a(lib_a-memset.o)

.debug_aranges  0x0000000000000000      0x428
 .debug_aranges
                0x0000000000000000       0x20 ./Project_Settings/Startup_Code/exceptions.o
 .debug_aranges
                0x0000000000000020       0x20 ./Project_Settings/Startup_Code/nvic.o
 .debug_aranges
                0x0000000000000040       0x20 ./Project_Settings/Startup_Code/startup.o
 .debug_aranges
                0x0000000000000060       0x28 ./Project_Settings/Startup_Code/startup_cm7.o
 .debug_aranges
                0x0000000000000088       0x20 ./Project_Settings/Startup_Code/system.o
 .debug_aranges
                0x00000000000000a8       0x20 ./RTD/src/Clock_Ip.o
 .debug_aranges
                0x00000000000000c8       0x18 ./RTD/src/Clock_Ip_Data.o
 .debug_aranges
                0x00000000000000e0       0x20 ./RTD/src/Clock_Ip_Divider.o
 .debug_aranges
                0x0000000000000100       0x20 ./RTD/src/Clock_Ip_DividerTrigger.o
 .debug_aranges
                0x0000000000000120       0x20 ./RTD/src/Clock_Ip_ExtOsc.o
 .debug_aranges
                0x0000000000000140       0x20 ./RTD/src/Clock_Ip_FracDiv.o
 .debug_aranges
                0x0000000000000160       0x20 ./RTD/src/Clock_Ip_Frequency.o
 .debug_aranges
                0x0000000000000180       0x20 ./RTD/src/Clock_Ip_Gate.o
 .debug_aranges
                0x00000000000001a0       0x20 ./RTD/src/Clock_Ip_IntOsc.o
 .debug_aranges
                0x00000000000001c0       0x20 ./RTD/src/Clock_Ip_Irq.o
 .debug_aranges
                0x00000000000001e0       0x20 ./RTD/src/Clock_Ip_Monitor.o
 .debug_aranges
                0x0000000000000200       0x20 ./RTD/src/Clock_Ip_Pll.o
 .debug_aranges
                0x0000000000000220       0x20 ./RTD/src/Clock_Ip_ProgFreqSwitch.o
 .debug_aranges
                0x0000000000000240       0x20 ./RTD/src/Clock_Ip_Selector.o
 .debug_aranges
                0x0000000000000260       0x20 ./RTD/src/Clock_Ip_Specific.o
 .debug_aranges
                0x0000000000000280       0x18 ./RTD/src/Igf_Port_Ip.o
 .debug_aranges
                0x0000000000000298       0x20 ./RTD/src/OsIf_Timer.o
 .debug_aranges
                0x00000000000002b8       0x18 ./RTD/src/OsIf_Timer_System.o
 .debug_aranges
                0x00000000000002d0       0x20 ./RTD/src/SchM_Mcu.o
 .debug_aranges
                0x00000000000002f0       0x20 ./RTD/src/SchM_Port.o
 .debug_aranges
                0x0000000000000310       0x20 ./RTD/src/Siul2_Port_Ip.o
 .debug_aranges
                0x0000000000000330       0x20 ./RTD/src/Tspc_Port_Ip.o
 .debug_aranges
                0x0000000000000350       0x18 ./board/Siul2_Port_Ip_Cfg.o
 .debug_aranges
                0x0000000000000368       0x18 ./board/Tspc_Port_Ip_Cfg.o
 .debug_aranges
                0x0000000000000380       0x18 ./generate/src/Clock_Ip_Cfg.o
 .debug_aranges
                0x0000000000000398       0x18 ./generate/src/Igf_Port_Ip_Cfg.o
 .debug_aranges
                0x00000000000003b0       0x18 ./generate/src/OsIf_Cfg.o
 .debug_aranges
                0x00000000000003c8       0x20 ./src/main.o
 .debug_aranges
                0x00000000000003e8       0x20 /usr/lib/gcc/arm-none-eabi/10.3.1/../../../arm-none-eabi/lib/thumb/v7e-m+fp/hard/libc_nano.a(lib_a-memmove.o)
 .debug_aranges
                0x0000000000000408       0x20 /usr/lib/gcc/arm-none-eabi/10.3.1/../../../arm-none-eabi/lib/thumb/v7e-m+fp/hard/libc_nano.a(lib_a-memset.o)

.debug_macro    0x0000000000000000    0x4e4a8
 .debug_macro   0x0000000000000000      0x11b ./Project_Settings/Startup_Code/exceptions.o
 .debug_macro   0x000000000000011b      0xaa8 ./Project_Settings/Startup_Code/exceptions.o
 .debug_macro   0x0000000000000bc3      0x34e ./Project_Settings/Startup_Code/exceptions.o
 .debug_macro   0x0000000000000f11       0x22 ./Project_Settings/Startup_Code/exceptions.o
 .debug_macro   0x0000000000000f33      0x16d ./Project_Settings/Startup_Code/exceptions.o
 .debug_macro   0x00000000000010a0       0x82 ./Project_Settings/Startup_Code/exceptions.o
 .debug_macro   0x0000000000001122      0x97b ./Project_Settings/Startup_Code/exceptions.o
 .debug_macro   0x0000000000001a9d       0x3a ./Project_Settings/Startup_Code/exceptions.o
 .debug_macro   0x0000000000001ad7       0xcc ./Project_Settings/Startup_Code/exceptions.o
 .debug_macro   0x0000000000001ba3       0x67 ./Project_Settings/Startup_Code/exceptions.o
 .debug_macro   0x0000000000001c0a       0x94 ./Project_Settings/Startup_Code/exceptions.o
 .debug_macro   0x0000000000001c9e       0xc8 ./Project_Settings/Startup_Code/exceptions.o
 .debug_macro   0x0000000000001d66      0x11e ./Project_Settings/Startup_Code/exceptions.o
 .debug_macro   0x0000000000001e84       0x52 ./Project_Settings/Startup_Code/exceptions.o
 .debug_macro   0x0000000000001ed6       0x16 ./Project_Settings/Startup_Code/exceptions.o
 .debug_macro   0x0000000000001eec       0x7c ./Project_Settings/Startup_Code/exceptions.o
 .debug_macro   0x0000000000001f68      0x130 ./Project_Settings/Startup_Code/exceptions.o
 .debug_macro   0x0000000000002098       0x6a ./Project_Settings/Startup_Code/exceptions.o
 .debug_macro   0x0000000000002102       0x58 ./Project_Settings/Startup_Code/exceptions.o
 .debug_macro   0x000000000000215a       0x57 ./Project_Settings/Startup_Code/exceptions.o
 .debug_macro   0x00000000000021b1       0x50 ./Project_Settings/Startup_Code/exceptions.o
 .debug_macro   0x0000000000002201       0x50 ./Project_Settings/Startup_Code/exceptions.o
 .debug_macro   0x0000000000002251      0x36d ./Project_Settings/Startup_Code/nvic.o
 .debug_macro   0x00000000000025be     0x51db ./Project_Settings/Startup_Code/nvic.o
 .debug_macro   0x0000000000007799      0xa02 ./Project_Settings/Startup_Code/nvic.o
 .debug_macro   0x000000000000819b      0xd0a ./Project_Settings/Startup_Code/nvic.o
 .debug_macro   0x0000000000008ea5      0x180 ./Project_Settings/Startup_Code/nvic.o
 .debug_macro   0x0000000000009025       0xf8 ./Project_Settings/Startup_Code/nvic.o
 .debug_macro   0x000000000000911d      0x370 ./Project_Settings/Startup_Code/nvic.o
 .debug_macro   0x000000000000948d      0x159 ./Project_Settings/Startup_Code/nvic.o
 .debug_macro   0x00000000000095e6      0xc36 ./Project_Settings/Startup_Code/nvic.o
 .debug_macro   0x000000000000a21c     0x2215 ./Project_Settings/Startup_Code/nvic.o
 .debug_macro   0x000000000000c431      0x2ea ./Project_Settings/Startup_Code/nvic.o
 .debug_macro   0x000000000000c71b       0x8e ./Project_Settings/Startup_Code/nvic.o
 .debug_macro   0x000000000000c7a9     0xcead ./Project_Settings/Startup_Code/nvic.o
 .debug_macro   0x0000000000019656      0xdd9 ./Project_Settings/Startup_Code/nvic.o
 .debug_macro   0x000000000001a42f     0x7375 ./Project_Settings/Startup_Code/nvic.o
 .debug_macro   0x00000000000217a4      0xbb9 ./Project_Settings/Startup_Code/nvic.o
 .debug_macro   0x000000000002235d      0xca5 ./Project_Settings/Startup_Code/nvic.o
 .debug_macro   0x0000000000023002      0xb4d ./Project_Settings/Startup_Code/nvic.o
 .debug_macro   0x0000000000023b4f       0x5d ./Project_Settings/Startup_Code/nvic.o
 .debug_macro   0x0000000000023bac      0xac7 ./Project_Settings/Startup_Code/nvic.o
 .debug_macro   0x0000000000024673     0x14c1 ./Project_Settings/Startup_Code/nvic.o
 .debug_macro   0x0000000000025b34      0x867 ./Project_Settings/Startup_Code/nvic.o
 .debug_macro   0x000000000002639b       0xe8 ./Project_Settings/Startup_Code/nvic.o
 .debug_macro   0x0000000000026483       0xd6 ./Project_Settings/Startup_Code/nvic.o
 .debug_macro   0x0000000000026559      0x106 ./Project_Settings/Startup_Code/nvic.o
 .debug_macro   0x000000000002665f      0x507 ./Project_Settings/Startup_Code/nvic.o
 .debug_macro   0x0000000000026b66      0x76c ./Project_Settings/Startup_Code/nvic.o
 .debug_macro   0x00000000000272d2      0xe1f ./Project_Settings/Startup_Code/nvic.o
 .debug_macro   0x00000000000280f1      0x923 ./Project_Settings/Startup_Code/nvic.o
 .debug_macro   0x0000000000028a14     0x107d ./Project_Settings/Startup_Code/nvic.o
 .debug_macro   0x0000000000029a91      0x2da ./Project_Settings/Startup_Code/nvic.o
 .debug_macro   0x0000000000029d6b     0x1095 ./Project_Settings/Startup_Code/nvic.o
 .debug_macro   0x000000000002ae00     0x1c65 ./Project_Settings/Startup_Code/nvic.o
 .debug_macro   0x000000000002ca65      0x54c ./Project_Settings/Startup_Code/nvic.o
 .debug_macro   0x000000000002cfb1      0x300 ./Project_Settings/Startup_Code/nvic.o
 .debug_macro   0x000000000002d2b1      0xce3 ./Project_Settings/Startup_Code/nvic.o
 .debug_macro   0x000000000002df94     0x15d2 ./Project_Settings/Startup_Code/nvic.o
 .debug_macro   0x000000000002f566      0x537 ./Project_Settings/Startup_Code/nvic.o
 .debug_macro   0x000000000002fa9d      0x242 ./Project_Settings/Startup_Code/nvic.o
 .debug_macro   0x000000000002fcdf      0x20a ./Project_Settings/Startup_Code/nvic.o
 .debug_macro   0x000000000002fee9      0x3fa ./Project_Settings/Startup_Code/nvic.o
 .debug_macro   0x00000000000302e3       0x5c ./Project_Settings/Startup_Code/nvic.o
 .debug_macro   0x000000000003033f      0xbd1 ./Project_Settings/Startup_Code/nvic.o
 .debug_macro   0x0000000000030f10       0x48 ./Project_Settings/Startup_Code/nvic.o
 .debug_macro   0x0000000000030f58      0x23c ./Project_Settings/Startup_Code/nvic.o
 .debug_macro   0x0000000000031194      0xb27 ./Project_Settings/Startup_Code/nvic.o
 .debug_macro   0x0000000000031cbb      0x2f5 ./Project_Settings/Startup_Code/nvic.o
 .debug_macro   0x0000000000031fb0       0xd6 ./Project_Settings/Startup_Code/nvic.o
 .debug_macro   0x0000000000032086       0x5e ./Project_Settings/Startup_Code/nvic.o
 .debug_macro   0x00000000000320e4     0x6929 ./Project_Settings/Startup_Code/nvic.o
 .debug_macro   0x0000000000038a0d      0xf35 ./Project_Settings/Startup_Code/nvic.o
 .debug_macro   0x0000000000039942       0xfe ./Project_Settings/Startup_Code/nvic.o
 .debug_macro   0x0000000000039a40      0x2d4 ./Project_Settings/Startup_Code/nvic.o
 .debug_macro   0x0000000000039d14       0xcc ./Project_Settings/Startup_Code/nvic.o
 .debug_macro   0x0000000000039de0       0xb3 ./Project_Settings/Startup_Code/nvic.o
 .debug_macro   0x0000000000039e93      0x1c2 ./Project_Settings/Startup_Code/nvic.o
 .debug_macro   0x000000000003a055      0x56e ./Project_Settings/Startup_Code/nvic.o
 .debug_macro   0x000000000003a5c3      0x3f8 ./Project_Settings/Startup_Code/nvic.o
 .debug_macro   0x000000000003a9bb      0x338 ./Project_Settings/Startup_Code/nvic.o
 .debug_macro   0x000000000003acf3      0x4c8 ./Project_Settings/Startup_Code/nvic.o
 .debug_macro   0x000000000003b1bb      0xd67 ./Project_Settings/Startup_Code/nvic.o
 .debug_macro   0x000000000003bf22     0x1b52 ./Project_Settings/Startup_Code/nvic.o
 .debug_macro   0x000000000003da74      0xcd9 ./Project_Settings/Startup_Code/nvic.o
 .debug_macro   0x000000000003e74d      0x136 ./Project_Settings/Startup_Code/nvic.o
 .debug_macro   0x000000000003e883      0x392 ./Project_Settings/Startup_Code/nvic.o
 .debug_macro   0x000000000003ec15       0x2e ./Project_Settings/Startup_Code/nvic.o
 .debug_macro   0x000000000003ec43       0x9f ./Project_Settings/Startup_Code/startup.o
 .debug_macro   0x000000000003ece2      0x1dd ./Project_Settings/Startup_Code/system.o
 .debug_macro   0x000000000003eebf       0x52 ./Project_Settings/Startup_Code/system.o
 .debug_macro   0x000000000003ef11       0x50 ./Project_Settings/Startup_Code/system.o
 .debug_macro   0x000000000003ef61       0x50 ./Project_Settings/Startup_Code/system.o
 .debug_macro   0x000000000003efb1      0x4dc ./RTD/src/Clock_Ip.o
 .debug_macro   0x000000000003f48d     0x108f ./RTD/src/Clock_Ip.o
 .debug_macro   0x000000000004051c      0x492 ./RTD/src/Clock_Ip.o
 .debug_macro   0x00000000000409ae       0x2e ./RTD/src/Clock_Ip.o
 .debug_macro   0x00000000000409dc       0x4d ./RTD/src/Clock_Ip.o
 .debug_macro   0x0000000000040a29       0x50 ./RTD/src/Clock_Ip.o
 .debug_macro   0x0000000000040a79       0x50 ./RTD/src/Clock_Ip.o
 .debug_macro   0x0000000000040ac9       0x50 ./RTD/src/Clock_Ip.o
 .debug_macro   0x0000000000040b19       0x50 ./RTD/src/Clock_Ip.o
 .debug_macro   0x0000000000040b69       0x34 ./RTD/src/Clock_Ip.o
 .debug_macro   0x0000000000040b9d       0xdc ./RTD/src/Clock_Ip.o
 .debug_macro   0x0000000000040c79      0x170 ./RTD/src/Clock_Ip.o
 .debug_macro   0x0000000000040de9       0x50 ./RTD/src/Clock_Ip.o
 .debug_macro   0x0000000000040e39       0x50 ./RTD/src/Clock_Ip.o
 .debug_macro   0x0000000000040e89       0x50 ./RTD/src/Clock_Ip.o
 .debug_macro   0x0000000000040ed9       0x50 ./RTD/src/Clock_Ip.o
 .debug_macro   0x0000000000040f29       0x50 ./RTD/src/Clock_Ip.o
 .debug_macro   0x0000000000040f79       0x50 ./RTD/src/Clock_Ip.o
 .debug_macro   0x0000000000040fc9       0xa5 ./RTD/src/Clock_Ip.o
 .debug_macro   0x000000000004106e       0x50 ./RTD/src/Clock_Ip.o
 .debug_macro   0x00000000000410be       0x50 ./RTD/src/Clock_Ip.o
 .debug_macro   0x000000000004110e       0x50 ./RTD/src/Clock_Ip.o
 .debug_macro   0x000000000004115e       0x50 ./RTD/src/Clock_Ip.o
 .debug_macro   0x00000000000411ae       0x50 ./RTD/src/Clock_Ip.o
 .debug_macro   0x00000000000411fe       0x50 ./RTD/src/Clock_Ip.o
 .debug_macro   0x000000000004124e       0x35 ./RTD/src/Clock_Ip.o
 .debug_macro   0x0000000000041283       0x50 ./RTD/src/Clock_Ip.o
 .debug_macro   0x00000000000412d3       0x50 ./RTD/src/Clock_Ip.o
 .debug_macro   0x0000000000041323       0x50 ./RTD/src/Clock_Ip.o
 .debug_macro   0x0000000000041373       0x50 ./RTD/src/Clock_Ip.o
 .debug_macro   0x00000000000413c3       0x50 ./RTD/src/Clock_Ip.o
 .debug_macro   0x0000000000041413       0x50 ./RTD/src/Clock_Ip.o
 .debug_macro   0x0000000000041463      0x873 ./RTD/src/Clock_Ip_Data.o
 .debug_macro   0x0000000000041cd6      0x3ff ./RTD/src/Clock_Ip_Divider.o
 .debug_macro   0x00000000000420d5      0x3fd ./RTD/src/Clock_Ip_DividerTrigger.o
 .debug_macro   0x00000000000424d2      0x3ff ./RTD/src/Clock_Ip_ExtOsc.o
 .debug_macro   0x00000000000428d1      0x3fd ./RTD/src/Clock_Ip_FracDiv.o
 .debug_macro   0x0000000000042cce      0x393 ./RTD/src/Clock_Ip_Frequency.o
 .debug_macro   0x0000000000043061      0x3ff ./RTD/src/Clock_Ip_Gate.o
 .debug_macro   0x0000000000043460      0x40d ./RTD/src/Clock_Ip_IntOsc.o
 .debug_macro   0x000000000004386d      0x3bb ./RTD/src/Clock_Ip_Irq.o
 .debug_macro   0x0000000000043c28      0x47a ./RTD/src/Clock_Ip_Monitor.o
 .debug_macro   0x00000000000440a2       0x3a ./RTD/src/Clock_Ip_Monitor.o
 .debug_macro   0x00000000000440dc       0x50 ./RTD/src/Clock_Ip_Monitor.o
 .debug_macro   0x000000000004412c       0x50 ./RTD/src/Clock_Ip_Monitor.o
 .debug_macro   0x000000000004417c       0x50 ./RTD/src/Clock_Ip_Monitor.o
 .debug_macro   0x00000000000441cc       0x50 ./RTD/src/Clock_Ip_Monitor.o
 .debug_macro   0x000000000004421c      0x40d ./RTD/src/Clock_Ip_Pll.o
 .debug_macro   0x0000000000044629      0x45d ./RTD/src/Clock_Ip_ProgFreqSwitch.o
 .debug_macro   0x0000000000044a86      0x3ff ./RTD/src/Clock_Ip_Selector.o
 .debug_macro   0x0000000000044e85      0x51b ./RTD/src/Clock_Ip_Specific.o
 .debug_macro   0x00000000000453a0       0x50 ./RTD/src/Clock_Ip_Specific.o
 .debug_macro   0x00000000000453f0       0x50 ./RTD/src/Clock_Ip_Specific.o
 .debug_macro   0x0000000000045440       0x50 ./RTD/src/Clock_Ip_Specific.o
 .debug_macro   0x0000000000045490       0x50 ./RTD/src/Clock_Ip_Specific.o
 .debug_macro   0x00000000000454e0       0x50 ./RTD/src/Clock_Ip_Specific.o
 .debug_macro   0x0000000000045530       0x50 ./RTD/src/Clock_Ip_Specific.o
 .debug_macro   0x0000000000045580      0x1c3 ./RTD/src/Igf_Port_Ip.o
 .debug_macro   0x0000000000045743       0x34 ./RTD/src/Igf_Port_Ip.o
 .debug_macro   0x0000000000045777       0x34 ./RTD/src/Igf_Port_Ip.o
 .debug_macro   0x00000000000457ab     0x6923 ./RTD/src/Igf_Port_Ip.o
 .debug_macro   0x000000000004c0ce       0xd4 ./RTD/src/Igf_Port_Ip.o
 .debug_macro   0x000000000004c1a2       0x3a ./RTD/src/Igf_Port_Ip.o
 .debug_macro   0x000000000004c1dc       0x5e ./RTD/src/Igf_Port_Ip.o
 .debug_macro   0x000000000004c23a       0x34 ./RTD/src/Igf_Port_Ip.o
 .debug_macro   0x000000000004c26e       0x2e ./RTD/src/Igf_Port_Ip.o
 .debug_macro   0x000000000004c29c       0x3a ./RTD/src/Igf_Port_Ip.o
 .debug_macro   0x000000000004c2d6      0x1d7 ./RTD/src/OsIf_Timer.o
 .debug_macro   0x000000000004c4ad       0x70 ./RTD/src/OsIf_Timer.o
 .debug_macro   0x000000000004c51d      0x168 ./RTD/src/OsIf_Timer_System.o
 .debug_macro   0x000000000004c685       0x3a ./RTD/src/OsIf_Timer_System.o
 .debug_macro   0x000000000004c6bf      0x1e2 ./RTD/src/SchM_Mcu.o
 .debug_macro   0x000000000004c8a1       0x50 ./RTD/src/SchM_Mcu.o
 .debug_macro   0x000000000004c8f1       0x50 ./RTD/src/SchM_Mcu.o
 .debug_macro   0x000000000004c941      0x1e6 ./RTD/src/SchM_Port.o
 .debug_macro   0x000000000004cb27      0x26b ./RTD/src/Siul2_Port_Ip.o
 .debug_macro   0x000000000004cd92       0x97 ./RTD/src/Siul2_Port_Ip.o
 .debug_macro   0x000000000004ce29       0x50 ./RTD/src/Siul2_Port_Ip.o
 .debug_macro   0x000000000004ce79       0x50 ./RTD/src/Siul2_Port_Ip.o
 .debug_macro   0x000000000004cec9      0x1ff ./RTD/src/Siul2_Port_Ip.o
 .debug_macro   0x000000000004d0c8       0x50 ./RTD/src/Siul2_Port_Ip.o
 .debug_macro   0x000000000004d118       0x50 ./RTD/src/Siul2_Port_Ip.o
 .debug_macro   0x000000000004d168       0x50 ./RTD/src/Siul2_Port_Ip.o
 .debug_macro   0x000000000004d1b8       0x50 ./RTD/src/Siul2_Port_Ip.o
 .debug_macro   0x000000000004d208       0x50 ./RTD/src/Siul2_Port_Ip.o
 .debug_macro   0x000000000004d258       0x50 ./RTD/src/Siul2_Port_Ip.o
 .debug_macro   0x000000000004d2a8      0x211 ./RTD/src/Tspc_Port_Ip.o
 .debug_macro   0x000000000004d4b9       0x34 ./RTD/src/Tspc_Port_Ip.o
 .debug_macro   0x000000000004d4ed      0x568 ./RTD/src/Tspc_Port_Ip.o
 .debug_macro   0x000000000004da55       0x34 ./RTD/src/Tspc_Port_Ip.o
 .debug_macro   0x000000000004da89       0x3c ./RTD/src/Tspc_Port_Ip.o
 .debug_macro   0x000000000004dac5      0x106 ./board/Siul2_Port_Ip_Cfg.o
 .debug_macro   0x000000000004dbcb       0xee ./board/Tspc_Port_Ip_Cfg.o
 .debug_macro   0x000000000004dcb9      0x3c1 ./generate/src/Clock_Ip_Cfg.o
 .debug_macro   0x000000000004e07a      0x1a0 ./generate/src/Igf_Port_Ip_Cfg.o
 .debug_macro   0x000000000004e21a      0x139 ./generate/src/OsIf_Cfg.o
 .debug_macro   0x000000000004e353       0x5e ./generate/src/OsIf_Cfg.o
 .debug_macro   0x000000000004e3b1       0xf7 ./src/main.o

.debug_line     0x0000000000000000     0xc8d0
 .debug_line    0x0000000000000000      0x3d4 ./Project_Settings/Startup_Code/exceptions.o
 .debug_line    0x00000000000003d4      0x787 ./Project_Settings/Startup_Code/nvic.o
 .debug_line    0x0000000000000b5b      0x3fd ./Project_Settings/Startup_Code/startup.o
 .debug_line    0x0000000000000f58      0x139 ./Project_Settings/Startup_Code/startup_cm7.o
 .debug_line    0x0000000000001091      0x74d ./Project_Settings/Startup_Code/system.o
 .debug_line    0x00000000000017de     0x1288 ./RTD/src/Clock_Ip.o
 .debug_line    0x0000000000002a66      0x449 ./RTD/src/Clock_Ip_Data.o
 .debug_line    0x0000000000002eaf      0x623 ./RTD/src/Clock_Ip_Divider.o
 .debug_line    0x00000000000034d2      0x564 ./RTD/src/Clock_Ip_DividerTrigger.o
 .debug_line    0x0000000000003a36      0x6d4 ./RTD/src/Clock_Ip_ExtOsc.o
 .debug_line    0x000000000000410a      0x470 ./RTD/src/Clock_Ip_FracDiv.o
 .debug_line    0x000000000000457a      0x46a ./RTD/src/Clock_Ip_Frequency.o
 .debug_line    0x00000000000049e4      0x5f8 ./RTD/src/Clock_Ip_Gate.o
 .debug_line    0x0000000000004fdc      0x5cf ./RTD/src/Clock_Ip_IntOsc.o
 .debug_line    0x00000000000055ab      0x45d ./RTD/src/Clock_Ip_Irq.o
 .debug_line    0x0000000000005a08      0x78a ./RTD/src/Clock_Ip_Monitor.o
 .debug_line    0x0000000000006192      0x6a1 ./RTD/src/Clock_Ip_Pll.o
 .debug_line    0x0000000000006833      0x681 ./RTD/src/Clock_Ip_ProgFreqSwitch.o
 .debug_line    0x0000000000006eb4      0xa1d ./RTD/src/Clock_Ip_Selector.o
 .debug_line    0x00000000000078d1      0x8a5 ./RTD/src/Clock_Ip_Specific.o
 .debug_line    0x0000000000008176      0x3bd ./RTD/src/Igf_Port_Ip.o
 .debug_line    0x0000000000008533      0x35e ./RTD/src/OsIf_Timer.o
 .debug_line    0x0000000000008891      0x314 ./RTD/src/OsIf_Timer_System.o
 .debug_line    0x0000000000008ba5      0x4c4 ./RTD/src/SchM_Mcu.o
 .debug_line    0x0000000000009069     0x128b ./RTD/src/SchM_Port.o
 .debug_line    0x000000000000a2f4      0xa69 ./RTD/src/Siul2_Port_Ip.o
 .debug_line    0x000000000000ad5d      0x5a4 ./RTD/src/Tspc_Port_Ip.o
 .debug_line    0x000000000000b301      0x2a4 ./board/Siul2_Port_Ip_Cfg.o
 .debug_line    0x000000000000b5a5      0x235 ./board/Tspc_Port_Ip_Cfg.o
 .debug_line    0x000000000000b7da      0x44d ./generate/src/Clock_Ip_Cfg.o
 .debug_line    0x000000000000bc27      0x3a7 ./generate/src/Igf_Port_Ip_Cfg.o
 .debug_line    0x000000000000bfce      0x2c8 ./generate/src/OsIf_Cfg.o
 .debug_line    0x000000000000c296      0x28d ./src/main.o
 .debug_line    0x000000000000c523      0x1ee /usr/lib/gcc/arm-none-eabi/10.3.1/../../../arm-none-eabi/lib/thumb/v7e-m+fp/hard/libc_nano.a(lib_a-memmove.o)
 .debug_line    0x000000000000c711      0x1bf /usr/lib/gcc/arm-none-eabi/10.3.1/../../../arm-none-eabi/lib/thumb/v7e-m+fp/hard/libc_nano.a(lib_a-memset.o)

.debug_str      0x0000000000000000   0x1fe9bf
 .debug_str     0x0000000000000000     0x7bf2 ./Project_Settings/Startup_Code/exceptions.o
                                       0x7e0c (size before relaxing)
 .debug_str     0x0000000000007bf2   0x1e66a9 ./Project_Settings/Startup_Code/nvic.o
                                     0x1eced6 (size before relaxing)
 .debug_str     0x00000000001ee29b      0x11b ./Project_Settings/Startup_Code/startup.o
                                       0x5d4a (size before relaxing)
 .debug_str     0x00000000001ee3b6       0x3b ./Project_Settings/Startup_Code/startup_cm7.o
                                         0x71 (size before relaxing)
 .debug_str     0x00000000001ee3f1      0x770 ./Project_Settings/Startup_Code/system.o
                                      0x16691 (size before relaxing)
 .debug_str     0x00000000001eeb61     0x4de7 ./RTD/src/Clock_Ip.o
                                      0x35ee7 (size before relaxing)
 .debug_str     0x00000000001f3948     0x1e41 ./RTD/src/Clock_Ip_Data.o
                                      0x3667e (size before relaxing)
 .debug_str     0x00000000001f5789      0x239 ./RTD/src/Clock_Ip_Divider.o
                                      0x34b67 (size before relaxing)
 .debug_str     0x00000000001f59c2      0x201 ./RTD/src/Clock_Ip_DividerTrigger.o
                                      0x34b19 (size before relaxing)
 .debug_str     0x00000000001f5bc3      0x2f8 ./RTD/src/Clock_Ip_ExtOsc.o
                                      0x34bc5 (size before relaxing)
 .debug_str     0x00000000001f5ebb      0x181 ./RTD/src/Clock_Ip_FracDiv.o
                                      0x3480d (size before relaxing)
 .debug_str     0x00000000001f603c       0x2b ./RTD/src/Clock_Ip_Frequency.o
                                      0x345bf (size before relaxing)
 .debug_str     0x00000000001f6067      0x221 ./RTD/src/Clock_Ip_Gate.o
                                      0x34b8b (size before relaxing)
 .debug_str     0x00000000001f6288      0x38b ./RTD/src/Clock_Ip_IntOsc.o
                                      0x34e9e (size before relaxing)
 .debug_str     0x00000000001f6613      0x154 ./RTD/src/Clock_Ip_Irq.o
                                      0x34085 (size before relaxing)
 .debug_str     0x00000000001f6767      0x787 ./RTD/src/Clock_Ip_Monitor.o
                                      0x35629 (size before relaxing)
 .debug_str     0x00000000001f6eee      0x2f8 ./RTD/src/Clock_Ip_Pll.o
                                      0x34d1e (size before relaxing)
 .debug_str     0x00000000001f71e6      0x2f7 ./RTD/src/Clock_Ip_ProgFreqSwitch.o
                                      0x34f5a (size before relaxing)
 .debug_str     0x00000000001f74dd      0x2ec ./RTD/src/Clock_Ip_Selector.o
                                      0x34c75 (size before relaxing)
 .debug_str     0x00000000001f77c9      0x4e3 ./RTD/src/Clock_Ip_Specific.o
                                      0x35861 (size before relaxing)
 .debug_str     0x00000000001f7cac     0x1111 ./RTD/src/Igf_Port_Ip.o
                                      0x4e09c (size before relaxing)
 .debug_str     0x00000000001f8dbd      0x41c ./RTD/src/OsIf_Timer.o
                                       0x8388 (size before relaxing)
 .debug_str     0x00000000001f91d9      0x14c ./RTD/src/OsIf_Timer_System.o
                                       0x827f (size before relaxing)
 .debug_str     0x00000000001f9325      0x381 ./RTD/src/SchM_Mcu.o
                                       0x84a1 (size before relaxing)
 .debug_str     0x00000000001f96a6     0x106b ./RTD/src/SchM_Port.o
                                       0x9287 (size before relaxing)
 .debug_str     0x00000000001fa711     0x33e8 ./RTD/src/Siul2_Port_Ip.o
                                      0x5134e (size before relaxing)
 .debug_str     0x00000000001fdaf9      0x5d9 ./RTD/src/Tspc_Port_Ip.o
                                      0x50b98 (size before relaxing)
 .debug_str     0x00000000001fe0d2      0x143 ./board/Siul2_Port_Ip_Cfg.o
                                      0x4bb8b (size before relaxing)
 .debug_str     0x00000000001fe215      0x13b ./board/Tspc_Port_Ip_Cfg.o
                                       0x88a5 (size before relaxing)
 .debug_str     0x00000000001fe350      0x287 ./generate/src/Clock_Ip_Cfg.o
                                      0x34d52 (size before relaxing)
 .debug_str     0x00000000001fe5d7      0x13a ./generate/src/Igf_Port_Ip_Cfg.o
                                      0x4de23 (size before relaxing)
 .debug_str     0x00000000001fe711      0x102 ./generate/src/OsIf_Cfg.o
                                       0x7f90 (size before relaxing)
 .debug_str     0x00000000001fe813       0x1d ./src/main.o
                                       0x7b7a (size before relaxing)
 .debug_str     0x00000000001fe830      0x147 /usr/lib/gcc/arm-none-eabi/10.3.1/../../../arm-none-eabi/lib/thumb/v7e-m+fp/hard/libc_nano.a(lib_a-memmove.o)
                                        0x1df (size before relaxing)
 .debug_str     0x00000000001fe977       0x48 /usr/lib/gcc/arm-none-eabi/10.3.1/../../../arm-none-eabi/lib/thumb/v7e-m+fp/hard/libc_nano.a(lib_a-memset.o)
                                        0x1c0 (size before relaxing)

.debug_frame    0x0000000000000000     0x130c
 .debug_frame   0x0000000000000000       0xb0 ./Project_Settings/Startup_Code/exceptions.o
 .debug_frame   0x00000000000000b0       0x50 ./Project_Settings/Startup_Code/nvic.o
 .debug_frame   0x0000000000000100       0x54 ./Project_Settings/Startup_Code/startup.o
 .debug_frame   0x0000000000000154       0x60 ./Project_Settings/Startup_Code/system.o
 .debug_frame   0x00000000000001b4      0x1b8 ./RTD/src/Clock_Ip.o
 .debug_frame   0x000000000000036c       0x70 ./RTD/src/Clock_Ip_Divider.o
 .debug_frame   0x00000000000003dc       0x50 ./RTD/src/Clock_Ip_DividerTrigger.o
 .debug_frame   0x000000000000042c      0x108 ./RTD/src/Clock_Ip_ExtOsc.o
 .debug_frame   0x0000000000000534       0x30 ./RTD/src/Clock_Ip_FracDiv.o
 .debug_frame   0x0000000000000564       0x20 ./RTD/src/Clock_Ip_Frequency.o
 .debug_frame   0x0000000000000584       0x6c ./RTD/src/Clock_Ip_Gate.o
 .debug_frame   0x00000000000005f0       0xc4 ./RTD/src/Clock_Ip_IntOsc.o
 .debug_frame   0x00000000000006b4       0x20 ./RTD/src/Clock_Ip_Irq.o
 .debug_frame   0x00000000000006d4       0xd0 ./RTD/src/Clock_Ip_Monitor.o
 .debug_frame   0x00000000000007a4       0xa4 ./RTD/src/Clock_Ip_Pll.o
 .debug_frame   0x0000000000000848       0x40 ./RTD/src/Clock_Ip_ProgFreqSwitch.o
 .debug_frame   0x0000000000000888       0xf8 ./RTD/src/Clock_Ip_Selector.o
 .debug_frame   0x0000000000000980       0xf4 ./RTD/src/Clock_Ip_Specific.o
 .debug_frame   0x0000000000000a74       0x60 ./RTD/src/OsIf_Timer.o
 .debug_frame   0x0000000000000ad4       0xb0 ./RTD/src/SchM_Mcu.o
 .debug_frame   0x0000000000000b84      0x560 ./RTD/src/SchM_Port.o
 .debug_frame   0x00000000000010e4      0x144 ./RTD/src/Siul2_Port_Ip.o
 .debug_frame   0x0000000000001228       0x58 ./RTD/src/Tspc_Port_Ip.o
 .debug_frame   0x0000000000001280       0x20 ./src/main.o
 .debug_frame   0x00000000000012a0       0x40 /usr/lib/gcc/arm-none-eabi/10.3.1/../../../arm-none-eabi/lib/thumb/v7e-m+fp/hard/libc_nano.a(lib_a-memmove.o)
 .debug_frame   0x00000000000012e0       0x2c /usr/lib/gcc/arm-none-eabi/10.3.1/../../../arm-none-eabi/lib/thumb/v7e-m+fp/hard/libc_nano.a(lib_a-memset.o)

.debug_loc      0x0000000000000000     0x434d
 .debug_loc     0x0000000000000000       0xb9 ./Project_Settings/Startup_Code/nvic.o
 .debug_loc     0x00000000000000b9      0x3b7 ./Project_Settings/Startup_Code/startup.o
 .debug_loc     0x0000000000000470      0x262 ./Project_Settings/Startup_Code/system.o
 .debug_loc     0x00000000000006d2      0x807 ./RTD/src/Clock_Ip.o
 .debug_loc     0x0000000000000ed9      0x185 ./RTD/src/Clock_Ip_Divider.o
 .debug_loc     0x000000000000105e       0x7b ./RTD/src/Clock_Ip_DividerTrigger.o
 .debug_loc     0x00000000000010d9      0x16b ./RTD/src/Clock_Ip_ExtOsc.o
 .debug_loc     0x0000000000001244       0x25 ./RTD/src/Clock_Ip_FracDiv.o
 .debug_loc     0x0000000000001269      0x143 ./RTD/src/Clock_Ip_Gate.o
 .debug_loc     0x00000000000013ac      0x108 ./RTD/src/Clock_Ip_IntOsc.o
 .debug_loc     0x00000000000014b4      0x4bd ./RTD/src/Clock_Ip_Monitor.o
 .debug_loc     0x0000000000001971      0x236 ./RTD/src/Clock_Ip_Pll.o
 .debug_loc     0x0000000000001ba7      0x447 ./RTD/src/Clock_Ip_ProgFreqSwitch.o
 .debug_loc     0x0000000000001fee      0x513 ./RTD/src/Clock_Ip_Selector.o
 .debug_loc     0x0000000000002501      0x29b ./RTD/src/Clock_Ip_Specific.o
 .debug_loc     0x000000000000279c       0x99 ./RTD/src/OsIf_Timer.o
 .debug_loc     0x0000000000002835      0x111 ./RTD/src/SchM_Mcu.o
 .debug_loc     0x0000000000002946      0x945 ./RTD/src/SchM_Port.o
 .debug_loc     0x000000000000328b      0x9cd ./RTD/src/Siul2_Port_Ip.o
 .debug_loc     0x0000000000003c58      0x17a ./RTD/src/Tspc_Port_Ip.o
 .debug_loc     0x0000000000003dd2      0x34f /usr/lib/gcc/arm-none-eabi/10.3.1/../../../arm-none-eabi/lib/thumb/v7e-m+fp/hard/libc_nano.a(lib_a-memmove.o)
 .debug_loc     0x0000000000004121      0x22c /usr/lib/gcc/arm-none-eabi/10.3.1/../../../arm-none-eabi/lib/thumb/v7e-m+fp/hard/libc_nano.a(lib_a-memset.o)

.debug_ranges   0x0000000000000000      0x1b0
 .debug_ranges  0x0000000000000000       0x20 ./Project_Settings/Startup_Code/startup_cm7.o
 .debug_ranges  0x0000000000000020       0x50 ./Project_Settings/Startup_Code/system.o
 .debug_ranges  0x0000000000000070       0x88 ./RTD/src/Clock_Ip.o
 .debug_ranges  0x00000000000000f8       0x30 ./RTD/src/Clock_Ip_Selector.o
 .debug_ranges  0x0000000000000128       0x18 ./RTD/src/Clock_Ip_Specific.o
 .debug_ranges  0x0000000000000140       0x30 ./RTD/src/Siul2_Port_Ip.o
 .debug_ranges  0x0000000000000170       0x30 ./RTD/src/Tspc_Port_Ip.o
 .debug_ranges  0x00000000000001a0       0x10 ./src/main.o
