Archive member included to satisfy reference by file (symbol)

c:/nxp/s32ds.3.5/s32ds/build_tools/gcc_v10.2/gcc-10.2-arm32-eabi/bin/../lib/gcc/arm-none-eabi/10.2.0/../../../../arm-none-eabi/lib/thumb/v7e-m+fp/hard\libc_nano.a(lib_a-memmove.o)
                              ./RTD/src/Siul2_Port_Ip.o (memmove)
c:/nxp/s32ds.3.5/s32ds/build_tools/gcc_v10.2/gcc-10.2-arm32-eabi/bin/../lib/gcc/arm-none-eabi/10.2.0/../../../../arm-none-eabi/lib/thumb/v7e-m+fp/hard\libc_nano.a(lib_a-memset.o)
                              ./Project_Settings/Startup_Code/startup.o (memset)

Discarded input sections

 .group         0x00000000        0xc ./Project_Settings/Startup_Code/exceptions.o
 .group         0x00000000        0xc ./Project_Settings/Startup_Code/exceptions.o
 .group         0x00000000        0xc ./Project_Settings/Startup_Code/exceptions.o
 .group         0x00000000        0xc ./Project_Settings/Startup_Code/exceptions.o
 .group         0x00000000        0xc ./Project_Settings/Startup_Code/exceptions.o
 .group         0x00000000        0xc ./Project_Settings/Startup_Code/exceptions.o
 .group         0x00000000        0xc ./Project_Settings/Startup_Code/exceptions.o
 .group         0x00000000        0xc ./Project_Settings/Startup_Code/exceptions.o
 .group         0x00000000        0xc ./Project_Settings/Startup_Code/exceptions.o
 .group         0x00000000        0xc ./Project_Settings/Startup_Code/exceptions.o
 .group         0x00000000        0xc ./Project_Settings/Startup_Code/exceptions.o
 .group         0x00000000        0xc ./Project_Settings/Startup_Code/exceptions.o
 .group         0x00000000        0xc ./Project_Settings/Startup_Code/exceptions.o
 .group         0x00000000        0xc ./Project_Settings/Startup_Code/exceptions.o
 .group         0x00000000        0xc ./Project_Settings/Startup_Code/exceptions.o
 .group         0x00000000        0xc ./Project_Settings/Startup_Code/exceptions.o
 .group         0x00000000        0xc ./Project_Settings/Startup_Code/exceptions.o
 .group         0x00000000        0xc ./Project_Settings/Startup_Code/exceptions.o
 .group         0x00000000        0xc ./Project_Settings/Startup_Code/exceptions.o
 .group         0x00000000        0xc ./Project_Settings/Startup_Code/exceptions.o
 .group         0x00000000        0xc ./Project_Settings/Startup_Code/exceptions.o
 .group         0x00000000        0xc ./Project_Settings/Startup_Code/exceptions.o
 .group         0x00000000        0xc ./Project_Settings/Startup_Code/exceptions.o
 .group         0x00000000        0xc ./Project_Settings/Startup_Code/exceptions.o
 .group         0x00000000        0xc ./Project_Settings/Startup_Code/exceptions.o
 .group         0x00000000        0xc ./Project_Settings/Startup_Code/exceptions.o
 .group         0x00000000        0xc ./Project_Settings/Startup_Code/nvic.o
 .group         0x00000000        0xc ./Project_Settings/Startup_Code/nvic.o
 .group         0x00000000        0xc ./Project_Settings/Startup_Code/nvic.o
 .group         0x00000000        0xc ./Project_Settings/Startup_Code/nvic.o
 .group         0x00000000        0xc ./Project_Settings/Startup_Code/nvic.o
 .group         0x00000000        0xc ./Project_Settings/Startup_Code/nvic.o
 .group         0x00000000        0xc ./Project_Settings/Startup_Code/nvic.o
 .group         0x00000000        0xc ./Project_Settings/Startup_Code/nvic.o
 .group         0x00000000        0xc ./Project_Settings/Startup_Code/nvic.o
 .group         0x00000000        0xc ./Project_Settings/Startup_Code/nvic.o
 .group         0x00000000        0xc ./Project_Settings/Startup_Code/nvic.o
 .group         0x00000000        0xc ./Project_Settings/Startup_Code/nvic.o
 .group         0x00000000        0xc ./Project_Settings/Startup_Code/nvic.o
 .group         0x00000000        0xc ./Project_Settings/Startup_Code/nvic.o
 .group         0x00000000        0xc ./Project_Settings/Startup_Code/nvic.o
 .group         0x00000000        0xc ./Project_Settings/Startup_Code/nvic.o
 .group         0x00000000        0xc ./Project_Settings/Startup_Code/nvic.o
 .group         0x00000000        0xc ./Project_Settings/Startup_Code/nvic.o
 .group         0x00000000        0xc ./Project_Settings/Startup_Code/nvic.o
 .group         0x00000000        0xc ./Project_Settings/Startup_Code/nvic.o
 .group         0x00000000        0xc ./Project_Settings/Startup_Code/nvic.o
 .group         0x00000000        0xc ./Project_Settings/Startup_Code/nvic.o
 .group         0x00000000        0xc ./Project_Settings/Startup_Code/nvic.o
 .group         0x00000000        0xc ./Project_Settings/Startup_Code/nvic.o
 .group         0x00000000        0xc ./Project_Settings/Startup_Code/nvic.o
 .group         0x00000000        0xc ./Project_Settings/Startup_Code/nvic.o
 .group         0x00000000        0xc ./Project_Settings/Startup_Code/nvic.o
 .group         0x00000000        0xc ./Project_Settings/Startup_Code/nvic.o
 .group         0x00000000        0xc ./Project_Settings/Startup_Code/nvic.o
[...]
Memory Configuration

Name             Origin             Length             Attributes
int_flash_c0     0x00400000         0x00100000
int_flash_c1     0x00500000         0x000d4000
int_itcm         0x00000000         0x00008000
int_dtcm         0x20000000         0x0000f000
int_stack_dtcm   0x2000f000         0x00001000
int_sram_c0      0x20400000         0x00003f00
int_sram_fls_rsv_c0 0x20403f00         0x00000100
int_sram_no_cacheable_c0 0x20404000         0x00002000
ram_end_c0       0x20406000         0x00000000
int_sram_c1      0x20406000         0x00001f00
int_sram_fls_rsv_c1 0x20407f00         0x00000100
int_sram_no_cacheable_c1 0x20408000         0x00004000
ram_end_c1       0x2040c000         0x00000000
int_sram_shareable 0x2040c000         0x00004000
ram_rsvd2        0x20410000         0x00000000
*default*        0x00000000         0xffffffff

Linker script and memory map

LOAD ./Project_Settings/Startup_Code/Vector_Table.o
LOAD ./Project_Settings/Startup_Code/exceptions.o
LOAD ./Project_Settings/Startup_Code/nvic.o
LOAD ./Project_Settings/Startup_Code/startup.o
LOAD ./Project_Settings/Startup_Code/startup_cm7.o
LOAD ./Project_Settings/Startup_Code/system.o
LOAD ./RTD/src/Clock_Ip.o
LOAD ./RTD/src/Clock_Ip_Data.o
LOAD ./RTD/src/Clock_Ip_Divider.o
LOAD ./RTD/src/Clock_Ip_DividerTrigger.o
LOAD ./RTD/src/Clock_Ip_ExtOsc.o
LOAD ./RTD/src/Clock_Ip_FracDiv.o
LOAD ./RTD/src/Clock_Ip_Frequency.o
LOAD ./RTD/src/Clock_Ip_Gate.o
LOAD ./RTD/src/Clock_Ip_IntOsc.o
LOAD ./RTD/src/Clock_Ip_Irq.o
LOAD ./RTD/src/Clock_Ip_Monitor.o
LOAD ./RTD/src/Clock_Ip_Pll.o
LOAD ./RTD/src/Clock_Ip_ProgFreqSwitch.o
LOAD ./RTD/src/Clock_Ip_Selector.o
LOAD ./RTD/src/Clock_Ip_Specific.o
LOAD ./RTD/src/Det.o
LOAD ./RTD/src/Det_stub.o
LOAD ./RTD/src/Flexio_Spi_Ip.o
LOAD ./RTD/src/Flexio_Spi_Ip_Irq.o
LOAD ./RTD/src/Igf_Port_Ip.o
LOAD ./RTD/src/Lpspi_Ip.o
LOAD ./RTD/src/Lpspi_Ip_Irq.o
LOAD ./RTD/src/Mcu.o
LOAD ./RTD/src/Mcu_Dem_Wrapper.o
LOAD ./RTD/src/Mcu_Ipw.o
LOAD ./RTD/src/OsIf_Interrupts.o
LOAD ./RTD/src/OsIf_Timer.o
LOAD ./RTD/src/OsIf_Timer_System.o
LOAD ./RTD/src/OsIf_Timer_System_Internal_Systick.o
LOAD ./RTD/src/Power_Ip.o
LOAD ./RTD/src/Power_Ip_AEC.o
LOAD ./RTD/src/Power_Ip_CortexM7.o
LOAD ./RTD/src/Power_Ip_DCM_GPR.o
LOAD ./RTD/src/Power_Ip_FLASH.o
LOAD ./RTD/src/Power_Ip_MC_ME.o
LOAD ./RTD/src/Power_Ip_MC_RGM.o
LOAD ./RTD/src/Power_Ip_MC_RGM_Irq.o
LOAD ./RTD/src/Power_Ip_PMC.o
LOAD ./RTD/src/Power_Ip_PMC_Irq.o
LOAD ./RTD/src/Power_Ip_Private.o
LOAD ./RTD/src/Ram_Ip.o
LOAD ./RTD/src/SchM_Mcu.o
LOAD ./RTD/src/SchM_Port.o
LOAD ./RTD/src/SchM_Spi.o
LOAD ./RTD/src/Siul2_Port_Ip.o
LOAD ./RTD/src/Spi.o
LOAD ./RTD/src/Spi_Ipw.o
LOAD ./RTD/src/Tspc_Port_Ip.o
LOAD ./board/Siul2_Port_Ip_Cfg.o
LOAD ./board/Tspc_Port_Ip_Cfg.o
LOAD ./generate/src/Clock_Ip_BOARD_InitPeripherals_PBcfg.o
LOAD ./generate/src/Clock_Ip_Cfg.o
LOAD ./generate/src/Flexio_Spi_Ip_BOARD_InitPeripherals_PBcfg.o
LOAD ./generate/src/Igf_Port_Ip_Cfg.o
LOAD ./generate/src/Lpspi_Ip_BOARD_InitPeripherals_PBcfg.o
LOAD ./generate/src/Mcu_BOARD_InitPeripherals_PBcfg.o
LOAD ./generate/src/Mcu_Cfg.o
LOAD ./generate/src/OsIf_Cfg.o
LOAD ./generate/src/Power_Ip_BOARD_InitPeripherals_PBcfg.o
LOAD ./generate/src/Power_Ip_Cfg.o
LOAD ./generate/src/Ram_Ip_BOARD_InitPeripherals_PBcfg.o
LOAD ./generate/src/Ram_Ip_Cfg.o
LOAD ./generate/src/Spi_BOARD_InitPeripherals_PBcfg.o
LOAD ./generate/src/Spi_Ipw_BOARD_InitPeripherals_PBcfg.o
LOAD ./src/main.o
LOAD c:/nxp/s32ds.3.5/s32ds/build_tools/gcc_v10.2/gcc-10.2-arm32-eabi/bin/../lib/gcc/arm-none-eabi/10.2.0/../../../../arm-none-eabi/lib/thumb/v7e-m+fp/hard\libc_nano.a
LOAD c:/nxp/s32ds.3.5/s32ds/build_tools/gcc_v10.2/gcc-10.2-arm32-eabi/bin/../lib/gcc/arm-none-eabi/10.2.0/../../../../arm-none-eabi/lib/thumb/v7e-m+fp/hard\libm.a
LOAD c:/nxp/s32ds.3.5/s32ds/build_tools/gcc_v10.2/gcc-10.2-arm32-eabi/bin/../lib/gcc/arm-none-eabi/10.2.0/thumb/v7e-m+fp/hard\libgcc.a
START GROUP
LOAD c:/nxp/s32ds.3.5/s32ds/build_tools/gcc_v10.2/gcc-10.2-arm32-eabi/bin/../lib/gcc/arm-none-eabi/10.2.0/thumb/v7e-m+fp/hard\libgcc.a
LOAD c:/nxp/s32ds.3.5/s32ds/build_tools/gcc_v10.2/gcc-10.2-arm32-eabi/bin/../lib/gcc/arm-none-eabi/10.2.0/../../../../arm-none-eabi/lib/thumb/v7e-m+fp/hard\libg_nano.a
LOAD c:/nxp/s32ds.3.5/s32ds/build_tools/gcc_v10.2/gcc-10.2-arm32-eabi/bin/../lib/gcc/arm-none-eabi/10.2.0/../../../../arm-none-eabi/lib/thumb/v7e-m+fp/hard\libc_nano.a
END GROUP
START GROUP
LOAD c:/nxp/s32ds.3.5/s32ds/build_tools/gcc_v10.2/gcc-10.2-arm32-eabi/bin/../lib/gcc/arm-none-eabi/10.2.0/thumb/v7e-m+fp/hard\libgcc.a
LOAD c:/nxp/s32ds.3.5/s32ds/build_tools/gcc_v10.2/gcc-10.2-arm32-eabi/bin/../lib/gcc/arm-none-eabi/10.2.0/../../../../arm-none-eabi/lib/thumb/v7e-m+fp/hard\libc_nano.a
LOAD c:/nxp/s32ds.3.5/s32ds/build_tools/gcc_v10.2/gcc-10.2-arm32-eabi/bin/../lib/gcc/arm-none-eabi/10.2.0/../../../../arm-none-eabi/lib/thumb/v7e-m+fp/hard\libnosys.a
END GROUP
START GROUP
LOAD c:/nxp/s32ds.3.5/s32ds/build_tools/gcc_v10.2/gcc-10.2-arm32-eabi/bin/../lib/gcc/arm-none-eabi/10.2.0/thumb/v7e-m+fp/hard\libgcc.a
LOAD c:/nxp/s32ds.3.5/s32ds/build_tools/gcc_v10.2/gcc-10.2-arm32-eabi/bin/../lib/gcc/arm-none-eabi/10.2.0/../../../../arm-none-eabi/lib/thumb/v7e-m+fp/hard\libc_nano.a
LOAD c:/nxp/s32ds.3.5/s32ds/build_tools/gcc_v10.2/gcc-10.2-arm32-eabi/bin/../lib/gcc/arm-none-eabi/10.2.0/../../../../arm-none-eabi/lib/thumb/v7e-m+fp/hard\libnosys.a
END GROUP
                0x00001000                HEAP_SIZE = DEFINED (__heap_size__)?__heap_size__:0x1000

.flash          0x00500000     0x77ac
                0x00500000                . = ALIGN (0x800)
                0x00500000                __text_start = .
                0x00500000                __interrupts_init_start = .
 *(.intc_vector)
 .intc_vector   0x00500000      0x408 ./Project_Settings/Startup_Code/Vector_Table.o
                0x00500000                VTABLE
                0x00500408                . = ALIGN (0x4)
                0x00500408                __interrupts_init_end = .
 *(.core_loop)
 .core_loop     0x00500408        0xc ./Project_Settings/Startup_Code/startup_cm7.o
                0x00500408                _core_loop
                0x00500414                . = ALIGN (0x4)
 *(.startup)
 *fill*         0x00500414        0xc 
 .startup       0x00500420      0x190 ./Project_Settings/Startup_Code/startup_cm7.o
                0x00500420                Reset_Handler
                0x00500420                _start
                0x00500540                MCAL_LTB_TRACE_OFF
                0x00500542                _end_of_eunit_test
                0x005005b0                . = ALIGN (0x4)
 *(.text.startup)
 .text.startup  0x005005b0       0x10 ./src/main.o
                0x005005b0                main
                0x005005c0                . = ALIGN (0x4)
 *(.text)
 .text          0x005005c0        0x0 ./Project_Settings/Startup_Code/Vector_Table.o
 .text          0x005005c0        0x0 ./Project_Settings/Startup_Code/exceptions.o
 .text          0x005005c0        0x0 ./Project_Settings/Startup_Code/nvic.o
 .text          0x005005c0        0x0 ./Project_Settings/Startup_Code/startup.o
 .text          0x005005c0        0x0 ./Project_Settings/Startup_Code/startup_cm7.o
 .text          0x005005c0       0x10 ./Project_Settings/Startup_Code/system.o
                0x005005c0                Sys_GetCoreID
 .text          0x005005d0        0x0 ./RTD/src/Clock_Ip.o
 .text          0x005005d0        0x0 ./RTD/src/Clock_Ip_Data.o
 .text          0x005005d0        0x0 ./RTD/src/Clock_Ip_Divider.o
 .text          0x005005d0        0x0 ./RTD/src/Clock_Ip_DividerTrigger.o
 .text          0x005005d0        0x0 ./RTD/src/Clock_Ip_ExtOsc.o
 .text          0x005005d0        0x0 ./RTD/src/Clock_Ip_FracDiv.o
 .text          0x005005d0        0x0 ./RTD/src/Clock_Ip_Frequency.o
 .text          0x005005d0        0x0 ./RTD/src/Clock_Ip_Gate.o
 .text          0x005005d0        0x0 ./RTD/src/Clock_Ip_IntOsc.o
 .text          0x005005d0        0x0 ./RTD/src/Clock_Ip_Irq.o
 .text          0x005005d0        0x0 ./RTD/src/Clock_Ip_Monitor.o
 .text          0x005005d0        0x0 ./RTD/src/Clock_Ip_Pll.o
 .text          0x005005d0        0x0 ./RTD/src/Clock_Ip_ProgFreqSwitch.o
 .text          0x005005d0        0x0 ./RTD/src/Clock_Ip_Selector.o
 .text          0x005005d0        0x0 ./RTD/src/Clock_Ip_Specific.o
 .text          0x005005d0        0x0 ./RTD/src/Det.o
 .text          0x005005d0        0x0 ./RTD/src/Det_stub.o
 .text          0x005005d0        0x0 ./RTD/src/Flexio_Spi_Ip.o
 .text          0x005005d0        0x0 ./RTD/src/Flexio_Spi_Ip_Irq.o
 .text          0x005005d0        0x0 ./RTD/src/Igf_Port_Ip.o
 .text          0x005005d0        0x0 ./RTD/src/Lpspi_Ip.o
 .text          0x005005d0        0x0 ./RTD/src/Lpspi_Ip_Irq.o
 .text          0x005005d0        0x0 ./RTD/src/Mcu.o
 .text          0x005005d0        0x0 ./RTD/src/Mcu_Dem_Wrapper.o
 .text          0x005005d0        0x0 ./RTD/src/Mcu_Ipw.o
 .text          0x005005d0        0x0 ./RTD/src/OsIf_Interrupts.o
 .text          0x005005d0        0x0 ./RTD/src/OsIf_Timer.o
 .text          0x005005d0        0x0 ./RTD/src/OsIf_Timer_System.o
 .text          0x005005d0        0x0 ./RTD/src/OsIf_Timer_System_Internal_Systick.o
 .text          0x005005d0        0x0 ./RTD/src/Power_Ip.o
 .text          0x005005d0        0x0 ./RTD/src/Power_Ip_AEC.o
 .text          0x005005d0        0x0 ./RTD/src/Power_Ip_CortexM7.o
 .text          0x005005d0        0x0 ./RTD/src/Power_Ip_DCM_GPR.o
 .text          0x005005d0        0x0 ./RTD/src/Power_Ip_FLASH.o
 .text          0x005005d0        0x0 ./RTD/src/Power_Ip_MC_ME.o
 .text          0x005005d0        0x0 ./RTD/src/Power_Ip_MC_RGM.o
 .text          0x005005d0        0x0 ./RTD/src/Power_Ip_MC_RGM_Irq.o
 .text          0x005005d0        0x0 ./RTD/src/Power_Ip_PMC.o
 .text          0x005005d0        0x0 ./RTD/src/Power_Ip_PMC_Irq.o
 .text          0x005005d0        0x0 ./RTD/src/Power_Ip_Private.o
 .text          0x005005d0        0x0 ./RTD/src/Ram_Ip.o
 .text          0x005005d0        0x6 ./RTD/src/SchM_Mcu.o
                0x005005d0                Mcu_schm_read_msr
 .text          0x005005d6        0x6 ./RTD/src/SchM_Port.o
                0x005005d6                Port_schm_read_msr
 .text          0x005005dc        0x6 ./RTD/src/SchM_Spi.o
                0x005005dc                Spi_schm_read_msr
 .text          0x005005e2       0x14 ./RTD/src/Siul2_Port_Ip.o
 .text          0x005005f6        0x0 ./RTD/src/Spi.o
 .text          0x005005f6        0x0 ./RTD/src/Spi_Ipw.o
 .text          0x005005f6        0x0 ./RTD/src/Tspc_Port_Ip.o
 .text          0x005005f6        0x0 ./board/Siul2_Port_Ip_Cfg.o
 .text          0x005005f6        0x0 ./board/Tspc_Port_Ip_Cfg.o
 .text          0x005005f6        0x0 ./generate/src/Clock_Ip_BOARD_InitPeripherals_PBcfg.o
 .text          0x005005f6        0x0 ./generate/src/Clock_Ip_Cfg.o
 .text          0x005005f6        0x0 ./generate/src/Flexio_Spi_Ip_BOARD_InitPeripherals_PBcfg.o
 .text          0x005005f6        0x0 ./generate/src/Igf_Port_Ip_Cfg.o
 .text          0x005005f6        0x0 ./generate/src/Lpspi_Ip_BOARD_InitPeripherals_PBcfg.o
 .text          0x005005f6        0x0 ./generate/src/Mcu_BOARD_InitPeripherals_PBcfg.o
 .text          0x005005f6        0x0 ./generate/src/Mcu_Cfg.o
 .text          0x005005f6        0x0 ./generate/src/OsIf_Cfg.o
 .text          0x005005f6        0x0 ./generate/src/Power_Ip_BOARD_InitPeripherals_PBcfg.o
 .text          0x005005f6        0x0 ./generate/src/Power_Ip_Cfg.o
 .text          0x005005f6        0x0 ./generate/src/Ram_Ip_BOARD_InitPeripherals_PBcfg.o
 .text          0x005005f6        0x0 ./generate/src/Ram_Ip_Cfg.o
 .text          0x005005f6        0x0 ./generate/src/Spi_BOARD_InitPeripherals_PBcfg.o
 .text          0x005005f6        0x0 ./generate/src/Spi_Ipw_BOARD_InitPeripherals_PBcfg.o
 .text          0x005005f6        0x0 ./src/main.o
 .text          0x005005f6        0x0 c:/nxp/s32ds.3.5/s32ds/build_tools/gcc_v10.2/gcc-10.2-arm32-eabi/bin/../lib/gcc/arm-none-eabi/10.2.0/../../../../arm-none-eabi/lib/thumb/v7e-m+fp/hard\libc_nano.a(lib_a-memmove.o)
 .text          0x005005f6        0x0 c:/nxp/s32ds.3.5/s32ds/build_tools/gcc_v10.2/gcc-10.2-arm32-eabi/bin/../lib/gcc/arm-none-eabi/10.2.0/../../../../arm-none-eabi/lib/thumb/v7e-m+fp/hard\libc_nano.a(lib_a-memset.o)
 *(.text*)
 .text.memmove  0x005005f6       0x34 c:/nxp/s32ds.3.5/s32ds/build_tools/gcc_v10.2/gcc-10.2-arm32-eabi/bin/../lib/gcc/arm-none-eabi/10.2.0/../../../../arm-none-eabi/lib/thumb/v7e-m+fp/hard\libc_nano.a(lib_a-memmove.o)
                0x005005f6                memmove
 .text.memset   0x0050062a       0x10 c:/nxp/s32ds.3.5/s32ds/build_tools/gcc_v10.2/gcc-10.2-arm32-eabi/bin/../lib/gcc/arm-none-eabi/10.2.0/../../../../arm-none-eabi/lib/thumb/v7e-m+fp/hard\libc_nano.a(lib_a-memset.o)
                0x0050062a                memset
                0x0050063c                . = ALIGN (0x4)
 *fill*         0x0050063a        0x2 
 *(.mcal_text)
 .mcal_text     0x0050063c       0x14 ./Project_Settings/Startup_Code/exceptions.o
                0x0050063c                NMI_Handler
                0x0050063e                HardFault_Handler
                0x00500640                MemManage_Handler
                0x00500642                BusFault_Handler
                0x00500644                UsageFault_Handler
                0x00500646                SVC_Handler
                0x00500648                DebugMon_Handler
                0x0050064a                PendSV_Handler
                0x0050064c                SysTick_Handler
                0x0050064e                undefined_handler
 .mcal_text     0x00500650       0x52 ./Project_Settings/Startup_Code/nvic.o
                0x00500650                NVIC_SetPriorityGrouping
                0x00500664                NVIC_EnableIRQ
                0x0050067c                NVIC_DisableIRQ
                0x00500694                NVIC_SetPriority
 *fill*         0x005006a2        0x2 
 .mcal_text     0x005006a4       0xe8 ./Project_Settings/Startup_Code/startup.o
                0x005006a4                init_data_bss
                0x00500730                init_data_bss_core2
 .mcal_text     0x0050078c      0x2ec ./Project_Settings/Startup_Code/system.o
                0x0050078c                startup_go_to_user_mode
                0x0050078e                default_interrupt_routine
                0x00500790                SystemInit
 .mcal_text     0x00500a78      0x88c ./RTD/src/Clock_Ip.o
                0x00500a7a                Clock_Ip_InitClock
                0x00501028                Clock_Ip_GetPllStatus
                0x005010cc                Clock_Ip_DistributePll
                0x005011b8                Clock_Ip_Init
                0x005011dc                Clock_Ip_DisableClockMonitor
                0x00501200                Clock_Ip_InstallNotificationsCallback
                0x0050120c                Clock_Ip_DisableModuleClock
                0x00501234                Clock_Ip_EnableModuleClock
                0x0050125c                Clock_Ip_DisableFircInStandby
                0x00501274                Clock_Ip_EnableFircInStandby
                0x0050128c                Clock_Ip_DisableSircInStandby
                0x005012a4                Clock_Ip_EnableSircInStandby
                0x005012bc                Clock_Ip_ReportClockErrors
                0x005012c8                Clock_Ip_StartTimeout
                0x005012e8                Clock_Ip_TimeoutExpired
 .mcal_text     0x00501304      0x120 ./RTD/src/Clock_Ip_Divider.o
 .mcal_text     0x00501424       0x9c ./RTD/src/Clock_Ip_DividerTrigger.o
 .mcal_text     0x005014c0      0x1c4 ./RTD/src/Clock_Ip_ExtOsc.o
 .mcal_text     0x00501684        0x6 ./RTD/src/Clock_Ip_FracDiv.o
 .mcal_text     0x0050168a        0x2 ./RTD/src/Clock_Ip_Frequency.o
                0x0050168a                Clock_Ip_SetExternalSignalFrequency
 .mcal_text     0x0050168c      0x128 ./RTD/src/Clock_Ip_Gate.o
 .mcal_text     0x005017b4      0x104 ./RTD/src/Clock_Ip_IntOsc.o
 .mcal_text     0x005018b8        0x4 ./RTD/src/Clock_Ip_Irq.o
                0x005018b8                Mcu_Cmu_ClockFail_IRQHandler
 .mcal_text     0x005018bc      0x204 ./RTD/src/Clock_Ip_Monitor.o
                0x00501a68                Clock_Ip_CMU_GetInterruptStatus
                0x00501a7c                Clock_Ip_CMU_ClockFailInt
 .mcal_text     0x00501ac0      0x17c ./RTD/src/Clock_Ip_Pll.o
 .mcal_text     0x00501c3c      0x154 ./RTD/src/Clock_Ip_ProgFreqSwitch.o
 .mcal_text     0x00501d90      0x3dc ./RTD/src/Clock_Ip_Selector.o
                0x00502140                Clock_Ip_SetRtcRtccClksel_TrustedCall
 .mcal_text     0x0050216c      0x2c8 ./RTD/src/Clock_Ip_Specific.o
                0x0050216c                Clock_Ip_McMeEnterKey
                0x00502180                Clock_Ip_PowerClockIpModules
                0x00502380                DisableFircInStandbyMode
                0x00502390                EnableFircInStandbyMode
                0x005023ac                DisableSircInStandbyMode
                0x005023bc                EnableSircInStandbyMode
                0x005023d8                Clock_Ip_Command
                0x00502428                Clock_Ip_FLASH_SetFlashIWS
                0x0050242c                Clock_Ip_SetFlashWaitStates
                0x00502430                Clock_Ip_SetRamWaitStates
 .mcal_text     0x00502434       0xa4 ./RTD/src/Det.o
                0x00502434                Det_Init
                0x00502436                Det_ReportError
                0x0050246c                Det_ReportRuntimeError
                0x005024a0                Det_ReportTransientFault
                0x005024d4                Det_Start
 .mcal_text     0x005024d8      0x21c ./RTD/src/Det_stub.o
                0x005024d8                Det_TestLastReportError
                0x00502540                Det_TestLastReportRuntimeError
                0x005025a8                Det_TestLastReportTransientFault
                0x00502610                Det_TestNoError
                0x0050265c                Det_TestNoRuntimeError
                0x005026a8                Det_TestNoTransientFault
 .mcal_text     0x005026f4      0x758 ./RTD/src/Lpspi_Ip.o
                0x005029e4                Lpspi_Ip_DeInit
                0x00502a18                Lpspi_Ip_SyncTransmit
                0x00502c58                Lpspi_Ip_AsyncTransmit
                0x00502cd8                Lpspi_Ip_ManageBuffers
                0x00502d08                Lpspi_Ip_UpdateFrameSize
                0x00502d24                Lpspi_Ip_UpdateLsb
                0x00502d40                Lpspi_Ip_UpdateDefaultTransmitData
                0x00502d5c                Lpspi_Ip_UpdateTransferMode
                0x00502d74                Lpspi_Ip_Init
                0x00502dc4                Lpspi_Ip_Cancel
                0x00502e0c                Lpspi_Ip_IrqHandler
                0x00502e3c                Lpspi_Ip_GetStatus
 .mcal_text     0x00502e4c        0x6 ./RTD/src/Lpspi_Ip_Irq.o
                0x00502e4c                Lpspi_Ip_LPSPI_0_IRQHandler
 *fill*         0x00502e52        0x2 
 .mcal_text     0x00502e54       0xc4 ./RTD/src/Mcu.o
                0x00502e54                Mcu_Init
                0x00502ea4                Mcu_InitRamSection
                0x00502ea8                Mcu_InitClock
                0x00502ecc                Mcu_SetMode
                0x00502ef8                Mcu_DistributePllClock
                0x00502f02                Mcu_GetPllStatus
                0x00502f06                Mcu_GetResetReason
                0x00502f0a                Mcu_GetResetRawValue
                0x00502f0e                Mcu_DisableCmu
                0x00502f12                Mcu_SleepOnExit
                0x00502f16                Mcu_ClkSrcFailureNotification
 .mcal_text     0x00502f18       0x58 ./RTD/src/Mcu_Ipw.o
                0x00502f18                Mcu_Ipw_ClockNotificationsCallback
                0x00502f22                Mcu_Ipw_Init
                0x00502f3c                Mcu_Ipw_InitClock
                0x00502f40                Mcu_Ipw_DistributePllClock
                0x00502f44                Mcu_Ipw_GetPllStatus
                0x00502f54                Mcu_Ipw_SetMode
                0x00502f58                Mcu_Ipw_GetResetReason
                0x00502f5c                Mcu_Ipw_GetResetRawValue
                0x00502f60                Mcu_Ipw_DisableCmu
                0x00502f64                Mcu_Ipw_SleepOnExit
 .mcal_text     0x00502f70       0x1e ./RTD/src/OsIf_Timer.o
                0x00502f70                OsIf_Init
                0x00502f78                OsIf_GetCounter
                0x00502f7c                OsIf_GetElapsed
                0x00502f84                OsIf_SetTimerFrequency
                0x00502f86                OsIf_MicrosToTicks
 .mcal_text     0x00502f8e       0x42 ./RTD/src/OsIf_Timer_System_Internal_Systick.o
                0x00502f8e                OsIf_Timer_System_Internal_Init
                0x00502fa4                OsIf_Timer_System_Internal_GetCounter
                0x00502fb0                OsIf_Timer_System_Internal_GetElapsed
 .mcal_text     0x00502fd0       0xec ./RTD/src/Power_Ip.o
                0x00503004                Power_Ip_SetMode
                0x0050306c                Power_Ip_GetPreviousMode
                0x00503070                Power_Ip_GetResetReason
                0x0050308c                Power_Ip_GetResetRawValue
                0x00503090                Power_Ip_Init
                0x005030aa                Power_Ip_InstallNotificationsCallback
                0x005030b4                Power_Ip_EnableSleepOnExit
                0x005030b8                Power_Ip_DisableSleepOnExit
 .mcal_text     0x005030bc       0x48 ./RTD/src/Power_Ip_CortexM7.o
                0x005030bc                Power_Ip_CM7_DisableSleepOnExit
                0x005030ce                Power_Ip_CM7_EnableSleepOnExit
                0x005030e0                Power_Ip_CM7_DisableDeepSleep
                0x005030f2                Power_Ip_CM7_EnableDeepSleep
 .mcal_text     0x00503104       0x4c ./RTD/src/Power_Ip_DCM_GPR.o
                0x00503104                Power_Ip_DCM_GPR_Config
                0x00503134                Power_Ip_DCM_GPR_GlobalPadkeepingConfig
 .mcal_text     0x00503150       0x10 ./RTD/src/Power_Ip_FLASH.o
                0x00503150                Power_Ip_FLASH_HighVoltageOperationOngoing
 .mcal_text     0x00503160      0x2dc ./RTD/src/Power_Ip_MC_ME.o
                0x005031e6                Power_Ip_MC_ME_ConfigCoreCOFBClock
                0x00503370                Power_Ip_MC_ME_EnablePartitionClock
                0x0050339a                Power_Ip_MC_ME_DisablePartitionClock
                0x005033c4                Power_Ip_MC_ME_SocTriggerResetEvent
                0x005033e0                Power_Ip_MC_ME_CoreStandbyEntry
                0x005033f6                Power_Ip_MC_ME_SocStandbyEntry
                0x00503428                Power_Ip_MC_ME_GetPreviousMode
 .mcal_text     0x0050343c      0x244 ./RTD/src/Power_Ip_MC_RGM.o
                0x005034cc                Power_Ip_MC_RGM_ResetInit
                0x005034fc                Power_Ip_MC_RGM_GetResetReason
                0x005035ac                Power_Ip_MC_RGM_GetResetRawValue
                0x0050365c                Power_Ip_MC_RGM_ResetDuringStandby
 .mcal_text     0x00503680       0xd8 ./RTD/src/Power_Ip_PMC.o
                0x00503680                Power_Ip_PMC_PowerInit
                0x00503728                Power_Ip_PMC_PrepareLowPowerEntry
 .mcal_text     0x00503758       0x4c ./RTD/src/Power_Ip_Private.o
                0x00503758                Power_Ip_ReportPowerErrors
                0x00503764                Power_Ip_ReportPowerErrorsEmptyCallback
                0x00503766                Power_Ip_StartTimeout
                0x00503786                Power_Ip_TimeoutExpired
 .mcal_text     0x005037a4       0xe4 ./RTD/src/Ram_Ip.o
                0x005037a4                Ram_Ip_InitRamSection
 .mcal_text     0x00503888      0x12c ./RTD/src/SchM_Mcu.o
                0x00503888                SchM_Enter_Mcu_MCU_EXCLUSIVE_AREA_00
                0x005038bc                SchM_Exit_Mcu_MCU_EXCLUSIVE_AREA_00
                0x005038ec                SchM_Enter_Mcu_MCU_EXCLUSIVE_AREA_01
                0x00503920                SchM_Exit_Mcu_MCU_EXCLUSIVE_AREA_01
                0x00503950                SchM_Enter_Mcu_MCU_EXCLUSIVE_AREA_02
                0x00503984                SchM_Exit_Mcu_MCU_EXCLUSIVE_AREA_02
 .mcal_text     0x005039b4      0xaf0 ./RTD/src/SchM_Port.o
                0x005039b4                SchM_Enter_Port_PORT_EXCLUSIVE_AREA_00
                0x005039e8                SchM_Exit_Port_PORT_EXCLUSIVE_AREA_00
                0x00503a18                SchM_Enter_Port_PORT_EXCLUSIVE_AREA_01
                0x00503a4c                SchM_Exit_Port_PORT_EXCLUSIVE_AREA_01
                0x00503a7c                SchM_Enter_Port_PORT_EXCLUSIVE_AREA_02
                0x00503ab0                SchM_Exit_Port_PORT_EXCLUSIVE_AREA_02
                0x00503ae0                SchM_Enter_Port_PORT_EXCLUSIVE_AREA_03
                0x00503b14                SchM_Exit_Port_PORT_EXCLUSIVE_AREA_03
                0x00503b44                SchM_Enter_Port_PORT_EXCLUSIVE_AREA_04
                0x00503b78                SchM_Exit_Port_PORT_EXCLUSIVE_AREA_04
                0x00503ba8                SchM_Enter_Port_PORT_EXCLUSIVE_AREA_05
                0x00503bdc                SchM_Exit_Port_PORT_EXCLUSIVE_AREA_05
                0x00503c0c                SchM_Enter_Port_PORT_EXCLUSIVE_AREA_06
                0x00503c40                SchM_Exit_Port_PORT_EXCLUSIVE_AREA_06
                0x00503c70                SchM_Enter_Port_PORT_EXCLUSIVE_AREA_07
                0x00503ca4                SchM_Exit_Port_PORT_EXCLUSIVE_AREA_07
                0x00503cd4                SchM_Enter_Port_PORT_EXCLUSIVE_AREA_08
                0x00503d08                SchM_Exit_Port_PORT_EXCLUSIVE_AREA_08
                0x00503d38                SchM_Enter_Port_PORT_EXCLUSIVE_AREA_09
                0x00503d6c                SchM_Exit_Port_PORT_EXCLUSIVE_AREA_09
                0x00503d9c                SchM_Enter_Port_PORT_EXCLUSIVE_AREA_10
                0x00503dd0                SchM_Exit_Port_PORT_EXCLUSIVE_AREA_10
                0x00503e00                SchM_Enter_Port_PORT_EXCLUSIVE_AREA_11
                0x00503e34                SchM_Exit_Port_PORT_EXCLUSIVE_AREA_11
                0x00503e64                SchM_Enter_Port_PORT_EXCLUSIVE_AREA_12
                0x00503e98                SchM_Exit_Port_PORT_EXCLUSIVE_AREA_12
                0x00503ec8                SchM_Enter_Port_PORT_EXCLUSIVE_AREA_13
                0x00503efc                SchM_Exit_Port_PORT_EXCLUSIVE_AREA_13
                0x00503f2c                SchM_Enter_Port_PORT_EXCLUSIVE_AREA_14
                0x00503f60                SchM_Exit_Port_PORT_EXCLUSIVE_AREA_14
                0x00503f90                SchM_Enter_Port_PORT_EXCLUSIVE_AREA_15
                0x00503fc4                SchM_Exit_Port_PORT_EXCLUSIVE_AREA_15
                0x00503ff4                SchM_Enter_Port_PORT_EXCLUSIVE_AREA_16
                0x00504028                SchM_Exit_Port_PORT_EXCLUSIVE_AREA_16
                0x00504058                SchM_Enter_Port_PORT_EXCLUSIVE_AREA_17
                0x0050408c                SchM_Exit_Port_PORT_EXCLUSIVE_AREA_17
                0x005040bc                SchM_Enter_Port_PORT_EXCLUSIVE_AREA_18
                0x005040f0                SchM_Exit_Port_PORT_EXCLUSIVE_AREA_18
                0x00504120                SchM_Enter_Port_PORT_EXCLUSIVE_AREA_19
                0x00504154                SchM_Exit_Port_PORT_EXCLUSIVE_AREA_19
                0x00504184                SchM_Enter_Port_PORT_EXCLUSIVE_AREA_20
                0x005041b8                SchM_Exit_Port_PORT_EXCLUSIVE_AREA_20
                0x005041e8                SchM_Enter_Port_PORT_EXCLUSIVE_AREA_21
                0x0050421c                SchM_Exit_Port_PORT_EXCLUSIVE_AREA_21
                0x0050424c                SchM_Enter_Port_PORT_EXCLUSIVE_AREA_22
                0x00504280                SchM_Exit_Port_PORT_EXCLUSIVE_AREA_22
                0x005042b0                SchM_Enter_Port_PORT_EXCLUSIVE_AREA_23
                0x005042e4                SchM_Exit_Port_PORT_EXCLUSIVE_AREA_23
                0x00504314                SchM_Enter_Port_PORT_EXCLUSIVE_AREA_24
                0x00504348                SchM_Exit_Port_PORT_EXCLUSIVE_AREA_24
                0x00504378                SchM_Enter_Port_PORT_EXCLUSIVE_AREA_25
                0x005043ac                SchM_Exit_Port_PORT_EXCLUSIVE_AREA_25
                0x005043dc                SchM_Enter_Port_PORT_EXCLUSIVE_AREA_26
                0x00504410                SchM_Exit_Port_PORT_EXCLUSIVE_AREA_26
                0x00504440                SchM_Enter_Port_PORT_EXCLUSIVE_AREA_27
                0x00504474                SchM_Exit_Port_PORT_EXCLUSIVE_AREA_27
 .mcal_text     0x005044a4      0x76c ./RTD/src/SchM_Spi.o
                0x005044a4                SchM_Enter_Spi_SPI_EXCLUSIVE_AREA_00
                0x005044d8                SchM_Exit_Spi_SPI_EXCLUSIVE_AREA_00
                0x00504508                SchM_Enter_Spi_SPI_EXCLUSIVE_AREA_01
                0x0050453c                SchM_Exit_Spi_SPI_EXCLUSIVE_AREA_01
                0x0050456c                SchM_Enter_Spi_SPI_EXCLUSIVE_AREA_02
                0x005045a0                SchM_Exit_Spi_SPI_EXCLUSIVE_AREA_02
                0x005045d0                SchM_Enter_Spi_SPI_EXCLUSIVE_AREA_03
                0x00504604                SchM_Exit_Spi_SPI_EXCLUSIVE_AREA_03
                0x00504634                SchM_Enter_Spi_SPI_EXCLUSIVE_AREA_04
                0x00504668                SchM_Exit_Spi_SPI_EXCLUSIVE_AREA_04
                0x00504698                SchM_Enter_Spi_SPI_EXCLUSIVE_AREA_05
                0x005046cc                SchM_Exit_Spi_SPI_EXCLUSIVE_AREA_05
                0x005046fc                SchM_Enter_Spi_SPI_EXCLUSIVE_AREA_06
                0x00504730                SchM_Exit_Spi_SPI_EXCLUSIVE_AREA_06
                0x00504760                SchM_Enter_Spi_SPI_EXCLUSIVE_AREA_07
                0x00504794                SchM_Exit_Spi_SPI_EXCLUSIVE_AREA_07
                0x005047c4                SchM_Enter_Spi_SPI_EXCLUSIVE_AREA_08
                0x005047f8                SchM_Exit_Spi_SPI_EXCLUSIVE_AREA_08
                0x00504828                SchM_Enter_Spi_SPI_EXCLUSIVE_AREA_09
                0x0050485c                SchM_Exit_Spi_SPI_EXCLUSIVE_AREA_09
                0x0050488c                SchM_Enter_Spi_SPI_EXCLUSIVE_AREA_10
                0x005048c0                SchM_Exit_Spi_SPI_EXCLUSIVE_AREA_10
                0x005048f0                SchM_Enter_Spi_SPI_EXCLUSIVE_AREA_11
                0x00504924                SchM_Exit_Spi_SPI_EXCLUSIVE_AREA_11
                0x00504954                SchM_Enter_Spi_SPI_EXCLUSIVE_AREA_12
                0x00504988                SchM_Exit_Spi_SPI_EXCLUSIVE_AREA_12
                0x005049b8                SchM_Enter_Spi_SPI_EXCLUSIVE_AREA_13
                0x005049ec                SchM_Exit_Spi_SPI_EXCLUSIVE_AREA_13
                0x00504a1c                SchM_Enter_Spi_SPI_EXCLUSIVE_AREA_14
                0x00504a50                SchM_Exit_Spi_SPI_EXCLUSIVE_AREA_14
                0x00504a80                SchM_Enter_Spi_SPI_EXCLUSIVE_AREA_15
                0x00504ab4                SchM_Exit_Spi_SPI_EXCLUSIVE_AREA_15
                0x00504ae4                SchM_Enter_Spi_SPI_EXCLUSIVE_AREA_16
                0x00504b18                SchM_Exit_Spi_SPI_EXCLUSIVE_AREA_16
                0x00504b48                SchM_Enter_Spi_SPI_EXCLUSIVE_AREA_17
                0x00504b7c                SchM_Exit_Spi_SPI_EXCLUSIVE_AREA_17
                0x00504bac                SchM_Enter_Spi_SPI_EXCLUSIVE_AREA_18
                0x00504be0                SchM_Exit_Spi_SPI_EXCLUSIVE_AREA_18
 .mcal_text     0x00504c10      0x458 ./RTD/src/Siul2_Port_Ip.o
                0x00504d64                Siul2_Port_Ip_Init
                0x00504d94                Siul2_Port_Ip_SetPullSel
                0x00504df0                Siul2_Port_Ip_SetOutputBuffer
                0x00504e56                Siul2_Port_Ip_SetInputBuffer
                0x00504ec6                Siul2_Port_Ip_SetPinDirection
                0x00504f3e                Siul2_Port_Ip_RevertPinConfiguration
                0x00504fa0                Siul2_Port_Ip_GetPinConfiguration
 .mcal_text     0x00505068      0x9d4 ./RTD/src/Spi.o
                0x005051ac                Spi_GetVersionInfo
                0x005051cc                Spi_Init
                0x005052c4                Spi_WriteIB
                0x00505344                Spi_AsyncTransmit
                0x005054ec                Spi_ReadIB
                0x00505538                Spi_GetStatus
                0x00505584                Spi_DeInit
                0x005055c8                Spi_GetJobResult
                0x00505610                Spi_GetSequenceResult
                0x00505658                Spi_SyncTransmit
                0x00505834                Spi_GetHWUnitStatus
                0x00505870                Spi_Cancel
                0x005058b4                Spi_SetAsyncMode
                0x00505914                Spi_MainFunction_Handling
                0x00505940                Spi_JobTransferFinished
 .mcal_text     0x00505a3c      0x2a4 ./RTD/src/Spi_Ipw.o
                0x00505af2                Spi_Ipw_Init
                0x00505b08                Spi_Ipw_DeInit
                0x00505b24                Spi_Ipw_SyncTransmit
                0x00505c00                Spi_Ipw_IrqPoll
                0x00505c2c                Spi_Ipw_IrqConfig
                0x00505c58                Spi_Ipw_JobTransfer
 .mcal_text     0x00505ce0       0xd0 ./RTD/src/Tspc_Port_Ip.o
                0x00505ce0                Tspc_Port_Ip_EnableObeGroup
                0x00505d10                Tspc_Port_Ip_ConfigureObeGroup
                0x00505db0                . = ALIGN (0x4)
 *(.acmcu_code_rom)
                0x00505db0                . = ALIGN (0x4)
                0x00505db0                __acfls_code_rom_start = .
 *(.acfls_code_rom)
 .acfls_code_rom
                0x00505db0       0x40 ./RTD/src/Clock_Ip_Specific.o
                0x00505db0                Clock_Ip_PRAMCSetRamIWS
 .acfls_code_rom.__stub
                0x00505df0        0x8 linker stubs
                0x00505df8                . = ALIGN (0x4)
                0x00505df8                __acfls_code_rom_end = .
 *(.init)
                0x00505df8                . = ALIGN (0x4)
 *(.fini)
                0x00505df8                . = ALIGN (0x4)
 *(.rodata)
 .rodata        0x00505df8        0x3 ./RTD/src/Clock_Ip_IntOsc.o
 *fill*         0x00505dfb        0x1 
 .rodata        0x00505dfc        0x4 ./RTD/src/Siul2_Port_Ip.o
                0x00505dfc                Port_au32Siul2BaseAddr
 *(.rodata*)
                0x00505e00                . = ALIGN (0x4)
 *(.mcal_const_cfg)
 .mcal_const_cfg
                0x00505e00       0xbc ./board/Siul2_Port_Ip_Cfg.o
                0x00505e00                g_pin_mux_InitConfigArr0
 .mcal_const_cfg
                0x00505ebc      0x548 ./generate/src/Clock_Ip_BOARD_InitPeripherals_PBcfg.o
                0x00505ebc                Mcu_aClockConfigPB_BOARD_InitPeripherals
 .mcal_const_cfg
                0x00506404       0x24 ./generate/src/Lpspi_Ip_BOARD_InitPeripherals_PBcfg.o
                0x00506404                Lpspi_Ip_PhyUnitConfig_SpiPhyUnit_0_Instance_0_BOARD_InitPeripherals
                0x00506418                Lpspi_Ip_DeviceAttributes_SpiExternalDevice_0_Instance_0_BOARD_InitPeripherals
 .mcal_const_cfg
                0x00506428       0x1c ./generate/src/Mcu_BOARD_InitPeripherals_PBcfg.o
                0x00506428                Mcu_Config_BOARD_InitPeripherals
 .mcal_const_cfg
                0x00506444      0x104 ./generate/src/Power_Ip_BOARD_InitPeripherals_PBcfg.o
                0x00506444                Power_Ip_HwIPsConfigPB_BOARD_InitPeripherals
                0x0050645c                Power_Ip_aModeConfigPB_BOARD_InitPeripherals
 .mcal_const_cfg
                0x00506548       0x8c ./generate/src/Spi_BOARD_InitPeripherals_PBcfg.o
                0x00506548                Spi_PBCfgVariantPredefined
 .mcal_const_cfg
                0x005065d4       0x2c ./generate/src/Spi_Ipw_BOARD_InitPeripherals_PBcfg.o
                0x005065d4                Spi_aHwUnitConfigList_BOARD_InitPeripherals
                0x005065ec                Spi_aExternalDeviceConfigList_BOARD_InitPeripherals
                0x00506600                . = ALIGN (0x4)
 *(.mcal_const)
 .mcal_const    0x00506600     0x1012 ./RTD/src/Clock_Ip_Data.o
                0x00506600                Clock_Ip_axGateInfo
                0x00506cd8                Clock_Ip_axFeatureExtensions
                0x00506ef8                Clock_Ip_aeHwDfsName
                0x00506efc                Clock_Ip_aeHwPllName
                0x00506f00                Clock_Ip_aeSourceTypeClockName
                0x00506f58                Clock_Ip_apxMcMeTriggerPartitions
                0x00506f68                Clock_Ip_apxMcMeGetPartitions
                0x00506f78                Clock_Ip_apxMcMeSetPartitions
                0x00506f88                Clock_Ip_axCmuInfo
                0x00506ff8                Clock_Ip_aeCmuNames
                0x00507014                Clock_Ip_apxCmu
                0x00507030                Clock_Ip_apxPll
                0x00507040                Clock_Ip_apxXosc
                0x00507048                Clock_Ip_apxCgmPcfs
                0x0050704c                Clock_Ip_apxCgm
                0x0050709c                Clock_Ip_au16SelectorEntryRtcHardwareValue
                0x005070c8                Clock_Ip_au16SelectorEntryHardwareValue
                0x005070f4                Clock_Ip_au8SoftwareMuxResetValue
                0x0050716e                Clock_Ip_au8ClockFeatures
                0x005075b8                Clock_Ip_au8CmuCallbackIndex
                0x005075c1                Clock_Ip_au8PcfsCallbackIndex
                0x005075ca                Clock_Ip_au8SelectorCallbackIndex
                0x005075d3                Clock_Ip_au8PllCallbackIndex
                0x005075dc                Clock_Ip_au8FractionalDividerCallbackIndex
                0x005075e5                Clock_Ip_au8GateCallbackIndex
                0x005075ee                Clock_Ip_au8IrcoscCallbackIndex
                0x005075f7                Clock_Ip_au8XoscCallbackIndex
                0x00507600                Clock_Ip_au8DividerTriggerCallbackIndex
                0x00507609                Clock_Ip_au8DividerCallbackIndex
 *fill*         0x00507612        0x2 
 .mcal_const    0x00507614       0x10 ./RTD/src/Clock_Ip_Divider.o
                0x00507614                Clock_Ip_axDividerCallbacks
 .mcal_const    0x00507624       0x10 ./RTD/src/Clock_Ip_DividerTrigger.o
                0x00507624                Clock_Ip_axDividerTriggerCallbacks
 .mcal_const    0x00507634       0x3c ./RTD/src/Clock_Ip_ExtOsc.o
                0x00507634                Clock_Ip_axExtOscCallbacks
 .mcal_const    0x00507670        0xc ./RTD/src/Clock_Ip_FracDiv.o
                0x00507670                Clock_Ip_axFracDivCallbacks
 .mcal_const    0x0050767c       0x10 ./RTD/src/Clock_Ip_Gate.o
                0x0050767c                Clock_Ip_axGateCallbacks
 .mcal_const    0x0050768c       0x30 ./RTD/src/Clock_Ip_IntOsc.o
                0x0050768c                Clock_Ip_axIntOscCallbacks
 .mcal_const    0x005076bc       0x20 ./RTD/src/Clock_Ip_Monitor.o
                0x005076bc                Clock_Ip_axCmuCallbacks
 .mcal_const    0x005076dc       0x28 ./RTD/src/Clock_Ip_Pll.o
                0x005076dc                Clock_Ip_axPllCallbacks
 .mcal_const    0x00507704        0x8 ./RTD/src/Clock_Ip_ProgFreqSwitch.o
                0x00507704                Clock_Ip_axPcfsCallbacks
 .mcal_const    0x0050770c       0x28 ./RTD/src/Clock_Ip_Selector.o
                0x0050770c                Clock_Ip_axSelectorCallbacks
 .mcal_const    0x00507734       0x10 ./RTD/src/Lpspi_Ip.o
                0x00507744                . = ALIGN (0x4)
                0x00507744                __init_table = .
 *(.init_table)
 .init_table    0x00507744       0x4c ./Project_Settings/Startup_Code/startup_cm7.o
                0x00507790                . = ALIGN (0x4)
                0x00507790                __zero_table = .
 *(.zero_table)
 .zero_table    0x00507790       0x1c ./Project_Settings/Startup_Code/startup_cm7.o

.glue_7         0x005077ac        0x0
 .glue_7        0x005077ac        0x0 linker stubs

.glue_7t        0x005077ac        0x0
 .glue_7t       0x005077ac        0x0 linker stubs

.vfp11_veneer   0x005077ac        0x0
 .vfp11_veneer  0x005077ac        0x0 linker stubs

.v4_bx          0x005077ac        0x0
 .v4_bx         0x005077ac        0x0 linker stubs

.iplt           0x005077ac        0x0
 .iplt          0x005077ac        0x0 ./Project_Settings/Startup_Code/Vector_Table.o

.rel.dyn        0x005077ac        0x0
 .rel.iplt      0x005077ac        0x0 ./Project_Settings/Startup_Code/Vector_Table.o
                0x005077ac                . = ALIGN (0x4)
                0x005077ac                __text_end = .
                0x005077ac                __sram_data_rom = __text_end

.sram_data      0x20406000       0xac load address 0x005077ac
                0x20406000                . = ALIGN (0x4)
                0x20406000                __sram_data_begin__ = .
                0x20406000                . = ALIGN (0x4)
 *(.ramcode)
 .ramcode       0x20406000       0x90 ./RTD/src/Clock_Ip_Specific.o
                0x20406090                . = ALIGN (0x4)
 *(.data)
 .data          0x20406090        0x0 ./Project_Settings/Startup_Code/Vector_Table.o
 .data          0x20406090        0x0 ./Project_Settings/Startup_Code/exceptions.o
 .data          0x20406090        0x0 ./Project_Settings/Startup_Code/nvic.o
 .data          0x20406090        0x0 ./Project_Settings/Startup_Code/startup.o
 .data          0x20406090        0x0 ./Project_Settings/Startup_Code/startup_cm7.o
 .data          0x20406090        0x0 ./Project_Settings/Startup_Code/system.o
 .data          0x20406090        0x4 ./RTD/src/Clock_Ip.o
 .data          0x20406094        0x0 ./RTD/src/Clock_Ip_Data.o
 .data          0x20406094        0x0 ./RTD/src/Clock_Ip_Divider.o
 .data          0x20406094        0x0 ./RTD/src/Clock_Ip_DividerTrigger.o
 .data          0x20406094        0x0 ./RTD/src/Clock_Ip_ExtOsc.o
 .data          0x20406094        0x0 ./RTD/src/Clock_Ip_FracDiv.o
 .data          0x20406094        0x0 ./RTD/src/Clock_Ip_Frequency.o
 .data          0x20406094        0x0 ./RTD/src/Clock_Ip_Gate.o
 .data          0x20406094        0x0 ./RTD/src/Clock_Ip_IntOsc.o
 .data          0x20406094        0x0 ./RTD/src/Clock_Ip_Irq.o
 .data          0x20406094        0x0 ./RTD/src/Clock_Ip_Monitor.o
 .data          0x20406094        0x0 ./RTD/src/Clock_Ip_Pll.o
 .data          0x20406094        0x0 ./RTD/src/Clock_Ip_ProgFreqSwitch.o
 .data          0x20406094        0x0 ./RTD/src/Clock_Ip_Selector.o
 .data          0x20406094        0x0 ./RTD/src/Clock_Ip_Specific.o
 .data          0x20406094        0x0 ./RTD/src/Det.o
 .data          0x20406094        0x0 ./RTD/src/Det_stub.o
 .data          0x20406094        0x0 ./RTD/src/Flexio_Spi_Ip.o
 .data          0x20406094        0x0 ./RTD/src/Flexio_Spi_Ip_Irq.o
 .data          0x20406094        0x0 ./RTD/src/Igf_Port_Ip.o
 .data          0x20406094        0x0 ./RTD/src/Lpspi_Ip.o
 .data          0x20406094        0x0 ./RTD/src/Lpspi_Ip_Irq.o
 .data          0x20406094        0x0 ./RTD/src/Mcu.o
 .data          0x20406094        0x0 ./RTD/src/Mcu_Dem_Wrapper.o
 .data          0x20406094        0x0 ./RTD/src/Mcu_Ipw.o
 .data          0x20406094        0x0 ./RTD/src/OsIf_Interrupts.o
 .data          0x20406094        0x0 ./RTD/src/OsIf_Timer.o
 .data          0x20406094        0x0 ./RTD/src/OsIf_Timer_System.o
 .data          0x20406094        0x0 ./RTD/src/OsIf_Timer_System_Internal_Systick.o
 .data          0x20406094        0x0 ./RTD/src/Power_Ip.o
 .data          0x20406094        0x0 ./RTD/src/Power_Ip_AEC.o
 .data          0x20406094        0x0 ./RTD/src/Power_Ip_CortexM7.o
 .data          0x20406094        0x0 ./RTD/src/Power_Ip_DCM_GPR.o
 .data          0x20406094        0x0 ./RTD/src/Power_Ip_FLASH.o
 .data          0x20406094        0x0 ./RTD/src/Power_Ip_MC_ME.o
 .data          0x20406094        0x0 ./RTD/src/Power_Ip_MC_RGM.o
 .data          0x20406094        0x0 ./RTD/src/Power_Ip_MC_RGM_Irq.o
 .data          0x20406094        0x0 ./RTD/src/Power_Ip_PMC.o
 .data          0x20406094        0x0 ./RTD/src/Power_Ip_PMC_Irq.o
 .data          0x20406094        0x0 ./RTD/src/Power_Ip_Private.o
 .data          0x20406094        0x0 ./RTD/src/Ram_Ip.o
 .data          0x20406094        0x0 ./RTD/src/SchM_Mcu.o
 .data          0x20406094        0x0 ./RTD/src/SchM_Port.o
 .data          0x20406094        0x0 ./RTD/src/SchM_Spi.o
 .data          0x20406094        0x0 ./RTD/src/Siul2_Port_Ip.o
 .data          0x20406094        0x0 ./RTD/src/Spi.o
 .data          0x20406094        0x0 ./RTD/src/Spi_Ipw.o
 .data          0x20406094        0x0 ./RTD/src/Tspc_Port_Ip.o
 .data          0x20406094        0x0 ./board/Siul2_Port_Ip_Cfg.o
 .data          0x20406094        0x0 ./board/Tspc_Port_Ip_Cfg.o
 .data          0x20406094        0x0 ./generate/src/Clock_Ip_BOARD_InitPeripherals_PBcfg.o
 .data          0x20406094        0x0 ./generate/src/Clock_Ip_Cfg.o
 .data          0x20406094        0x0 ./generate/src/Flexio_Spi_Ip_BOARD_InitPeripherals_PBcfg.o
 .data          0x20406094        0x0 ./generate/src/Igf_Port_Ip_Cfg.o
 .data          0x20406094        0x0 ./generate/src/Lpspi_Ip_BOARD_InitPeripherals_PBcfg.o
 .data          0x20406094        0x0 ./generate/src/Mcu_BOARD_InitPeripherals_PBcfg.o
 .data          0x20406094        0x0 ./generate/src/Mcu_Cfg.o
 .data          0x20406094        0x0 ./generate/src/OsIf_Cfg.o
 .data          0x20406094        0x0 ./generate/src/Power_Ip_BOARD_InitPeripherals_PBcfg.o
 .data          0x20406094        0x0 ./generate/src/Power_Ip_Cfg.o
 .data          0x20406094        0x0 ./generate/src/Ram_Ip_BOARD_InitPeripherals_PBcfg.o
 .data          0x20406094        0x0 ./generate/src/Ram_Ip_Cfg.o
 .data          0x20406094        0x0 ./generate/src/Spi_BOARD_InitPeripherals_PBcfg.o
 .data          0x20406094        0x0 ./generate/src/Spi_Ipw_BOARD_InitPeripherals_PBcfg.o
 .data          0x20406094        0x0 ./src/main.o
 .data          0x20406094        0x0 c:/nxp/s32ds.3.5/s32ds/build_tools/gcc_v10.2/gcc-10.2-arm32-eabi/bin/../lib/gcc/arm-none-eabi/10.2.0/../../../../arm-none-eabi/lib/thumb/v7e-m+fp/hard\libc_nano.a(lib_a-memmove.o)
 .data          0x20406094        0x0 c:/nxp/s32ds.3.5/s32ds/build_tools/gcc_v10.2/gcc-10.2-arm32-eabi/bin/../lib/gcc/arm-none-eabi/10.2.0/../../../../arm-none-eabi/lib/thumb/v7e-m+fp/hard\libc_nano.a(lib_a-memset.o)
 *(.data*)
                0x20406094                . = ALIGN (0x4)
 *(.mcal_data)
 .mcal_data     0x20406094        0x4 ./RTD/src/Power_Ip.o
                0x20406094                Power_Ip_pfReportErrorsCallback
 .mcal_data     0x20406098        0x8 ./generate/src/Lpspi_Ip_BOARD_InitPeripherals_PBcfg.o
 .mcal_data     0x204060a0        0xc ./generate/src/Spi_BOARD_InitPeripherals_PBcfg.o
                0x204060ac                . = ALIGN (0x4)
                0x204060ac                __sram_data_end__ = .
                0x00507858                __sram_data_rom_end = (__sram_data_rom + (__sram_data_end__ - __sram_data_begin__))

.sram_bss       0x204060ac      0x1e0 load address 0x00507858
                0x204060b0                . = ALIGN (0x10)
 *fill*         0x204060ac        0x4 
                0x204060b0                __sram_bss_start = .
 *(.bss)
 .bss           0x204060b0        0x0 ./Project_Settings/Startup_Code/Vector_Table.o
 .bss           0x204060b0        0x0 ./Project_Settings/Startup_Code/exceptions.o
 .bss           0x204060b0        0x0 ./Project_Settings/Startup_Code/nvic.o
 .bss           0x204060b0        0x0 ./Project_Settings/Startup_Code/startup.o
 .bss           0x204060b0        0x0 ./Project_Settings/Startup_Code/startup_cm7.o
 .bss           0x204060b0       0x78 ./Project_Settings/Startup_Code/system.o
                0x204060b0                rbar
                0x204060ec                rasr
 .bss           0x20406128        0x0 ./RTD/src/Clock_Ip.o
 .bss           0x20406128        0x0 ./RTD/src/Clock_Ip_Data.o
 .bss           0x20406128        0x0 ./RTD/src/Clock_Ip_Divider.o
 .bss           0x20406128        0x0 ./RTD/src/Clock_Ip_DividerTrigger.o
 .bss           0x20406128        0x0 ./RTD/src/Clock_Ip_ExtOsc.o
 .bss           0x20406128        0x0 ./RTD/src/Clock_Ip_FracDiv.o
 .bss           0x20406128        0x0 ./RTD/src/Clock_Ip_Frequency.o
 .bss           0x20406128        0x0 ./RTD/src/Clock_Ip_Gate.o
 .bss           0x20406128        0x0 ./RTD/src/Clock_Ip_IntOsc.o
 .bss           0x20406128        0x0 ./RTD/src/Clock_Ip_Irq.o
 .bss           0x20406128        0x0 ./RTD/src/Clock_Ip_Monitor.o
 .bss           0x20406128        0x0 ./RTD/src/Clock_Ip_Pll.o
 .bss           0x20406128        0x0 ./RTD/src/Clock_Ip_ProgFreqSwitch.o
 .bss           0x20406128        0x0 ./RTD/src/Clock_Ip_Selector.o
 .bss           0x20406128        0x0 ./RTD/src/Clock_Ip_Specific.o
 .bss           0x20406128        0x0 ./RTD/src/Det.o
 .bss           0x20406128        0x0 ./RTD/src/Det_stub.o
 .bss           0x20406128        0x0 ./RTD/src/Flexio_Spi_Ip.o
 .bss           0x20406128        0x0 ./RTD/src/Flexio_Spi_Ip_Irq.o
 .bss           0x20406128        0x0 ./RTD/src/Igf_Port_Ip.o
 .bss           0x20406128        0x0 ./RTD/src/Lpspi_Ip.o
 .bss           0x20406128        0x0 ./RTD/src/Lpspi_Ip_Irq.o
 .bss           0x20406128        0x0 ./RTD/src/Mcu.o
 .bss           0x20406128        0x0 ./RTD/src/Mcu_Dem_Wrapper.o
 .bss           0x20406128        0x0 ./RTD/src/Mcu_Ipw.o
 .bss           0x20406128        0x0 ./RTD/src/OsIf_Interrupts.o
 .bss           0x20406128        0x0 ./RTD/src/OsIf_Timer.o
 .bss           0x20406128        0x0 ./RTD/src/OsIf_Timer_System.o
 .bss           0x20406128        0x0 ./RTD/src/OsIf_Timer_System_Internal_Systick.o
 .bss           0x20406128        0x0 ./RTD/src/Power_Ip.o
 .bss           0x20406128        0x0 ./RTD/src/Power_Ip_AEC.o
 .bss           0x20406128        0x0 ./RTD/src/Power_Ip_CortexM7.o
 .bss           0x20406128        0x0 ./RTD/src/Power_Ip_DCM_GPR.o
 .bss           0x20406128        0x0 ./RTD/src/Power_Ip_FLASH.o
 .bss           0x20406128        0x0 ./RTD/src/Power_Ip_MC_ME.o
 .bss           0x20406128        0x0 ./RTD/src/Power_Ip_MC_RGM.o
 .bss           0x20406128        0x0 ./RTD/src/Power_Ip_MC_RGM_Irq.o
 .bss           0x20406128        0x0 ./RTD/src/Power_Ip_PMC.o
 .bss           0x20406128        0x0 ./RTD/src/Power_Ip_PMC_Irq.o
 .bss           0x20406128        0x0 ./RTD/src/Power_Ip_Private.o
 .bss           0x20406128        0x0 ./RTD/src/Ram_Ip.o
 .bss           0x20406128        0x0 ./RTD/src/SchM_Mcu.o
 .bss           0x20406128        0x0 ./RTD/src/SchM_Port.o
 .bss           0x20406128        0x0 ./RTD/src/SchM_Spi.o
 .bss           0x20406128        0x0 ./RTD/src/Siul2_Port_Ip.o
 .bss           0x20406128        0x0 ./RTD/src/Spi.o
 .bss           0x20406128        0x0 ./RTD/src/Spi_Ipw.o
 .bss           0x20406128        0x0 ./RTD/src/Tspc_Port_Ip.o
 .bss           0x20406128        0x0 ./board/Siul2_Port_Ip_Cfg.o
 .bss           0x20406128        0x0 ./board/Tspc_Port_Ip_Cfg.o
 .bss           0x20406128        0x0 ./generate/src/Clock_Ip_BOARD_InitPeripherals_PBcfg.o
 .bss           0x20406128        0x0 ./generate/src/Clock_Ip_Cfg.o
 .bss           0x20406128        0x0 ./generate/src/Flexio_Spi_Ip_BOARD_InitPeripherals_PBcfg.o
 .bss           0x20406128        0x0 ./generate/src/Igf_Port_Ip_Cfg.o
 .bss           0x20406128        0x0 ./generate/src/Lpspi_Ip_BOARD_InitPeripherals_PBcfg.o
 .bss           0x20406128        0x0 ./generate/src/Mcu_BOARD_InitPeripherals_PBcfg.o
 .bss           0x20406128        0x0 ./generate/src/Mcu_Cfg.o
 .bss           0x20406128        0x0 ./generate/src/OsIf_Cfg.o
 .bss           0x20406128        0x0 ./generate/src/Power_Ip_BOARD_InitPeripherals_PBcfg.o
 .bss           0x20406128        0x0 ./generate/src/Power_Ip_Cfg.o
 .bss           0x20406128        0x0 ./generate/src/Ram_Ip_BOARD_InitPeripherals_PBcfg.o
 .bss           0x20406128        0x0 ./generate/src/Ram_Ip_Cfg.o
 .bss           0x20406128        0x0 ./generate/src/Spi_BOARD_InitPeripherals_PBcfg.o
 .bss           0x20406128        0x0 ./generate/src/Spi_Ipw_BOARD_InitPeripherals_PBcfg.o
 .bss           0x20406128        0x4 ./src/main.o
                0x20406128                exit_code
 .bss           0x2040612c        0x0 c:/nxp/s32ds.3.5/s32ds/build_tools/gcc_v10.2/gcc-10.2-arm32-eabi/bin/../lib/gcc/arm-none-eabi/10.2.0/../../../../arm-none-eabi/lib/thumb/v7e-m+fp/hard\libc_nano.a(lib_a-memmove.o)
 .bss           0x2040612c        0x0 c:/nxp/s32ds.3.5/s32ds/build_tools/gcc_v10.2/gcc-10.2-arm32-eabi/bin/../lib/gcc/arm-none-eabi/10.2.0/../../../../arm-none-eabi/lib/thumb/v7e-m+fp/hard\libc_nano.a(lib_a-memset.o)
 *(.bss*)
                0x20406130                . = ALIGN (0x10)
 *fill*         0x2040612c        0x4 
 *(.mcal_bss)
 .mcal_bss      0x20406130        0x4 ./Project_Settings/Startup_Code/system.o
                0x20406130                RESET_CATCH_CORE
 .mcal_bss      0x20406134       0x85 ./RTD/src/Clock_Ip.o
                0x20406138                Clock_Ip_FreqIds
                0x204061b4                Clock_Ip_pxConfig
 *fill*         0x204061b9        0x3 
 .mcal_bss      0x204061bc       0x10 ./RTD/src/Clock_Ip_Monitor.o
 .mcal_bss      0x204061cc        0x4 ./RTD/src/Clock_Ip_ProgFreqSwitch.o
 .mcal_bss      0x204061d0        0xc ./RTD/src/Clock_Ip_Specific.o
 .mcal_bss      0x204061dc       0x3c ./RTD/src/Lpspi_Ip.o
                0x204061dc                Lpspi_Ip_apxStateStructureArray
 .mcal_bss      0x20406218        0x9 ./RTD/src/Mcu.o
 *fill*         0x20406221        0x3 
 .mcal_bss      0x20406224        0xc ./RTD/src/Power_Ip_MC_RGM.o
 .mcal_bss      0x20406230        0x8 ./RTD/src/Siul2_Port_Ip.o
 .mcal_bss      0x20406238       0x48 ./RTD/src/Spi.o
                0x20406238                Spi_axSpiChannelState
                0x20406250                Spi_axSpiHwUnitQueueArray
                0x20406270                Spi_apxSpiConfigPtr
                0x20406274                Spi_axSpiJobState
 .mcal_bss      0x20406280        0x4 ./RTD/src/Spi_Ipw.o
 .mcal_bss      0x20406284        0x8 ./generate/src/Spi_BOARD_InitPeripherals_PBcfg.o
                0x2040628c                . = ALIGN (0x4)
                0x2040628c                __sram_bss_end = .

.heap           0x2040628c     0x1000 load address 0x00507a38
                0x00000000                . = (. + ALIGN (0x4))
                0x2040628c                _end = .
                0x2040628c                end = .
                0x2040628c                _heap_start = .
                0x00001000                . = (. + HEAP_SIZE)
 *fill*         0x2040628c     0x1000 
                0x2040728c                _heap_end = .

.acfls_code_ram
                0x20407f00        0x0
                0x20407f00                acfls_code_ram_start = .
 *(.acfls_code_ram)
                0x20407f00                acfls_code_ram_stop = .
                0x00507858                __non_cacheable_data_rom = __sram_data_rom_end

.non_cacheable_data
                0x20408000      0x104 load address 0x00507858
                0x20408000                . = ALIGN (0x4)
                0x20408000                __non_cacheable_data_start__ = .
 *(.int_results)
                0x20408100                . = (. + 0x100)
 *fill*         0x20408000      0x100 
                0x20408100                . = ALIGN (0x4)
 *(.mcal_data_no_cacheable)
                0x20408100                . = ALIGN (0x4)
 *(.mcal_const_no_cacheable)
                0x20408100                . = ALIGN (0x4)
                0x20408100                HSE_LOOP_ADDR = .
                0x20408100        0x4 LONG 0x0
                0x20408104                __non_cacheable_data_end__ = .
                0x0050795c                __non_cacheable_data_rom_end = (__non_cacheable_data_rom + (__non_cacheable_data_end__ - __non_cacheable_data_start__))

.igot.plt       0x20408104        0x0 load address 0x0050795c
 .igot.plt      0x20408104        0x0 ./Project_Settings/Startup_Code/Vector_Table.o

.non_cacheable_bss
                0x20408104      0x688 load address 0x0050795c
                0x20408110                . = ALIGN (0x10)
 *fill*         0x20408104        0xc 
                0x20408110                __non_cacheable_bss_start = .
 *(.mcal_bss_no_cacheable)
 .mcal_bss_no_cacheable
                0x20408110       0x3c ./RTD/src/Det.o
                0x20408110                Det_TransientModuleId
                0x20408118                Det_ApiId
                0x2040811c                Det_TransientInstanceId
                0x20408120                Det_ErrorId
                0x20408124                Det_TransientApiId
                0x20408128                Det_RuntimeModuleId
                0x20408130                Det_TransientFaultId
                0x20408134                Det_RuntimeInstanceId
                0x20408138                Det_RuntimeApiId
                0x2040813c                Det_ModuleId
                0x20408144                Det_RuntimeErrorId
                0x20408148                Det_InstanceId
 .mcal_bss_no_cacheable
                0x2040814c       0x60 ./RTD/src/SchM_Mcu.o
 .mcal_bss_no_cacheable
                0x204081ac      0x380 ./RTD/src/SchM_Port.o
 .mcal_bss_no_cacheable
                0x2040852c      0x260 ./RTD/src/SchM_Spi.o
                0x2040878c                . = ALIGN (0x4)
                0x2040878c                __non_cacheable_bss_end = .
                0x0050795c                __shareable_data_rom = __non_cacheable_data_rom_end

.shareable_data
                0x2040c000        0x0 load address 0x0050795c
                0x2040c000                . = ALIGN (0x4)
                0x2040c000                __shareable_data_start__ = .
 *(.mcal_shared_data)
                0x2040c000                . = ALIGN (0x4)
                0x2040c000                __shareable_data_end__ = .
                0x0050795c                __shareable_data_rom_end = (__shareable_data_rom + (__shareable_data_end__ - __shareable_data_start__))

.int_vector     0x20000000      0x408
                0x20000000                . = ALIGN (0x800)
                0x20000000                __interrupts_ram_start = .
                0x20000408                . = (. + (__interrupts_init_end - __interrupts_init_start))
 *fill*         0x20000000      0x408 
                0x20000408                . = ALIGN (0x4)
                0x20000408                __interrupts_ram_end = .
                0x0050795c                __tcm_data_rom = __shareable_data_rom_end

.data_tcm_data  0x20000408        0x0 load address 0x0050795c
                0x20000408                . = ALIGN (0x4)
                0x20000408                __dtcm_data_start__ = .
 *(.dtcm_data*)
                0x20000408                . = ALIGN (0x4)
                0x20000408                __dtcm_data_end__ = .
                0x0050795c                __tcm_data_rom_end = (__tcm_data_rom + (__dtcm_data_end__ - __dtcm_data_start__))

.bss_tcm_data   0x20000408        0x0
                0x20000408                . = ALIGN (0x4)
                0x20000408                __dtcm_bss_start__ = .
 *(.dtcm_bss*)
                0x20000408                . = ALIGN (0x4)
                0x20000408                __dtcm_bss_end__ = .
                0x0050795c                __tcm_code_rom_start = __tcm_data_rom_end

.itcm_text      0x00000000        0x0 load address 0x0050795c
                0x00000000                . = ALIGN (0x4)
                0x00000000                __itcm_start__ = .
 *(.itcm_text*)
                0x00000000                . = ALIGN (0x4)
                0x00000000                __itcm_end__ = .
                0x0050795c                __tcm_code_rom_end = (__tcm_code_rom_start + (__itcm_end__ - __itcm_start__))

.shareable_bss  0x2040c000        0x0
                0x2040c000                . = ALIGN (0x10)
                0x2040c000                __shareable_bss_start = .
 *(.mcal_shared_bss)
                0x2040c000                . = ALIGN (0x4)
                0x2040c000                __shareable_bss_end = .
                0x2000f000                __Stack_dtcm_end = ORIGIN (int_stack_dtcm)
                0x20010000                __Stack_dtcm_start = (ORIGIN (int_stack_dtcm) + LENGTH (int_stack_dtcm))
                0x20406000                __INT_SRAM_START = ORIGIN (int_sram_c1)
                0x2040c000                __INT_SRAM_END = ORIGIN (ram_end_c1)
                0x00000000                __INT_ITCM_START = ORIGIN (int_itcm)
                0x00008000                __INT_ITCM_END = (ORIGIN (int_itcm) + LENGTH (int_itcm))
                0x20000000                __INT_DTCM_START = ORIGIN (int_dtcm)
                0x20010000                __INT_DTCM_END = ((ORIGIN (int_dtcm) + LENGTH (int_dtcm)) + LENGTH (int_stack_dtcm))
                0x2040c000                __RAM_SHAREABLE_START = ORIGIN (int_sram_shareable)
                0x20406000                __RAM_SHAREABLE_END = ORIGIN (ram_end_c0)
                0x0000000e                __RAM_SHAREABLE_SIZE = 0xe
                0x00000000                __ROM_SHAREABLE_START = 0x0
                0x00000000                __ROM_SHAREABLE_END = 0x0
                0x20408000                __RAM_NO_CACHEABLE_START = ORIGIN (int_sram_no_cacheable_c1)
                0x2040c000                __RAM_NO_CACHEABLE_END = ORIGIN (ram_end_c1)
                0x0000000e                __RAM_NO_CACHEABLE_SIZE = 0xe
                0x00507858                __ROM_NO_CACHEABLE_START = __non_cacheable_data_rom
                0x0050795c                __ROM_NO_CACHEABLE_END = __non_cacheable_data_rom_end
                0x20406000                __RAM_CACHEABLE_START = ORIGIN (int_sram_c1)
                0x20408000                __RAM_CACHEABLE_END = ORIGIN (int_sram_no_cacheable_c1)
                0x0000000d                __RAM_CACHEABLE_SIZE = 0xd
                0x005077ac                __ROM_CACHEABLE_START = __sram_data_rom
                0x00507858                __ROM_CACHEABLE_END = __sram_data_rom_end
                0x00500000                __ROM_CODE_START = ORIGIN (int_flash_c1)
                0x10000000                __ROM_DATA_START = 0x10000000
                0x204060b0                __BSS_SRAM_START = __sram_bss_start
                0x2040628c                __BSS_SRAM_END = __sram_bss_end
                0x000001dc                __BSS_SRAM_SIZE = (__sram_bss_end - __sram_bss_start)
                0x20408110                __BSS_SRAM_NC_START = __non_cacheable_bss_start
                0x0000067c                __BSS_SRAM_NC_SIZE = (__non_cacheable_bss_end - __non_cacheable_bss_start)
                0x2040878c                __BSS_SRAM_NC_END = __non_cacheable_bss_end
                0x00000000                __BSS_SRAM_SH_START = 0x0
                0x00000000                __BSS_SRAM_SH_SIZE = 0x0
                0x00000000                __BSS_SRAM_SH_END = 0x0
                0x20000000                __RAM_INTERRUPT_START = __interrupts_ram_start
                0x00500000                __INIT_INTERRUPT_START = __interrupts_init_start
                0x00500408                __INIT_INTERRUPT_END = __interrupts_init_end
                0x00000000                __RAM_ITCM_START = __itcm_start__
                0x0050795c                __ROM_ITCM_START = __tcm_code_rom_start
                0x0050795c                __ROM_ITCM_END = __tcm_code_rom_end
                0x20000408                __RAM_DTCM_DATA_START = __dtcm_data_start__
                0x0050795c                __ROM_DTCM_DATA_START = __tcm_data_rom
                0x0050795c                __ROM_DTCM_END = __tcm_data_rom_end
                0x00507744                __INIT_TABLE = __init_table
                0x00507790                __ZERO_TABLE = __zero_table
                0x00000001                __RAM_INIT = 0x1
                0x00000001                __ITCM_INIT = 0x1
                0x00000001                __DTCM_INIT = 0x1
                0x00505db0                Fls_ACEraseRomStart = __acfls_code_rom_start
                0x00505df8                Fls_ACEraseRomEnd = __acfls_code_rom_end
                0x00000012                Fls_ACEraseSize = ((__acfls_code_rom_end - __acfls_code_rom_start) / 0x4)
                0x00505db0                Fls_ACWriteRomStart = __acfls_code_rom_start
                0x00505df8                Fls_ACWriteRomEnd = __acfls_code_rom_end
                0x00000012                Fls_ACWriteSize = ((__acfls_code_rom_end - __acfls_code_rom_start) / 0x4)
                0x20407f00                _ERASE_FUNC_ADDRESS_ = ADDR (.acfls_code_ram)
                0x20407f00                _WRITE_FUNC_ADDRESS_ = ADDR (.acfls_code_ram)

/DISCARD/
 *(.boot_header)
                0x00500000                __ENTRY_VTABLE = __INIT_INTERRUPT_START
                0x00400800                __CORE0_VTOR = (ORIGIN (int_flash_c0) + 0x800)
                0x00500000                __CORE1_VTOR = __INIT_INTERRUPT_START
                0x00500000                __CORE2_VTOR = __INIT_INTERRUPT_START
                0x00000000                __INDEX_COPY_CORE2 = 0x0
OUTPUT(spi_trial_M7_1.elf elf32-littlearm)
LOAD linker stubs

.ARM.attributes
                0x00000000       0x30
 .ARM.attributes
                0x00000000       0x20 ./Project_Settings/Startup_Code/Vector_Table.o
 .ARM.attributes
                0x00000020       0x34 ./Project_Settings/Startup_Code/exceptions.o
 .ARM.attributes
                0x00000054       0x34 ./Project_Settings/Startup_Code/nvic.o
 .ARM.attributes
                0x00000088       0x34 ./Project_Settings/Startup_Code/startup.o
 .ARM.attributes
                0x000000bc       0x1f ./Project_Settings/Startup_Code/startup_cm7.o
 .ARM.attributes
                0x000000db       0x34 ./Project_Settings/Startup_Code/system.o
 .ARM.attributes
                0x0000010f       0x34 ./RTD/src/Clock_Ip.o
 .ARM.attributes
                0x00000143       0x39 ./RTD/src/Clock_Ip_Data.o
 .ARM.attributes
                0x0000017c       0x34 ./RTD/src/Clock_Ip_Divider.o
 .ARM.attributes
                0x000001b0       0x34 ./RTD/src/Clock_Ip_DividerTrigger.o
 .ARM.attributes
                0x000001e4       0x34 ./RTD/src/Clock_Ip_ExtOsc.o
 .ARM.attributes
                0x00000218       0x34 ./RTD/src/Clock_Ip_FracDiv.o
 .ARM.attributes
                0x0000024c       0x34 ./RTD/src/Clock_Ip_Frequency.o
 .ARM.attributes
                0x00000280       0x34 ./RTD/src/Clock_Ip_Gate.o
 .ARM.attributes
                0x000002b4       0x34 ./RTD/src/Clock_Ip_IntOsc.o
 .ARM.attributes
                0x000002e8       0x34 ./RTD/src/Clock_Ip_Irq.o
 .ARM.attributes
                0x0000031c       0x34 ./RTD/src/Clock_Ip_Monitor.o
 .ARM.attributes
                0x00000350       0x34 ./RTD/src/Clock_Ip_Pll.o
 .ARM.attributes
                0x00000384       0x34 ./RTD/src/Clock_Ip_ProgFreqSwitch.o
 .ARM.attributes
                0x000003b8       0x34 ./RTD/src/Clock_Ip_Selector.o
 .ARM.attributes
                0x000003ec       0x34 ./RTD/src/Clock_Ip_Specific.o
 .ARM.attributes
                0x00000420       0x34 ./RTD/src/Det.o
 .ARM.attributes
                0x00000454       0x34 ./RTD/src/Det_stub.o
 .ARM.attributes
                0x00000488       0x39 ./RTD/src/Flexio_Spi_Ip.o
 .ARM.attributes
                0x000004c1       0x39 ./RTD/src/Flexio_Spi_Ip_Irq.o
 .ARM.attributes
                0x000004fa       0x39 ./RTD/src/Igf_Port_Ip.o
 .ARM.attributes
                0x00000533       0x34 ./RTD/src/Lpspi_Ip.o
 .ARM.attributes
                0x00000567       0x34 ./RTD/src/Lpspi_Ip_Irq.o
 .ARM.attributes
                0x0000059b       0x34 ./RTD/src/Mcu.o
 .ARM.attributes
                0x000005cf       0x39 ./RTD/src/Mcu_Dem_Wrapper.o
 .ARM.attributes
                0x00000608       0x34 ./RTD/src/Mcu_Ipw.o
 .ARM.attributes
                0x0000063c       0x39 ./RTD/src/OsIf_Interrupts.o
 .ARM.attributes
                0x00000675       0x34 ./RTD/src/OsIf_Timer.o
 .ARM.attributes
                0x000006a9       0x39 ./RTD/src/OsIf_Timer_System.o
 .ARM.attributes
                0x000006e2       0x34 ./RTD/src/OsIf_Timer_System_Internal_Systick.o
 .ARM.attributes
                0x00000716       0x34 ./RTD/src/Power_Ip.o
 .ARM.attributes
                0x0000074a       0x39 ./RTD/src/Power_Ip_AEC.o
 .ARM.attributes
                0x00000783       0x34 ./RTD/src/Power_Ip_CortexM7.o
 .ARM.attributes
                0x000007b7       0x34 ./RTD/src/Power_Ip_DCM_GPR.o
 .ARM.attributes
                0x000007eb       0x34 ./RTD/src/Power_Ip_FLASH.o
 .ARM.attributes
                0x0000081f       0x34 ./RTD/src/Power_Ip_MC_ME.o
 .ARM.attributes
                0x00000853       0x34 ./RTD/src/Power_Ip_MC_RGM.o
 .ARM.attributes
                0x00000887       0x39 ./RTD/src/Power_Ip_MC_RGM_Irq.o
 .ARM.attributes
                0x000008c0       0x34 ./RTD/src/Power_Ip_PMC.o
 .ARM.attributes
                0x000008f4       0x39 ./RTD/src/Power_Ip_PMC_Irq.o
 .ARM.attributes
                0x0000092d       0x34 ./RTD/src/Power_Ip_Private.o
 .ARM.attributes
                0x00000961       0x34 ./RTD/src/Ram_Ip.o
 .ARM.attributes
                0x00000995       0x34 ./RTD/src/SchM_Mcu.o
 .ARM.attributes
                0x000009c9       0x34 ./RTD/src/SchM_Port.o
 .ARM.attributes
                0x000009fd       0x34 ./RTD/src/SchM_Spi.o
 .ARM.attributes
                0x00000a31       0x34 ./RTD/src/Siul2_Port_Ip.o
 .ARM.attributes
                0x00000a65       0x34 ./RTD/src/Spi.o
 .ARM.attributes
                0x00000a99       0x34 ./RTD/src/Spi_Ipw.o
 .ARM.attributes
                0x00000acd       0x34 ./RTD/src/Tspc_Port_Ip.o
 .ARM.attributes
                0x00000b01       0x39 ./board/Siul2_Port_Ip_Cfg.o
 .ARM.attributes
                0x00000b3a       0x39 ./board/Tspc_Port_Ip_Cfg.o
 .ARM.attributes
                0x00000b73       0x39 ./generate/src/Clock_Ip_BOARD_InitPeripherals_PBcfg.o
 .ARM.attributes
                0x00000bac       0x39 ./generate/src/Clock_Ip_Cfg.o
 .ARM.attributes
                0x00000be5       0x39 ./generate/src/Flexio_Spi_Ip_BOARD_InitPeripherals_PBcfg.o
 .ARM.attributes
                0x00000c1e       0x39 ./generate/src/Igf_Port_Ip_Cfg.o
 .ARM.attributes
                0x00000c57       0x39 ./generate/src/Lpspi_Ip_BOARD_InitPeripherals_PBcfg.o
 .ARM.attributes
                0x00000c90       0x39 ./generate/src/Mcu_BOARD_InitPeripherals_PBcfg.o
 .ARM.attributes
                0x00000cc9       0x39 ./generate/src/Mcu_Cfg.o
 .ARM.attributes
                0x00000d02       0x39 ./generate/src/OsIf_Cfg.o
 .ARM.attributes
                0x00000d3b       0x39 ./generate/src/Power_Ip_BOARD_InitPeripherals_PBcfg.o
 .ARM.attributes
                0x00000d74       0x39 ./generate/src/Power_Ip_Cfg.o
 .ARM.attributes
                0x00000dad       0x39 ./generate/src/Ram_Ip_BOARD_InitPeripherals_PBcfg.o
 .ARM.attributes
                0x00000de6       0x39 ./generate/src/Ram_Ip_Cfg.o
 .ARM.attributes
                0x00000e1f       0x39 ./generate/src/Spi_BOARD_InitPeripherals_PBcfg.o
 .ARM.attributes
                0x00000e58       0x39 ./generate/src/Spi_Ipw_BOARD_InitPeripherals_PBcfg.o
 .ARM.attributes
                0x00000e91       0x34 ./src/main.o
 .ARM.attributes
                0x00000ec5       0x34 c:/nxp/s32ds.3.5/s32ds/build_tools/gcc_v10.2/gcc-10.2-arm32-eabi/bin/../lib/gcc/arm-none-eabi/10.2.0/../../../../arm-none-eabi/lib/thumb/v7e-m+fp/hard\libc_nano.a(lib_a-memmove.o)
 .ARM.attributes
                0x00000ef9       0x34 c:/nxp/s32ds.3.5/s32ds/build_tools/gcc_v10.2/gcc-10.2-arm32-eabi/bin/../lib/gcc/arm-none-eabi/10.2.0/../../../../arm-none-eabi/lib/thumb/v7e-m+fp/hard\libc_nano.a(lib_a-memset.o)

.comment        0x00000000       0x88
 .comment       0x00000000       0x88 ./Project_Settings/Startup_Code/exceptions.o
                                 0x89 (size before relaxing)
 .comment       0x00000088       0x89 ./Project_Settings/Startup_Code/nvic.o
 .comment       0x00000088       0x89 ./Project_Settings/Startup_Code/startup.o
 .comment       0x00000088       0x89 ./Project_Settings/Startup_Code/system.o
 .comment       0x00000088       0x89 ./RTD/src/Clock_Ip.o
 .comment       0x00000088       0x89 ./RTD/src/Clock_Ip_Data.o
 .comment       0x00000088       0x89 ./RTD/src/Clock_Ip_Divider.o
 .comment       0x00000088       0x89 ./RTD/src/Clock_Ip_DividerTrigger.o
 .comment       0x00000088       0x89 ./RTD/src/Clock_Ip_ExtOsc.o
 .comment       0x00000088       0x89 ./RTD/src/Clock_Ip_FracDiv.o
 .comment       0x00000088       0x89 ./RTD/src/Clock_Ip_Frequency.o
 .comment       0x00000088       0x89 ./RTD/src/Clock_Ip_Gate.o
 .comment       0x00000088       0x89 ./RTD/src/Clock_Ip_IntOsc.o
 .comment       0x00000088       0x89 ./RTD/src/Clock_Ip_Irq.o
 .comment       0x00000088       0x89 ./RTD/src/Clock_Ip_Monitor.o
 .comment       0x00000088       0x89 ./RTD/src/Clock_Ip_Pll.o
 .comment       0x00000088       0x89 ./RTD/src/Clock_Ip_ProgFreqSwitch.o
 .comment       0x00000088       0x89 ./RTD/src/Clock_Ip_Selector.o
 .comment       0x00000088       0x89 ./RTD/src/Clock_Ip_Specific.o
 .comment       0x00000088       0x89 ./RTD/src/Det.o
 .comment       0x00000088       0x89 ./RTD/src/Det_stub.o
 .comment       0x00000088       0x89 ./RTD/src/Flexio_Spi_Ip.o
 .comment       0x00000088       0x89 ./RTD/src/Flexio_Spi_Ip_Irq.o
 .comment       0x00000088       0x89 ./RTD/src/Igf_Port_Ip.o
 .comment       0x00000088       0x89 ./RTD/src/Lpspi_Ip.o
 .comment       0x00000088       0x89 ./RTD/src/Lpspi_Ip_Irq.o
 .comment       0x00000088       0x89 ./RTD/src/Mcu.o
 .comment       0x00000088       0x89 ./RTD/src/Mcu_Dem_Wrapper.o
 .comment       0x00000088       0x89 ./RTD/src/Mcu_Ipw.o
 .comment       0x00000088       0x89 ./RTD/src/OsIf_Interrupts.o
 .comment       0x00000088       0x89 ./RTD/src/OsIf_Timer.o
 .comment       0x00000088       0x89 ./RTD/src/OsIf_Timer_System.o
 .comment       0x00000088       0x89 ./RTD/src/OsIf_Timer_System_Internal_Systick.o
 .comment       0x00000088       0x89 ./RTD/src/Power_Ip.o
 .comment       0x00000088       0x89 ./RTD/src/Power_Ip_AEC.o
 .comment       0x00000088       0x89 ./RTD/src/Power_Ip_CortexM7.o
 .comment       0x00000088       0x89 ./RTD/src/Power_Ip_DCM_GPR.o
 .comment       0x00000088       0x89 ./RTD/src/Power_Ip_FLASH.o
 .comment       0x00000088       0x89 ./RTD/src/Power_Ip_MC_ME.o
 .comment       0x00000088       0x89 ./RTD/src/Power_Ip_MC_RGM.o
 .comment       0x00000088       0x89 ./RTD/src/Power_Ip_MC_RGM_Irq.o
 .comment       0x00000088       0x89 ./RTD/src/Power_Ip_PMC.o
 .comment       0x00000088       0x89 ./RTD/src/Power_Ip_PMC_Irq.o
 .comment       0x00000088       0x89 ./RTD/src/Power_Ip_Private.o
 .comment       0x00000088       0x89 ./RTD/src/Ram_Ip.o
 .comment       0x00000088       0x89 ./RTD/src/SchM_Mcu.o
 .comment       0x00000088       0x89 ./RTD/src/SchM_Port.o
 .comment       0x00000088       0x89 ./RTD/src/SchM_Spi.o
 .comment       0x00000088       0x89 ./RTD/src/Siul2_Port_Ip.o
 .comment       0x00000088       0x89 ./RTD/src/Spi.o
 .comment       0x00000088       0x89 ./RTD/src/Spi_Ipw.o
 .comment       0x00000088       0x89 ./RTD/src/Tspc_Port_Ip.o
 .comment       0x00000088       0x89 ./board/Siul2_Port_Ip_Cfg.o
 .comment       0x00000088       0x89 ./board/Tspc_Port_Ip_Cfg.o
 .comment       0x00000088       0x89 ./generate/src/Clock_Ip_BOARD_InitPeripherals_PBcfg.o
 .comment       0x00000088       0x89 ./generate/src/Clock_Ip_Cfg.o
 .comment       0x00000088       0x89 ./generate/src/Flexio_Spi_Ip_BOARD_InitPeripherals_PBcfg.o
 .comment       0x00000088       0x89 ./generate/src/Igf_Port_Ip_Cfg.o
 .comment       0x00000088       0x89 ./generate/src/Lpspi_Ip_BOARD_InitPeripherals_PBcfg.o
 .comment       0x00000088       0x89 ./generate/src/Mcu_BOARD_InitPeripherals_PBcfg.o
 .comment       0x00000088       0x89 ./generate/src/Mcu_Cfg.o
 .comment       0x00000088       0x89 ./generate/src/OsIf_Cfg.o
 .comment       0x00000088       0x89 ./generate/src/Power_Ip_BOARD_InitPeripherals_PBcfg.o
 .comment       0x00000088       0x89 ./generate/src/Power_Ip_Cfg.o
 .comment       0x00000088       0x89 ./generate/src/Ram_Ip_BOARD_InitPeripherals_PBcfg.o
 .comment       0x00000088       0x89 ./generate/src/Ram_Ip_Cfg.o
 .comment       0x00000088       0x89 ./generate/src/Spi_BOARD_InitPeripherals_PBcfg.o
 .comment       0x00000088       0x89 ./generate/src/Spi_Ipw_BOARD_InitPeripherals_PBcfg.o
 .comment       0x00000088       0x89 ./src/main.o
 .comment       0x00000088       0x89 c:/nxp/s32ds.3.5/s32ds/build_tools/gcc_v10.2/gcc-10.2-arm32-eabi/bin/../lib/gcc/arm-none-eabi/10.2.0/../../../../arm-none-eabi/lib/thumb/v7e-m+fp/hard\libc_nano.a(lib_a-memmove.o)
 .comment       0x00000088       0x89 c:/nxp/s32ds.3.5/s32ds/build_tools/gcc_v10.2/gcc-10.2-arm32-eabi/bin/../lib/gcc/arm-none-eabi/10.2.0/../../../../arm-none-eabi/lib/thumb/v7e-m+fp/hard\libc_nano.a(lib_a-memset.o)

.debug_info     0x00000000    0x249db
 .debug_info    0x00000000      0x139 ./Project_Settings/Startup_Code/exceptions.o
 .debug_info    0x00000139      0x76a ./Project_Settings/Startup_Code/nvic.o
 .debug_info    0x000008a3      0x36f ./Project_Settings/Startup_Code/startup.o
 .debug_info    0x00000c12       0x22 ./Project_Settings/Startup_Code/startup_cm7.o
 .debug_info    0x00000c34      0xc18 ./Project_Settings/Startup_Code/system.o
 .debug_info    0x0000184c     0x1f4e ./RTD/src/Clock_Ip.o
 .debug_info    0x0000379a     0x1634 ./RTD/src/Clock_Ip_Data.o
 .debug_info    0x00004dce      0x9ca ./RTD/src/Clock_Ip_Divider.o
 .debug_info    0x00005798      0x7a8 ./RTD/src/Clock_Ip_DividerTrigger.o
 .debug_info    0x00005f40      0xa57 ./RTD/src/Clock_Ip_ExtOsc.o
 .debug_info    0x00006997      0x56b ./RTD/src/Clock_Ip_FracDiv.o
 .debug_info    0x00006f02      0x3d9 ./RTD/src/Clock_Ip_Frequency.o
 .debug_info    0x000072db      0x98c ./RTD/src/Clock_Ip_Gate.o
 .debug_info    0x00007c67      0xd0d ./RTD/src/Clock_Ip_IntOsc.o
 .debug_info    0x00008974       0xb2 ./RTD/src/Clock_Ip_Irq.o
 .debug_info    0x00008a26     0x1333 ./RTD/src/Clock_Ip_Monitor.o
 .debug_info    0x00009d59      0xa77 ./RTD/src/Clock_Ip_Pll.o
 .debug_info    0x0000a7d0      0xf48 ./RTD/src/Clock_Ip_ProgFreqSwitch.o
 .debug_info    0x0000b718      0xfef ./RTD/src/Clock_Ip_Selector.o
 .debug_info    0x0000c707     0x188e ./RTD/src/Clock_Ip_Specific.o
 .debug_info    0x0000df95      0x420 ./RTD/src/Det.o
 .debug_info    0x0000e3b5      0x471 ./RTD/src/Det_stub.o
 .debug_info    0x0000e826       0x7d ./RTD/src/Flexio_Spi_Ip.o
 .debug_info    0x0000e8a3       0x7d ./RTD/src/Flexio_Spi_Ip_Irq.o
 .debug_info    0x0000e920       0x7d ./RTD/src/Igf_Port_Ip.o
 .debug_info    0x0000e99d     0x13ab ./RTD/src/Lpspi_Ip.o
 .debug_info    0x0000fd48       0xb8 ./RTD/src/Lpspi_Ip_Irq.o
 .debug_info    0x0000fe00     0x154c ./RTD/src/Mcu.o
 .debug_info    0x0001134c       0x7d ./RTD/src/Mcu_Dem_Wrapper.o
 .debug_info    0x000113c9     0x1445 ./RTD/src/Mcu_Ipw.o
 .debug_info    0x0001280e       0x7d ./RTD/src/OsIf_Interrupts.o
 .debug_info    0x0001288b      0x2c7 ./RTD/src/OsIf_Timer.o
 .debug_info    0x00012b52       0x7d ./RTD/src/OsIf_Timer_System.o
 .debug_info    0x00012bcf      0x196 ./RTD/src/OsIf_Timer_System_Internal_Systick.o
 .debug_info    0x00012d65      0x999 ./RTD/src/Power_Ip.o
 .debug_info    0x000136fe       0x7d ./RTD/src/Power_Ip_AEC.o
 .debug_info    0x0001377b      0x56e ./RTD/src/Power_Ip_CortexM7.o
 .debug_info    0x00013ce9      0x508 ./RTD/src/Power_Ip_DCM_GPR.o
 .debug_info    0x000141f1      0x31d ./RTD/src/Power_Ip_FLASH.o
 .debug_info    0x0001450e      0xe3d ./RTD/src/Power_Ip_MC_ME.o
 .debug_info    0x0001534b      0xa82 ./RTD/src/Power_Ip_MC_RGM.o
 .debug_info    0x00015dcd       0x7d ./RTD/src/Power_Ip_MC_RGM_Irq.o
 .debug_info    0x00015e4a      0x351 ./RTD/src/Power_Ip_PMC.o
 .debug_info    0x0001619b       0x7d ./RTD/src/Power_Ip_PMC_Irq.o
 .debug_info    0x00016218      0x323 ./RTD/src/Power_Ip_Private.o
 .debug_info    0x0001653b      0x26c ./RTD/src/Ram_Ip.o
 .debug_info    0x000167a7      0x39b ./RTD/src/SchM_Mcu.o
 .debug_info    0x00016b42     0x17a0 ./RTD/src/SchM_Port.o
 .debug_info    0x000182e2     0x106b ./RTD/src/SchM_Spi.o
 .debug_info    0x0001934d     0x27fb ./RTD/src/Siul2_Port_Ip.o
 .debug_info    0x0001bb48     0x22b1 ./RTD/src/Spi.o
 .debug_info    0x0001ddf9     0x12ce ./RTD/src/Spi_Ipw.o
 .debug_info    0x0001f0c7      0x347 ./RTD/src/Tspc_Port_Ip.o
 .debug_info    0x0001f40e     0x1aef ./board/Siul2_Port_Ip_Cfg.o
 .debug_info    0x00020efd       0x7d ./board/Tspc_Port_Ip_Cfg.o
 .debug_info    0x00020f7a      0xd9c ./generate/src/Clock_Ip_BOARD_InitPeripherals_PBcfg.o
 .debug_info    0x00021d16       0x7d ./generate/src/Clock_Ip_Cfg.o
 .debug_info    0x00021d93       0x7d ./generate/src/Flexio_Spi_Ip_BOARD_InitPeripherals_PBcfg.o
 .debug_info    0x00021e10       0x7d ./generate/src/Igf_Port_Ip_Cfg.o
 .debug_info    0x00021e8d      0x262 ./generate/src/Lpspi_Ip_BOARD_InitPeripherals_PBcfg.o
 .debug_info    0x000220ef     0x10e1 ./generate/src/Mcu_BOARD_InitPeripherals_PBcfg.o
 .debug_info    0x000231d0       0x7d ./generate/src/Mcu_Cfg.o
 .debug_info    0x0002324d       0x7d ./generate/src/OsIf_Cfg.o
 .debug_info    0x000232ca      0x5ba ./generate/src/Power_Ip_BOARD_InitPeripherals_PBcfg.o
 .debug_info    0x00023884       0x7d ./generate/src/Power_Ip_Cfg.o
 .debug_info    0x00023901       0x7d ./generate/src/Ram_Ip_BOARD_InitPeripherals_PBcfg.o
 .debug_info    0x0002397e       0x7d ./generate/src/Ram_Ip_Cfg.o
 .debug_info    0x000239fb      0xaea ./generate/src/Spi_BOARD_InitPeripherals_PBcfg.o
 .debug_info    0x000244e5      0x420 ./generate/src/Spi_Ipw_BOARD_InitPeripherals_PBcfg.o
 .debug_info    0x00024905       0xd6 ./src/main.o

.debug_abbrev   0x00000000     0x57a7
 .debug_abbrev  0x00000000       0x47 ./Project_Settings/Startup_Code/exceptions.o
 .debug_abbrev  0x00000047      0x102 ./Project_Settings/Startup_Code/nvic.o
 .debug_abbrev  0x00000149      0x119 ./Project_Settings/Startup_Code/startup.o
 .debug_abbrev  0x00000262       0x12 ./Project_Settings/Startup_Code/startup_cm7.o
 .debug_abbrev  0x00000274      0x229 ./Project_Settings/Startup_Code/system.o
 .debug_abbrev  0x0000049d      0x39d ./RTD/src/Clock_Ip.o
 .debug_abbrev  0x0000083a      0x14c ./RTD/src/Clock_Ip_Data.o
 .debug_abbrev  0x00000986      0x21e ./RTD/src/Clock_Ip_Divider.o
 .debug_abbrev  0x00000ba4      0x1b0 ./RTD/src/Clock_Ip_DividerTrigger.o
 .debug_abbrev  0x00000d54      0x283 ./RTD/src/Clock_Ip_ExtOsc.o
 .debug_abbrev  0x00000fd7      0x163 ./RTD/src/Clock_Ip_FracDiv.o
 .debug_abbrev  0x0000113a       0x92 ./RTD/src/Clock_Ip_Frequency.o
 .debug_abbrev  0x000011cc      0x1ac ./RTD/src/Clock_Ip_Gate.o
 .debug_abbrev  0x00001378      0x25d ./RTD/src/Clock_Ip_IntOsc.o
 .debug_abbrev  0x000015d5       0x6a ./RTD/src/Clock_Ip_Irq.o
 .debug_abbrev  0x0000163f      0x27d ./RTD/src/Clock_Ip_Monitor.o
 .debug_abbrev  0x000018bc      0x231 ./RTD/src/Clock_Ip_Pll.o
 .debug_abbrev  0x00001aed      0x1aa ./RTD/src/Clock_Ip_ProgFreqSwitch.o
 .debug_abbrev  0x00001c97      0x2f8 ./RTD/src/Clock_Ip_Selector.o
 .debug_abbrev  0x00001f8f      0x31b ./RTD/src/Clock_Ip_Specific.o
 .debug_abbrev  0x000022aa      0x14e ./RTD/src/Det.o
 .debug_abbrev  0x000023f8       0xc5 ./RTD/src/Det_stub.o
 .debug_abbrev  0x000024bd       0x29 ./RTD/src/Flexio_Spi_Ip.o
 .debug_abbrev  0x000024e6       0x29 ./RTD/src/Flexio_Spi_Ip_Irq.o
 .debug_abbrev  0x0000250f       0x29 ./RTD/src/Igf_Port_Ip.o
 .debug_abbrev  0x00002538      0x2ea ./RTD/src/Lpspi_Ip.o
 .debug_abbrev  0x00002822       0x76 ./RTD/src/Lpspi_Ip_Irq.o
 .debug_abbrev  0x00002898      0x1cb ./RTD/src/Mcu.o
 .debug_abbrev  0x00002a63       0x29 ./RTD/src/Mcu_Dem_Wrapper.o
 .debug_abbrev  0x00002a8c      0x1a2 ./RTD/src/Mcu_Ipw.o
 .debug_abbrev  0x00002c2e       0x29 ./RTD/src/OsIf_Interrupts.o
 .debug_abbrev  0x00002c57      0x1a7 ./RTD/src/OsIf_Timer.o
 .debug_abbrev  0x00002dfe       0x29 ./RTD/src/OsIf_Timer_System.o
 .debug_abbrev  0x00002e27      0x125 ./RTD/src/OsIf_Timer_System_Internal_Systick.o
 .debug_abbrev  0x00002f4c      0x259 ./RTD/src/Power_Ip.o
 .debug_abbrev  0x000031a5       0x29 ./RTD/src/Power_Ip_AEC.o
 .debug_abbrev  0x000031ce       0xc1 ./RTD/src/Power_Ip_CortexM7.o
 .debug_abbrev  0x0000328f      0x11d ./RTD/src/Power_Ip_DCM_GPR.o
 .debug_abbrev  0x000033ac       0xce ./RTD/src/Power_Ip_FLASH.o
 .debug_abbrev  0x0000347a      0x2ef ./RTD/src/Power_Ip_MC_ME.o
 .debug_abbrev  0x00003769      0x2a4 ./RTD/src/Power_Ip_MC_RGM.o
 .debug_abbrev  0x00003a0d       0x29 ./RTD/src/Power_Ip_MC_RGM_Irq.o
 .debug_abbrev  0x00003a36      0x16b ./RTD/src/Power_Ip_PMC.o
 .debug_abbrev  0x00003ba1       0x29 ./RTD/src/Power_Ip_PMC_Irq.o
 .debug_abbrev  0x00003bca      0x15c ./RTD/src/Power_Ip_Private.o
 .debug_abbrev  0x00003d26       0xe0 ./RTD/src/Ram_Ip.o
 .debug_abbrev  0x00003e06      0x124 ./RTD/src/SchM_Mcu.o
 .debug_abbrev  0x00003f2a      0x124 ./RTD/src/SchM_Port.o
 .debug_abbrev  0x0000404e      0x124 ./RTD/src/SchM_Spi.o
 .debug_abbrev  0x00004172      0x385 ./RTD/src/Siul2_Port_Ip.o
 .debug_abbrev  0x000044f7      0x3fe ./RTD/src/Spi.o
 .debug_abbrev  0x000048f5      0x376 ./RTD/src/Spi_Ipw.o
 .debug_abbrev  0x00004c6b      0x185 ./RTD/src/Tspc_Port_Ip.o
 .debug_abbrev  0x00004df0      0x146 ./board/Siul2_Port_Ip_Cfg.o
 .debug_abbrev  0x00004f36       0x29 ./board/Tspc_Port_Ip_Cfg.o
 .debug_abbrev  0x00004f5f      0x103 ./generate/src/Clock_Ip_BOARD_InitPeripherals_PBcfg.o
 .debug_abbrev  0x00005062       0x29 ./generate/src/Clock_Ip_Cfg.o
 .debug_abbrev  0x0000508b       0x29 ./generate/src/Flexio_Spi_Ip_BOARD_InitPeripherals_PBcfg.o
 .debug_abbrev  0x000050b4       0x29 ./generate/src/Igf_Port_Ip_Cfg.o
 .debug_abbrev  0x000050dd       0xfa ./generate/src/Lpspi_Ip_BOARD_InitPeripherals_PBcfg.o
 .debug_abbrev  0x000051d7       0xff ./generate/src/Mcu_BOARD_InitPeripherals_PBcfg.o
 .debug_abbrev  0x000052d6       0x29 ./generate/src/Mcu_Cfg.o
 .debug_abbrev  0x000052ff       0x29 ./generate/src/OsIf_Cfg.o
 .debug_abbrev  0x00005328      0x11f ./generate/src/Power_Ip_BOARD_InitPeripherals_PBcfg.o
 .debug_abbrev  0x00005447       0x29 ./generate/src/Power_Ip_Cfg.o
 .debug_abbrev  0x00005470       0x29 ./generate/src/Ram_Ip_BOARD_InitPeripherals_PBcfg.o
 .debug_abbrev  0x00005499       0x29 ./generate/src/Ram_Ip_Cfg.o
 .debug_abbrev  0x000054c2      0x179 ./generate/src/Spi_BOARD_InitPeripherals_PBcfg.o
 .debug_abbrev  0x0000563b       0xfa ./generate/src/Spi_Ipw_BOARD_InitPeripherals_PBcfg.o
 .debug_abbrev  0x00005735       0x72 ./src/main.o

.debug_aranges  0x00000000     0x1148
 .debug_aranges
                0x00000000       0x68 ./Project_Settings/Startup_Code/exceptions.o
 .debug_aranges
                0x00000068       0x38 ./Project_Settings/Startup_Code/nvic.o
 .debug_aranges
                0x000000a0       0x28 ./Project_Settings/Startup_Code/startup.o
 .debug_aranges
                0x000000c8       0x28 ./Project_Settings/Startup_Code/startup_cm7.o
 .debug_aranges
                0x000000f0       0x38 ./Project_Settings/Startup_Code/system.o
 .debug_aranges
                0x00000128       0x98 ./RTD/src/Clock_Ip.o
 .debug_aranges
                0x000001c0       0x18 ./RTD/src/Clock_Ip_Data.o
 .debug_aranges
                0x000001d8       0x38 ./RTD/src/Clock_Ip_Divider.o
 .debug_aranges
                0x00000210       0x30 ./RTD/src/Clock_Ip_DividerTrigger.o
 .debug_aranges
                0x00000240       0x60 ./RTD/src/Clock_Ip_ExtOsc.o
 .debug_aranges
                0x000002a0       0x28 ./RTD/src/Clock_Ip_FracDiv.o
 .debug_aranges
                0x000002c8       0x20 ./RTD/src/Clock_Ip_Frequency.o
 .debug_aranges
                0x000002e8       0x38 ./RTD/src/Clock_Ip_Gate.o
 .debug_aranges
                0x00000320       0x60 ./RTD/src/Clock_Ip_IntOsc.o
 .debug_aranges
                0x00000380       0x20 ./RTD/src/Clock_Ip_Irq.o
 .debug_aranges
                0x000003a0       0x60 ./RTD/src/Clock_Ip_Monitor.o
 .debug_aranges
                0x00000400       0x50 ./RTD/src/Clock_Ip_Pll.o
 .debug_aranges
                0x00000450       0x28 ./RTD/src/Clock_Ip_ProgFreqSwitch.o
 .debug_aranges
                0x00000478       0x58 ./RTD/src/Clock_Ip_Selector.o
 .debug_aranges
                0x000004d0       0x78 ./RTD/src/Clock_Ip_Specific.o
 .debug_aranges
                0x00000548       0x38 ./RTD/src/Det.o
 .debug_aranges
                0x00000580       0x48 ./RTD/src/Det_stub.o
 .debug_aranges
                0x000005c8       0x18 ./RTD/src/Flexio_Spi_Ip.o
 .debug_aranges
                0x000005e0       0x18 ./RTD/src/Flexio_Spi_Ip_Irq.o
 .debug_aranges
                0x000005f8       0x18 ./RTD/src/Igf_Port_Ip.o
 .debug_aranges
                0x00000610       0x90 ./RTD/src/Lpspi_Ip.o
 .debug_aranges
                0x000006a0       0x20 ./RTD/src/Lpspi_Ip_Irq.o
 .debug_aranges
                0x000006c0       0x70 ./RTD/src/Mcu.o
 .debug_aranges
                0x00000730       0x18 ./RTD/src/Mcu_Dem_Wrapper.o
 .debug_aranges
                0x00000748       0x68 ./RTD/src/Mcu_Ipw.o
 .debug_aranges
                0x000007b0       0x18 ./RTD/src/OsIf_Interrupts.o
 .debug_aranges
                0x000007c8       0x40 ./RTD/src/OsIf_Timer.o
 .debug_aranges
                0x00000808       0x18 ./RTD/src/OsIf_Timer_System.o
 .debug_aranges
                0x00000820       0x30 ./RTD/src/OsIf_Timer_System_Internal_Systick.o
 .debug_aranges
                0x00000850       0x60 ./RTD/src/Power_Ip.o
 .debug_aranges
                0x000008b0       0x18 ./RTD/src/Power_Ip_AEC.o
 .debug_aranges
                0x000008c8       0x38 ./RTD/src/Power_Ip_CortexM7.o
 .debug_aranges
                0x00000900       0x28 ./RTD/src/Power_Ip_DCM_GPR.o
 .debug_aranges
                0x00000928       0x20 ./RTD/src/Power_Ip_FLASH.o
 .debug_aranges
                0x00000948       0x60 ./RTD/src/Power_Ip_MC_ME.o
 .debug_aranges
                0x000009a8       0x48 ./RTD/src/Power_Ip_MC_RGM.o
 .debug_aranges
                0x000009f0       0x18 ./RTD/src/Power_Ip_MC_RGM_Irq.o
 .debug_aranges
                0x00000a08       0x28 ./RTD/src/Power_Ip_PMC.o
 .debug_aranges
                0x00000a30       0x18 ./RTD/src/Power_Ip_PMC_Irq.o
 .debug_aranges
                0x00000a48       0x38 ./RTD/src/Power_Ip_Private.o
 .debug_aranges
                0x00000a80       0x20 ./RTD/src/Ram_Ip.o
 .debug_aranges
                0x00000aa0       0x50 ./RTD/src/SchM_Mcu.o
 .debug_aranges
                0x00000af0      0x1e0 ./RTD/src/SchM_Port.o
 .debug_aranges
                0x00000cd0      0x150 ./RTD/src/SchM_Spi.o
 .debug_aranges
                0x00000e20       0x60 ./RTD/src/Siul2_Port_Ip.o
 .debug_aranges
                0x00000e80       0xa8 ./RTD/src/Spi.o
 .debug_aranges
                0x00000f28       0x58 ./RTD/src/Spi_Ipw.o
 .debug_aranges
                0x00000f80       0x28 ./RTD/src/Tspc_Port_Ip.o
 .debug_aranges
                0x00000fa8       0x18 ./board/Siul2_Port_Ip_Cfg.o
 .debug_aranges
                0x00000fc0       0x18 ./board/Tspc_Port_Ip_Cfg.o
 .debug_aranges
                0x00000fd8       0x18 ./generate/src/Clock_Ip_BOARD_InitPeripherals_PBcfg.o
 .debug_aranges
                0x00000ff0       0x18 ./generate/src/Clock_Ip_Cfg.o
 .debug_aranges
                0x00001008       0x18 ./generate/src/Flexio_Spi_Ip_BOARD_InitPeripherals_PBcfg.o
 .debug_aranges
                0x00001020       0x18 ./generate/src/Igf_Port_Ip_Cfg.o
 .debug_aranges
                0x00001038       0x18 ./generate/src/Lpspi_Ip_BOARD_InitPeripherals_PBcfg.o
 .debug_aranges
                0x00001050       0x18 ./generate/src/Mcu_BOARD_InitPeripherals_PBcfg.o
 .debug_aranges
                0x00001068       0x18 ./generate/src/Mcu_Cfg.o
 .debug_aranges
                0x00001080       0x18 ./generate/src/OsIf_Cfg.o
 .debug_aranges
                0x00001098       0x18 ./generate/src/Power_Ip_BOARD_InitPeripherals_PBcfg.o
 .debug_aranges
                0x000010b0       0x18 ./generate/src/Power_Ip_Cfg.o
 .debug_aranges
                0x000010c8       0x18 ./generate/src/Ram_Ip_BOARD_InitPeripherals_PBcfg.o
 .debug_aranges
                0x000010e0       0x18 ./generate/src/Ram_Ip_Cfg.o
 .debug_aranges
                0x000010f8       0x18 ./generate/src/Spi_BOARD_InitPeripherals_PBcfg.o
 .debug_aranges
                0x00001110       0x18 ./generate/src/Spi_Ipw_BOARD_InitPeripherals_PBcfg.o
 .debug_aranges
                0x00001128       0x20 ./src/main.o

.debug_ranges   0x00000000     0x10b8
 .debug_ranges  0x00000000       0x58 ./Project_Settings/Startup_Code/exceptions.o
 .debug_ranges  0x00000058       0x28 ./Project_Settings/Startup_Code/nvic.o
 .debug_ranges  0x00000080       0x18 ./Project_Settings/Startup_Code/startup.o
 .debug_ranges  0x00000098       0x20 ./Project_Settings/Startup_Code/startup_cm7.o
 .debug_ranges  0x000000b8       0x78 ./Project_Settings/Startup_Code/system.o
 .debug_ranges  0x00000130      0x110 ./RTD/src/Clock_Ip.o
 .debug_ranges  0x00000240       0x28 ./RTD/src/Clock_Ip_Divider.o
 .debug_ranges  0x00000268       0x20 ./RTD/src/Clock_Ip_DividerTrigger.o